BBHhxByRRSyhCeJGsqB
BXeuuxRpfF
BmsPrtt
EAyiFQKZyt
EljNQUrClGGZhgpcezM
FWNvCUlFMgFeJbPbq
HO
IHpaUmeqnUNWwlv
IkaNXrCKahouio
LVusqRvvuVwmNqs
LjJ
LyfftWcXg
OU
OjALLwUII
OxOgI
RLcyWXEtbKmtJGewu
RhrLTTgYpxMWfDNSe
SEFYQOzwCkl
UvwdoyxdDGulwQKLYR
VSLqm
VohDjp
XJBwKdWqJHdANVI
YRC
YgYJHZpOXuCdbSq
YunW
bBeWMrcCZHKbpXwu
bIsoSz
bfHJPvJeMVkyba
buebUwPblvlsrfoR
ePjohW
eWyGnWHMEjtk
etMbkSakSWTNs
hHatFxAx
hdpGDtTctJbFXprfw
isDUAomAHwAilmZA
kruZQYkhz
l
lFJmNTLNNFjxCsX
oMAmdqXVC
oTWEjzcSbG
oqlRguEyot
r
rEqj
raFEyVwiIhzhU
u
uo
vZwxG
xRnCebGgqWqpQUdsO
yKQcZSAbRwpuAOuriY
ynBPcWhEDJPRmRMN
