3
1800
4
1797
5
1795
9
1793
11
1792
13
1789
14
1787
15
1785
17
1784
18
1781
21
1778
24
1777
26
1776
30
1775
32
1773
33
1772
35
1771
36
1769
39
1765
40
1763
41
1762
42
1760
43
1759
44
1755
47
1754
50
1752
51
1751
53
1749
55
1748
56
1747
59
1745
61
1741
63
1739
68
1737
70
1736
71
1734
73
1732
74
1731
75
1730
78
1729
79
1727
82
1726
86
1725
87
1723
88
1721
90
1719
92
1717
94
1715
95
1714
98
1713
99
1710
101
1705
102
1704
103
1703
104
1701
105
1699
107
1697
111
1694
113
1693
114
1690
116
1688
119
1685
120
1684
122
1681
124
1680
126
1679
128
1677
133
1675
135
1671
136
1670
137
1669
139
1667
141
1665
142
1664
145
1663
147
1662
148
1660
150
1658
151
1653
153
1651
155
1649
157
1647
159
1645
160
1644
163
1643
164
1642
165
1640
166
1638
168
1636
170
1635
171
1634
173
1633
175
1632
176
1630
178
1629
179
1626
181
1624
183
1622
184
1621
185
1620
187
1619
188
1618
190
1616
192
1614
195
1612
196
1610
199
1608
203
1606
204
1605
205
1604
206
1603
208
1600
210
1599
211
1597
212
1596
214
1595
215
1592
217
1589
218
1586
221
1584
223
1581
224
1579
225
1576
227
1574
228
1572
230
1571
232
1568
233
1566
235
1565
238
1563
239
1561
240
1559
242
1557
243
1554
245
1553
246
1551
247
1549
249
1548
250
1547
251
1544
254
1543
257
1541
258
1540
261
1539
263
1537
264
1535
267
1534
268
1533
271
1530
274
1527
276
1524
277
1523
279
1522
280
1520
281
1516
282
1515
284
1514
287
1510
288
1509
289
1508
290
1506
291
1505
295
1504
297
1502
299
1500
302
1498
306
1497
309
1493
312
1491
314
1490
316
1489
319
1488
321
1485
322
1484
324
1483
327
1482
328
1480
329
1477
330
1476
332
1474
334
1472
338
1471
339
1468
341
1467
343
1466
345
1465
346
1463
347
1462
349
1461
350
1459
352
1458
354
1456
356
1455
357
1454
359
1450
360
1449
363
1447
365
1446
367
1445
368
1444
369
1443
370
1441
372
1438
374
1437
376
1436
377
1435
379
1434
381
1433
383
1432
385
1431
388
1430
389
1429
390
1428
391
1426
392
1424
393
1423
394
1422
396
1421
399
1418
401
1417
402
1416
403
1415
404
1413
406
1409
408
1407
410
1405
412
1403
415
1402
417
1399
420
1397
421
1396
422
1393
424
1391
425
1389
428
1386
430
1384
433
1383
434
1382
437
1381
439
1377
440
1376
441
1374
442
1373
443
1372
445
1371
447
1370
448
1369
452
1367
453
1366
455
1365
456
1364
457
1362
460
1360
463
1358
464
1356
466
1355
467
1353
469
1352
471
1350
474
1348
475
1347
478
1345
480
1342
481
1340
483
1339
486
1337
488
1335
493
1334
494
1332
497
1330
500
1327
501
1326
502
1325
503
1324
504
1322
505
1321
508
1320
509
1318
510
1316
512
1315
513
1313
515
1312
516
1311
518
1310
519
1309
521
1306
522
1302
524
1300
526
1298
530
1294
532
1292
536
1291
537
1289
538
1288
540
1286
541
1284
544
1283
546
1278
547
1276
550
1274
552
1272
554
1270
555
1268
557
1267
559
1264
562
1262
565
1259
566
1257
567
1255
569
1254
572
1252
576
1250
577
1248
578
1247
579
1246
581
1242
583
1240
585
1239
587
1237
589
1236
590
1234
592
1231
594
1230
595
1229
596
1228
598
1226
600
1223
601
1219
603
1218
604
1217
606
1214
607
1213
609
1212
611
1210
614
1209
616
1208
617
1207
620
1205
621
1203
622
1202
624
1199
627
1197
629
1195
630
1194
632
1193
634
1191
636
1190
639
1189
642
1188
644
1185
645
1183
648
1182
651
1180
653
1178
655
1177
657
1175
659
1173
660
1172
661
1171
662
1170
666
1169
669
1167
671
1166
673
1162
677
1161
680
1160
682
1159
685
1158
686
1157
687
1155
689
1154
692
1152
695
1150
697
1149
701
1148
703
1147
705
1144
706
1142
708
1141
710
1140
713
1138
714
1137
715
1135
716
1133
717
1131
719
1128
720
1125
721
1123
723
1121
725
1120
728
1118
730
1115
732
1113
733
1112
734
1111
735
1110
736
1108
738
1105
739
1104
742
1103
746
1101
749
1099
752
1097
753
1093
756
1091
757
1090
760
1089
761
1085
763
1083
764
1082
767
1081
770
1078
773
1076
774
1075
776
1074
777
1072
778
1071
780
1070
782
1068
784
1067
785
1062
788
1061
790
1059
791
1057
794
1056
796
1054
799
1052
801
1049
803
1047
806
1045
809
1043
811
1042
812
1041
813
1039
815
1038
816
1036
819
1034
821
1033
823
1032
825
1029
827
1028
829
1026
830
1023
831
1022
833
1018
834
1017
837
1016
838
1014
839
1012
842
1011
844
1009
845
1008
846
1006
848
1004
850
1003
851
999
855
996
857
995
858
994
859
993
861
991
863
989
865
988
866
986
868
984
870
983
871
981
874
980
875
978
878
977
879
974
881
972
883
971
886
970
888
969
889
967
890
963
891
962
892
961
893
958
894
956
896
954
897
952
899
949
900
947
901
946
902
944
903
942
904
939
905
937
907
936
908
935
910
933
911
932
912
929
913
927
914
925
915
924
916
923
919
921
1764
665
1585
400
802
741
340
260
1406
1260
800
1711
1668
256
496
862
885
259
918
1200
940
836
602
1005
419
294
828
1582
672
1545
1410
1285
1063
539
849
220
564
568
1400
814
492
1030
209
832
549
1290
1609
106
1295
1738
580
1439
253
462
1451
597
301
1637
305
1558
1695
1672
985
1706
1224
1440
313
1048
1275
1126
97
202
628
650
1562
973
700
348
818
1796
619
1661
766
1361
222
1631
1098
877
25
311
491
364
1779
1301
909
895
1249
67
520
1073
162
1587
229
1238
571
676
1184
293
990
1124
759
1742
517
180
115
699
1753
1253
1494
948
1343
529
1756
487
1398
1550
1338
1676
535
398
613
1650
1086
1232
941
482
772
1716
1132
1577
1077
23
755
1531
1163
241
1235
1743
46
1728
698
1501
110
174
712
694
835
1368
337
132
1303
599
1567
1385
20
943
769
1079
1000
1404
1573
1654
854
436
1419
664
1452
234
407
1064
1050
451
707
787
1617
161
1084
1317
2
867
1607
507
85
252
1206
1058
1786
745
610
495
1314
964
822
1473
1724
1055
1346
684
416
237
1387
96
722
138
975
169
693
255
1256
1686
144
1261
362
479
1678
641
66
1521
167
826
31
216
52
887
1375
1648
647
1151
1401
696
543
808
1087
286
1106
1220
65
1782
528
731
1019
1279
1613
373
1204
454
1495
438
1689
29
1243
1569
1464
226
950
60
152
446
807
1700
525
976
1469
987
638
841
382
89
926
1215
81
1013
283
906
938
1478
959
1186
1673
649
1564
593
670
355
751
1341
12
1627
435
1363
1296
231
1051
1024
1707
1143
38
965
1750
1116
1528
588
1
112
1682
473
1593
292
1336
898
1287
1164
414
182
1378
1722
485
244
675
1015
1304
1145
805
336
1001
570
1094
1002
93
194
1698
450
1683
310
997
847
1470
1065
1427
62
1492
1263
748
1499
876
1442
134
72
646
1357
1625
1328
561
663
1201
1349
922
747
1590
1588
77
575
189
1037
100
409
1601
1798
1511
534
1333
623
658
514
444
315
186
640
631
798
109
64
146
1390
1591
531
882
358
506
1718
1351
1331
266
1512
1448
1265
968
1196
371
318
704
635
411
982
378
265
960
285
771
1221
1766
556
1623
69
1712
1153
1222
191
270
934
591
1794
1460
545
711
1708
957
1277
1761
542
269
1010
1323
605
248
366
1746
45
1080
727
1092
28
1733
810
1783
668
860
884
1709
1044
1744
702
198
551
1457
626
1740
955
584
1129
992
1555
1307
574
484
775
91
278
1598
1652
262
499
19
1114
840
37
779
726
1060
1659
1529
461
296
1179
353
873
1258
1687
1757
740
121
1168
718
326
953
384
76
8
618
432
758
34
643
333
754
273
272
608
928
1799
824
387
1146
1107
1517
1394
856
1192
1269
843
1100
193
1280
1646
380
27
533
1583
553
156
1329
1271
1211
1513
1655
1354
729
1244
1095
300
1319
1136
633
1536
498
724
1344
765
945
1503
817
523
930
966
1227
154
84
511
768
1580
1525
449
1479
477
465
459
1007
7
1702
10
1233
1486
637
931
1174
1538
625
951
158
361
344
558
1735
1273
470
236
1225
1216
1025
476
207
793
298
58
783
1641
6
375
1575
1481
201
1297
1127
490
1411
342
468
691
275
744
304
143
1117
792
864
1119
1507
1156
1035
397
582
1552
789
1412
869
351
83
797
149
786
1053
743
1122
679
1518
998
308
853
1165
820
1594
1031
177
1379
781
615
472
527
1281
652
307
1414
656
427
1020
1181
563
612
1639
1615
125
219
1656
303
1767
426
1027
80
197
654
1088
1570
108
681
1556
1282
737
1790
1388
674
1720
1241
690
423
405
804
573
22
131
489
880
1519
54
1768
1774
1420
667
678
1096
1139
1487
1453
560
317
548
1293
1046
331
1109
325
1532
429
762
1602
16
1657
1299
1628
1674
917
1546
49
123
1758
795
709
1496
1308
118
1198
1266
1780
586
335
431
172
130
323
1187
1408
140
1380
48
1788
1770
1305
57
1130
1176
1526
127
458
1251
200
1395
1425
852
1392
1066
213
1791
1691
1102
1475
872
1696
395
1578
1021
320
1359
688
1560
683
1666
1069
750
979
418
1611
1245
1040
129
413
920
386
117
1692
1542
1134
