3798
7
3794
11
3787
14
3784
21
3781
28
3773
33
3768
35
3763
41
3754
43
3749
49
3745
54
3738
58
3734
62
3726
67
3719
71
3715
78
3708
82
3707
91
3703
98
3699
105
3693
108
3688
110
3683
114
3674
118
3670
125
3668
128
3662
131
3659
136
3656
142
3651
145
3647
152
3644
157
3641
160
3635
163
3631
165
3629
168
3625
173
3619
177
3611
181
3602
182
3595
186
3593
189
3589
195
3584
201
3579
205
3574
213
3569
214
3566
221
3562
224
3557
227
3552
232
3542
236
3537
237
3534
238
3526
243
3518
250
3514
255
3509
260
3505
265
3500
270
3496
275
3493
284
3484
289
3483
297
3478
301
3476
305
3471
311
3469
317
3463
320
3460
326
3457
330
3452
336
3444
340
3441
344
3434
349
3429
356
3422
359
3415
365
3410
371
3408
374
3403
380
3396
388
3390
390
3382
397
3378
401
3374
406
3372
408
3366
410
3361
416
3360
420
3355
423
3350
426
3345
432
3342
436
3339
441
3335
447
3329
450
3326
453
3324
455
3322
460
3319
465
3314
472
3309
476
3303
482
3297
485
3296
494
3292
497
3286
502
3280
506
3274
510
3268
518
3265
526
3259
528
3251
534
3245
542
3241
546
3237
549
3233
551
3227
559
3221
563
3217
571
3213
577
3203
587
3197
593
3191
597
3186
602
3179
606
3177
611
3171
615
3162
617
3159
623
3156
632
3152
635
3146
641
3143
646
3136
651
3132
652
3128
657
3125
664
3118
670
3115
680
3111
686
3104
690
3100
695
3095
701
3089
703
3085
707
3080
713
3076
718
3070
721
3065
729
3058
732
3057
738
3054
743
3050
744
3045
748
3041
751
3038
756
3035
761
3029
769
3022
774
3018
778
3014
782
3010
789
3006
792
2998
795
2994
803
2987
810
2984
816
2980
820
2976
824
2971
826
2968
830
2962
834
2957
836
2951
838
2944
841
2939
843
2933
849
2929
854
2923
858
2920
863
2916
869
2910
872
2906
874
2901
880
2897
887
2893
891
2888
893
2885
900
2882
905
2875
913
2873
919
2869
922
2863
926
2858
929
2849
937
2846
940
2842
946
2839
951
2835
954
2832
957
2825
963
2819
966
2813
970
2810
973
2805
978
2803
980
2798
984
2792
987
2788
991
2785
994
2779
998
2774
1004
2768
1008
2764
1011
2758
1015
2755
1016
2751
1026
2747
1031
2743
1037
2735
1041
2729
1046
2726
1051
2719
1057
2718
1064
2712
1065
2709
1069
2703
1073
2699
1079
2696
1086
2691
1087
2687
1092
2679
1096
2675
1101
2668
1106
2662
1114
2654
1118
2651
1121
2645
1124
2639
1128
2633
1131
2627
1137
2621
1145
2617
1147
2613
1148
2610
1154
2604
1162
2599
1168
2596
1171
2589
1177
2586
1183
2578
1186
2570
1190
2566
1195
2562
1201
2555
1207
2549
1214
2543
1216
2540
1219
2536
1222
2529
1230
2522
1237
2517
1248
2514
1254
2506
1263
2500
1271
2496
1276
2494
1284
2487
1293
2482
1300
2478
1306
2475
1312
2471
1319
2467
1322
2463
1325
2457
1332
2451
1334
2448
1338
2441
1341
2437
1346
2432
1350
2429
1356
2423
1359
2419
1362
2415
1366
2413
1371
2405
1377
2400
1381
2395
1383
2394
1389
2388
1394
2383
1401
2379
1409
2377
1411
2372
1416
2364
1422
2360
1425
2357
1430
2351
1433
2349
1436
2343
1439
2340
1444
2337
1446
2332
1451
2325
1455
2318
1456
2315
1457
2309
1466
2304
1468
2300
1473
2296
1476
2293
1482
2289
1486
2283
1488
2279
1492
2275
1496
2269
1500
2265
1502
2260
1508
2257
1514
2251
1518
2244
1520
2241
1523
2234
1525
2231
1532
2229
1536
2227
1539
2222
1544
2218
1548
2213
1553
2208
1557
2204
1561
2200
1566
2197
1570
2191
1580
2185
1583
2182
1588
2178
1595
2176
1601
2174
1607
2169
1610
2166
1615
2163
1619
2154
1624
2147
1626
2143
1630
2139
1639
2135
1642
2126
1647
2116
1654
2114
1656
2104
1661
2099
1667
2094
1671
2092
1675
2087
1683
2084
1685
2080
1693
2077
1699
2069
1705
2061
1711
2054
1716
2051
1719
2044
1724
2037
1726
2032
1730
2028
1735
2022
1738
2015
1741
2012
1744
2006
1750
2000
1754
1998
1757
1993
1759
1988
1762
1987
1770
1981
1773
1978
1778
1975
1782
1970
1788
1966
1790
1962
1795
1953
1800
1947
1807
1940
1810
1935
1815
1932
1822
1929
1826
1923
1831
1919
1838
1918
1844
1912
1848
1909
1850
1903
1858
1899
1863
1895
1867
1893
1869
1887
1872
1881
2759
2414
1896
1704
1837
2464
3327
2713
3423
669
2483
3755
3090
848
1136
3362
2276
3218
3727
1579
1358
1718
634
3603
1971
2676
2760
728
794
459
2488
1904
2507
3519
977
605
2523
802
355
2148
1698
335
151
77
3739
640
481
815
3346
283
3379
857
464
1127
1382
3657
2501
3030
1913
3147
61
1836
2530
1161
1045
501
2088
631
150
717
452
1229
1318
159
525
2669
334
962
2155
819
3071
2820
1847
3675
2850
3315
3543
833
1582
1410
1794
533
1606
2876
493
2600
1170
282
3445
1871
541
2646
809
329
180
1349
1040
3485
1182
2310
422
27
269
2156
113
2277
3316
1185
2924
2311
3694
435
2149
576
1769
1421
2396
1100
3246
1465
1376
1025
2117
1144
936
630
1270
1200
2934
716
2406
3148
1821
2614
953
2537
2988
1768
1684
1756
3116
586
2183
788
3086
2634
1755
396
3750
2305
3795
1894
296
3105
1806
3242
3764
1247
40
668
2333
3751
3178
1578
2907
596
3031
364
3137
1914
3238
1443
3247
2016
1577
2479
2940
2780
1967
1299
1761
223
3293
1130
3066
1793
387
1781
3106
727
2326
3383
2655
124
1614
545
2118
2100
2192
2401
656
961
2170
3575
2851
264
2489
768
639
2550
2484
777
76
370
1105
3260
2704
3728
2301
532
2590
679
1024
993
678
1091
475
3527
316
2424
1638
3051
524
540
1030
767
1857
354
3756
1513
1029
2647
3204
26
1206
421
2793
2571
3384
847
755
2999
1415
172
107
935
2497
1641
1880
379
117
1600
1036
3340
3325
3310
2193
2952
1117
1653
1068
3709
2070
3328
1113
1035
2119
3596
1262
3486
3710
3453
3214
1623
3019
2261
25
378
2806
604
130
2358
123
66
1905
395
2556
928
1400
2921
1622
2380
3684
3479
899
1085
2312
879
2518
3081
1160
446
176
2995
3294
1023
135
3234
3487
2502
185
945
20
814
2889
2572
601
3430
3544
3343
2290
3642
3472
2029
445
254
2573
1408
2490
2628
1236
444
81
3367
1321
2958
2635
1507
1897
3669
3266
2245
1994
3488
2095
3239
685
1283
2495
1729
1235
1621
3700
650
1246
3317
2001
2219
53
3711
2611
449
629
1056
2656
3192
781
2352
249
700
3375
463
328
832
2252
304
539
2242
2688
1565
3261
3648
886
1999
242
1331
3304
3411
2007
3769
2657
1777
853
90
1982
1594
1862
2579
3528
1787
443
3039
2744
1305
1324
3269
2280
2705
667
1587
2313
2894
3119
3330
156
3489
325
1805
1282
2071
212
694
2799
3626
2677
162
2826
492
1930
3391
24
2198
1538
2996
1120
2281
2449
1820
3336
2720
2402
2452
3129
2714
3545
2052
3270
737
2186
808
726
248
3072
890
3163
3376
1737
1576
2214
2551
3193
1910
2874
677
585
780
1380
1340
3570
104
2319
956
1095
3770
955
2266
2055
862
253
1184
3153
2397
1245
699
1143
2215
2344
523
1758
3409
2821
2877
2246
2235
3287
1099
1234
1393
3590
369
1593
1814
3205
1715
1304
2023
3356
2925
19
3431
60
3620
3101
1776
2730
1253
1481
1552
2096
712
1142
856
2045
1692
538
2945
3077
1480
706
3497
1261
2458
1682
3652
97
2972
3341
2072
517
2814
2297
562
2658
3636
3435
1022
1710
1512
2150
2278
75
2420
2946
600
3442
2476
2580
965
3663
3082
878
2194
263
491
415
2597
871
1681
103
1592
3397
2670
2618
2038
2353
3597
2601
791
3172
3412
1674
2056
2195
1388
2836
2127
3288
599
1387
2640
1723
1714
934
3042
3729
1281
2105
1464
3194
3281
2947
149
3180
1924
1680
3740
1311
1450
1954
2220
3424
2062
2106
595
3436
1955
3096
2563
1646
1652
927
3473
2345
3604
2731
2302
2605
3206
1734
1159
1167
1379
431
3198
2398
1112
3645
2680
1703
2078
148
904
2477
2508
2002
23
442
231
3553
2736
2852
3510
2057
2659
1357
1586
3311
787
1948
3363
829
194
1407
2807
2236
2515
3195
3689
2574
750
295
837
3133
889
2298
1564
235
1963
2864
3594
2935
2046
3032
1003
1989
300
394
3490
2338
3646
1713
200
2752
3515
434
3580
171
1260
2354
1090
3637
3404
944
969
1310
561
3432
2883
2591
1933
2544
1691
2865
877
1275
3576
2619
127
2039
440
2384
1856
188
3107
773
2833
6
3591
964
3331
903
3605
1780
2545
451
3059
2765
1679
846
522
2663
1499
1442
2407
1972
649
220
2575
1855
742
2253
2953
3036
2327
1979
1854
373
2089
393
3298
3730
2381
2373
3498
2270
3252
3757
885
2120
1014
1599
2692
3380
141
219
2107
164
3612
731
912
3501
3563
3571
471
911
807
1158
2524
259
1709
560
2859
288
2063
2748
1835
3347
1034
1345
3097
414
1879
2870
3023
1406
736
584
2101
2519
2531
2157
1317
3398
3416
3020
3144
3248
3055
199
1375
2847
3676
1888
1625
2008
2093
2480
2973
1666
2237
898
2284
2620
3091
386
3043
801
294
3399
3046
1983
3047
2385
1786
575
3015
868
960
2652
2871
274
273
986
2346
592
1176
2090
470
2408
3690
3007
628
1472
2564
2606
3425
1228
2128
1013
1491
1990
348
2262
3658
1956
1244
2587
897
711
1399
2355
1809
574
2622
992
591
983
3494
299
1936
34
3758
968
3235
663
1941
3138
823
490
1531
2911
2775
1957
469
1072
2184
3222
1506
720
57
1010
287
2581
2902
2167
760
1645
1915
3385
1911
662
754
2442
3446
1697
2328
372
1916
3008
772
3357
2151
2827
2681
1958
2430
3491
558
480
70
2303
2641
1104
80
1175
74
2003
2903
2047
1629
405
2238
2592
610
2433
65
645
1420
2582
3720
1878
2144
2737
3207
147
3774
1984
1530
1925
3000
293
2389
3529
2567
918
2201
2498
247
3060
831
3691
3741
2465
950
2509
2058
1370
2386
2615
3606
413
2532
2271
3775
1868
3664
2682
1543
343
3765
1843
2700
3613
1556
1378
2912
818
3520
412
2552
1665
1103
2374
3024
3759
102
2453
2306
430
161
2766
2546
1542
2808
3721
710
193
2329
2840
2048
3368
2081
1233
1084
2024
1906
2108
3154
1733
2443
3275
1517
2121
1560
2989
2196
1708
1189
873
2073
921
1033
1949
140
1098
2959
2890
1995
3369
1188
516
3653
1690
3405
3722
1157
570
939
1834
800
1414
2985
3102
3208
1083
1449
2616
3614
3126
1082
3299
1330
2781
521
2316
3788
2033
799
766
3638
852
1156
2948
3723
644
2205
1213
3228
1259
569
3001
2334
1779
3073
2794
3351
1861
1153
2206
1575
1078
3134
1678
1785
3413
52
1628
1799
1009
1089
1215
2678
2472
489
1007
779
1749
2175
1077
2557
419
3724
2623
684
1689
1471
698
3677
2064
557
1194
1227
3530
2664
1355
2049
158
418
3392
648
786
474
1032
2525
2636
2263
3511
2425
676
2930
2963
3695
1825
1753
3776
3685
392
3771
1907
1329
2109
3120
2583
5
1598
3627
1081
339
2689
1853
1438
917
2228
1640
3789
2122
2526
204
2152
725
2706
3742
3108
705
2444
1748
3521
1199
1485
1141
3671
2960
488
1842
2977
3312
1541
1495
2025
2291
1618
101
2815
1181
583
3686
793
3300
3632
2403
638
2375
2209
155
3731
1529
1980
1119
910
1528
1527
479
1419
1877
3426
126
2468
2390
2978
2232
1269
3480
2177
2223
990
1740
1309
2707
2365
3386
1722
1591
3348
3704
1205
3181
2547
3772
3678
3481
1135
3464
1448
1505
1454
916
2738
3546
3649
1123
3139
3011
3262
262
3219
689
1605
753
139
3130
845
1021
1996
614
448
2926
1535
2745
1784
89
3482
2782
3607
3406
735
468
688
790
3665
3149
622
1830
925
1846
1463
1876
2426
3078
2665
3766
1613
835
2715
2843
2366
1252
3577
1875
2936
2267
385
603
3502
439
2697
590
1337
1435
3209
1361
3443
2786
3417
2129
211
218
2491
3092
3061
454
2085
2568
2409
3585
2629
1292
1291
3760
1116
2538
2130
368
384
2416
2434
2884
1258
1526
51
1180
2053
2391
319
342
2969
363
1354
2749
109
556
724
18
2097
3777
2642
2341
1268
3547
1688
3373
2866
515
1475
3666
3229
2860
548
217
122
2009
1959
3117
3796
333
100
2886
1644
2339
3654
281
933
3305
1055
3112
1490
1574
2359
2074
3157
573
633
1392
2607
1221
116
1585
582
568
318
1298
2898
2285
3067
2750
1968
400
1212
347
3135
3230
3276
1950
3558
3522
2716
2637
2224
2492
2510
487
1405
59
2481
1316
1569
861
1772
3447
1232
438
3121
3199
1166
3002
822
1870
2485
759
2746
2307
1391
840
2503
353
2624
3437
1534
1453
437
42
3531
2404
1044
1094
817
1660
88
509
1747
2216
3282
2314
2553
2171
544
2356
1020
1179
2683
1290
3523
3083
2040
2367
2145
3438
3538
3567
2853
938
3196
467
3306
478
1852
1152
1581
1418
3516
1111
1467
1386
2693
1511
2565
1484
3243
1193
851
1063
1243
3012
2684
2387
1604
1192
2247
2917
798
4
1102
3586
709
1289
758
3650
2347
352
1824
747
179
1551
2769
1931
1088
1126
1365
3318
2954
1559
3512
3705
3093
3062
1522
555
949
876
1257
1274
2427
643
1620
1050
1452
2872
3470
2837
3592
1474
1251
1080
2131
496
1049
2264
1498
2086
17
3716
1134
1845
2034
884
1441
2350
1019
3532
2158
943
2017
1204
1510
73
2172
902
1637
1516
948
3785
1597
514
2789
1353
2822
3535
2941
1140
3271
2320
2899
2638
1328
1242
3210
776
715
203
3215
3
1792
2059
666
3087
1889
771
2098
268
3608
1191
1129
3320
554
1760
2010
1573
3761
2787
3609
1813
2685
1385
2272
99
1155
3160
324
2671
550
860
3098
543
2187
1429
1829
1937
3506
3507
134
967
1687
1732
1942
3746
3200
2867
3639
2399
2834
2854
2435
1067
2179
2421
2855
272
655
693
2548
2140
3474
292
1470
3712
1174
1882
3587
1404
1151
3048
3249
252
2368
875
3155
3263
462
1898
2035
2410
3679
1783
1360
3216
2454
87
2210
609
2159
3717
3554
3201
198
3725
3025
1841
2981
2739
704
216
613
1241
3387
3223
226
16
2335
241
115
1851
338
1659
1524
1398
1636
3439
3202
2964
1655
1173
362
1039
3250
170
2221
3220
2132
896
723
3418
1165
1390
1352
2065
3272
1651
2648
377
1110
1609
310
687
752
2082
1775
2672
3400
3021
765
72
2913
1519
741
3790
192
2753
2811
2727
1093
985
1303
1150
64
621
2382
2942
1374
850
2411
2660
785
2160
1062
2965
1584
191
2516
286
13
3253
3454
3033
3388
3295
972
3068
1568
3433
2018
1555
1413
1550
1048
2982
3680
2239
1702
3718
2732
3344
3643
1149
3572
2369
2361
1991
1169
2804
358
3778
2136
3164
2949
859
976
48
1364
1097
1890
1302
3161
2770
567
2428
3332
210
2990
3283
3313
2199
2694
3610
627
1220
2110
3364
2321
3797
2649
2248
1494
2653
2499
3440
867
2708
1076
2243
209
842
2991
1547
2776
971
3735
3461
39
3548
3564
2030
675
3040
683
1054
222
1791
291
3393
3448
3499
784
513
2336
537
989
2493
3640
2844
647
1973
2066
1280
3458
1115
1650
2
870
1590
3427
1428
2922
309
520
1288
429
1546
3524
1348
1315
2362
187
620
895
1728
806
674
2067
1412
2511
2992
1061
909
3267
2075
1226
230
3349
1198
1701
96
197
3333
1926
2790
1267
121
3079
2392
3559
1819
2904
3743
308
1664
1874
673
3560
1927
915
2816
175
1677
1462
3660
924
1197
2838
1327
1900
2856
866
1369
267
1347
1043
1368
1301
3165
1256
1461
1533
2363
1509
2974
997
2701
1860
2141
3277
3334
3284
3285
2282
2041
3289
3736
2273
661
1255
2376
3655
10
1883
923
2445
399
3187
2702
1891
2569
1540
3615
1884
2042
527
2908
1717
1053
351
775
505
3503
1018
2966
1373
2133
266
3088
2828
3084
682
1635
1818
95
350
2576
3407
1297
2504
3549
1596
1133
3166
2800
2817
508
1417
1515
2818
3016
303
1060
2666
2673
1572
1109
714
2767
500
1336
1964
1771
120
2225
1240
1658
883
144
3555
1943
594
2777
1828
407
805
979
332
1002
637
536
169
167
458
1139
1320
3094
3779
959
2370
240
572
612
2823
3352
1108
2829
1250
341
133
740
1804
1571
3370
3581
1287
2115
323
404
1707
566
920
1663
1803
1917
1006
2937
154
3428
285
3672
749
461
1239
391
1059
3254
1920
9
69
3692
1823
2217
457
1798
2554
3127
2371
764
3044
3074
2690
3628
1670
1440
1743
1643
1976
2533
3158
1296
2466
3173
3026
1731
1071
1767
1001
3621
2686
958
702
1965
1833
531
996
2083
246
1617
1000
1892
1279
2970
280
3167
1012
361
660
1969
3539
2955
1885
692
3255
932
3063
2771
3752
2258
1673
988
3762
2997
2294
1504
1218
589
2986
3536
2830
2909
1727
3256
813
952
2643
626
1308
1203
3598
1545
1052
1323
2469
1273
1686
1766
888
2004
1503
2459
3565
659
367
486
1742
1649
625
3582
975
63
1612
166
3211
3240
2249
3182
2019
3140
2111
1403
2608
908
2895
1774
3701
1997
1460
3389
3150
3113
2931
3401
1397
507
598
1396
1928
2050
279
2717
942
2079
1066
2173
2558
2927
1437
512
3475
2845
1951
3353
1549
3141
1634
3003
1424
763
2975
1812
357
3009
3174
1075
581
2123
2233
2512
2559
1859
56
3459
47
1752
3175
3791
3027
1138
3782
2932
746
1611
3747
3732
383
411
1074
1721
2891
3377
1295
94
1459
315
2778
1278
757
1225
892
3681
3449
1249
2577
3517
1537
3337
46
1802
2728
32
3630
2733
1314
697
2918
3321
2299
3131
258
1840
1934
828
2661
882
642
3687
1839
3682
2584
55
565
174
3109
2207
2919
3264
2541
2259
1751
553
1277
3212
477
1952
382
2137
1765
208
138
3142
1827
1447
1
12
2740
672
2438
1797
654
2011
2539
3183
2602
132
907
2188
1432
178
3290
1038
1028
1431
2268
1042
2593
1339
3616
298
827
15
3465
3338
3455
137
3110
2211
376
31
3466
3573
184
261
257
1363
38
855
739
2967
2772
1367
2841
588
2534
3419
2795
403
3753
865
2754
1669
278
931
1266
2848
2460
3028
1603
2560
2892
1746
1164
3420
2861
3371
1521
696
722
1657
2956
1423
1202
1938
3467
2274
3168
2505
1901
331
3622
1058
1497
1224
2609
3301
2450
1992
398
1627
691
277
2710
2422
839
3273
995
3184
734
3257
2202
245
2756
3176
1217
3231
3468
2527
1696
3075
1554
2439
466
86
146
2026
1178
314
1725
1558
456
495
2322
2020
1921
3561
2721
2189
85
499
1196
825
2180
3477
239
244
1801
2254
3037
797
50
1286
484
894
2436
2773
2446
3633
483
3307
2761
1563
112
3713
1908
2896
2878
3583
2979
1487
2612
2722
3052
2585
3550
79
307
1005
2417
3224
1479
2801
2625
3667
1866
2674
812
3122
1944
864
2142
2473
3225
37
2474
511
1811
3450
3540
1445
30
3053
1132
608
844
1211
2486
68
234
580
2164
302
530
3145
1589
3358
3278
2757
313
2938
3354
402
202
2292
821
2190
1939
2348
2455
3123
473
3185
2161
3124
327
3103
1326
233
2317
1017
119
2630
3568
982
2031
3578
389
1960
1648
428
2879
881
2138
941
1662
93
1402
3381
2824
1616
3456
3394
2862
322
8
2286
3308
3588
3767
1210
1945
3504
2831
3737
1849
3599
2431
3780
2914
498
229
1817
1333
1265
3232
3226
770
3600
2783
3064
1372
1307
2905
1608
2440
1695
3748
366
1047
2461
671
1223
207
2734
2723
1070
2323
3258
2447
183
2588
504
2124
2880
1706
3792
1808
1027
3513
2330
1294
3673
2342
1764
2603
3169
3601
375
3744
2812
2667
1633
2542
999
3151
2528
2203
1146
947
3508
1873
708
3706
3291
2857
2153
1865
3661
616
143
2102
1832
2741
681
1107
29
2308
2762
228
1985
2513
106
2644
111
2068
2698
3733
2900
914
1977
3696
730
2412
1335
579
2456
2103
1264
2561
3623
1712
2631
2520
1632
153
1427
1789
1745
3697
3114
2796
256
3617
2763
1313
658
3551
1796
1700
3451
3421
2240
84
665
45
2168
547
321
906
2226
3244
1886
425
1501
2255
2462
1344
276
3099
783
2626
930
624
3783
83
215
1209
2928
719
1478
2060
271
290
1489
1668
3624
3634
2711
3462
2943
3302
1238
312
653
2146
346
2036
1631
745
2076
225
1458
1272
2632
2212
2162
1384
636
3556
2331
2378
3714
552
2134
3525
2027
2324
3279
3541
804
3056
2961
2393
2005
529
619
796
424
1694
1902
1231
1351
564
92
2915
3323
2598
3402
1739
251
2791
618
3170
1208
1125
3793
3034
1163
2535
433
3017
1720
2521
3365
2043
1483
2950
2181
2809
3236
1736
2287
2742
1343
2295
2125
409
2091
2724
1285
2021
2112
44
2165
535
3013
1187
3069
1426
1395
607
1946
345
2887
1864
36
3049
2288
3395
3004
2230
2594
2993
3492
1172
2983
360
2650
503
1676
2250
3618
2725
3188
2695
1342
1493
3702
2881
1986
2797
2868
519
190
1469
811
2470
427
417
1672
2013
3359
22
762
3495
3533
3786
2256
1816
306
2014
2802
1477
3005
381
2595
1763
2113
3698
337
2784
1567
1122
974
1602
1961
981
1922
578
733
129
901
1434
206
1562
2418
196
1974
3189
3414
3190
