2
4000
3
3998
6
3996
7
3994
9
3992
10
3989
12
3986
14
3985
15
3984
16
3983
17
3981
19
3980
23
3977
24
3975
25
3974
28
3972
30
3968
31
3966
34
3965
36
3963
39
3962
42
3960
43
3957
48
3953
49
3951
50
3950
52
3949
54
3945
55
3944
59
3942
62
3941
64
3939
67
3938
69
3936
71
3934
74
3931
75
3929
77
3928
78
3927
79
3926
81
3924
86
3923
89
3921
94
3918
95
3916
98
3912
101
3909
109
3907
111
3906
112
3903
115
3902
118
3900
119
3897
121
3896
123
3895
124
3893
126
3890
128
3889
131
3888
133
3886
136
3883
137
3882
138
3880
139
3879
141
3878
143
3875
145
3874
147
3871
149
3869
150
3866
151
3864
152
3861
155
3859
156
3856
159
3853
160
3851
163
3850
164
3849
166
3848
167
3846
169
3844
170
3842
172
3841
176
3840
179
3835
181
3833
183
3831
185
3828
187
3826
191
3824
193
3823
196
3822
199
3820
200
3816
201
3813
202
3811
206
3808
207
3803
208
3800
209
3798
212
3795
213
3791
216
3789
219
3787
220
3785
221
3784
225
3783
228
3782
231
3781
232
3780
234
3776
235
3775
236
3772
238
3770
240
3767
241
3765
242
3764
243
3761
246
3759
247
3758
249
3755
250
3753
252
3747
256
3744
258
3742
259
3739
262
3738
265
3736
266
3733
267
3732
269
3731
270
3727
271
3726
274
3725
276
3724
278
3722
280
3719
282
3717
283
3715
286
3713
288
3711
289
3709
290
3708
292
3705
294
3703
297
3699
298
3698
299
3695
300
3694
302
3692
303
3690
304
3688
305
3687
307
3684
308
3683
309
3680
311
3679
315
3675
317
3674
318
3671
319
3670
321
3668
323
3667
325
3663
330
3662
331
3659
332
3657
333
3655
337
3652
338
3649
340
3648
341
3646
342
3643
344
3642
345
3640
348
3639
350
3638
352
3637
355
3635
356
3633
357
3632
358
3628
360
3627
364
3626
365
3625
366
3622
370
3621
371
3620
373
3619
374
3618
378
3617
379
3616
382
3615
383
3612
384
3611
386
3609
388
3607
391
3603
394
3601
395
3600
397
3599
398
3597
401
3595
405
3594
407
3593
409
3589
410
3588
412
3587
413
3585
414
3582
417
3581
418
3579
420
3576
422
3573
424
3572
426
3571
427
3566
429
3565
431
3564
433
3562
435
3560
437
3559
438
3556
439
3553
442
3549
445
3546
448
3544
450
3542
451
3541
453
3538
456
3537
458
3536
459
3534
461
3533
463
3531
465
3527
466
3524
468
3522
469
3520
470
3517
472
3514
474
3512
476
3509
477
3505
478
3503
479
3502
481
3501
483
3500
484
3498
485
3497
488
3496
489
3495
493
3494
496
3493
499
3491
501
3490
502
3489
504
3487
505
3486
506
3483
507
3478
509
3477
511
3476
513
3474
515
3470
516
3469
517
3468
519
3465
521
3462
523
3461
525
3458
526
3456
529
3453
531
3451
533
3447
537
3446
538
3444
541
3442
542
3440
545
3437
548
3435
550
3434
553
3433
556
3431
557
3429
559
3425
560
3421
561
3419
565
3418
567
3417
568
3415
569
3413
571
3411
573
3408
576
3407
577
3406
578
3403
581
3400
582
3398
584
3397
586
3394
592
3392
596
3389
598
3386
600
3384
602
3382
603
3379
605
3378
606
3375
610
3371
613
3369
617
3367
618
3365
620
3363
625
3361
627
3358
628
3356
630
3355
633
3352
635
3349
638
3345
639
3343
640
3338
641
3335
642
3333
644
3332
645
3330
648
3329
649
3328
651
3326
652
3324
654
3323
658
3320
659
3319
663
3317
664
3314
666
3313
667
3312
670
3311
672
3310
675
3309
676
3307
677
3306
678
3303
679
3299
680
3297
684
3296
687
3292
689
3290
690
3289
693
3288
695
3285
696
3284
699
3283
702
3280
703
3279
706
3277
707
3276
708
3275
709
3272
710
3271
712
3268
713
3267
715
3266
718
3262
720
3259
724
3258
728
3255
730
3254
731
3252
733
3251
734
3250
737
3247
739
3243
740
3242
741
3241
744
3239
746
3236
749
3235
751
3234
752
3231
753
3228
754
3225
755
3223
758
3222
760
3221
764
3218
768
3217
770
3216
771
3214
773
3211
775
3210
777
3209
779
3208
780
3206
782
3205
785
3202
787
3200
788
3197
792
3194
794
3192
796
3190
798
3188
801
3184
803
3183
804
3182
806
3179
808
3177
810
3176
815
3175
818
3172
819
3170
820
3169
823
3168
825
3167
828
3165
834
3164
837
3162
840
3158
842
3154
845
3153
846
3152
847
3148
850
3145
851
3144
853
3141
854
3139
855
3138
856
3135
858
3133
859
3129
861
3125
862
3124
864
3123
866
3121
868
3120
869
3119
872
3118
873
3114
874
3111
876
3109
879
3108
881
3104
883
3101
884
3099
886
3097
887
3096
888
3094
892
3090
893
3088
896
3086
898
3081
899
3080
901
3079
902
3078
906
3075
908
3074
909
3071
910
3067
912
3065
913
3061
914
3058
915
3054
917
3053
920
3050
921
3048
924
3046
926
3044
929
3043
932
3042
935
3040
939
3038
942
3036
945
3033
949
3031
951
3030
952
3027
953
3026
955
3025
959
3022
962
3020
966
3017
967
3015
969
3014
971
3013
972
3012
977
3010
980
3007
983
3005
985
3003
989
3001
990
3000
991
2999
992
2997
996
2994
998
2991
1000
2989
1002
2988
1003
2987
1005
2984
1010
2982
1011
2978
1012
2977
1016
2975
1018
2974
1021
2973
1022
2972
1023
2970
1025
2967
1028
2964
1030
2962
1031
2961
1033
2959
1034
2957
1035
2956
1038
2954
1039
2953
1041
2952
1042
2951
1043
2948
1044
2944
1045
2941
1047
2940
1049
2937
1050
2934
1053
2932
1054
2930
1056
2928
1058
2927
1059
2926
1061
2925
1062
2922
1064
2920
1065
2919
1066
2917
1067
2915
1068
2914
1069
2912
1070
2908
1074
2906
1076
2905
1078
2903
1079
2899
1080
2898
1082
2894
1083
2891
1085
2889
1087
2887
1089
2885
1090
2884
1091
2883
1092
2882
1094
2880
1097
2878
1099
2877
1101
2876
1103
2874
1106
2873
1108
2872
1109
2870
1111
2869
1114
2863
1115
2860
1117
2858
1118
2857
1120
2855
1123
2852
1125
2850
1129
2848
1131
2846
1133
2844
1136
2843
1138
2842
1140
2840
1141
2839
1142
2837
1144
2835
1147
2833
1149
2831
1150
2829
1153
2827
1156
2825
1160
2822
1162
2820
1164
2818
1165
2813
1167
2812
1170
2810
1173
2809
1175
2808
1176
2805
1179
2804
1180
2803
1181
2801
1184
2797
1185
2795
1187
2794
1189
2791
1190
2788
1191
2786
1192
2783
1195
2782
1196
2781
1198
2778
1200
2776
1202
2772
1204
2770
1205
2769
1207
2767
1210
2764
1212
2761
1213
2758
1214
2754
1215
2751
1216
2749
1218
2748
1222
2746
1223
2745
1225
2744
1226
2740
1227
2737
1229
2736
1230
2735
1232
2733
1233
2731
1234
2728
1236
2724
1238
2720
1241
2719
1242
2716
1245
2713
1247
2711
1248
2707
1249
2706
1251
2704
1252
2702
1254
2701
1256
2697
1258
2696
1259
2693
1260
2691
1264
2689
1266
2687
1268
2685
1269
2683
1271
2679
1273
2678
1274
2677
1276
2674
1279
2672
1281
2669
1284
2667
1287
2666
1288
2664
1290
2662
1291
2660
1294
2658
1298
2657
1299
2654
1301
2653
1302
2650
1304
2647
1305
2646
1307
2645
1310
2644
1312
2641
1314
2639
1316
2638
1317
2636
1320
2633
1321
2631
1324
2628
1326
2627
1327
2625
1329
2622
1332
2621
1334
2620
1336
2618
1338
2615
1341
2614
1343
2612
1345
2611
1346
2608
1349
2606
1350
2603
1353
2601
1354
2600
1355
2598
1357
2596
1359
2595
1362
2594
1363
2592
1364
2591
1365
2589
1367
2586
1369
2585
1373
2583
1378
2580
1379
2578
1381
2576
1382
2574
1385
2572
1386
2571
1388
2569
1390
2566
1391
2564
1393
2562
1395
2560
1396
2558
1397
2556
1399
2554
1400
2551
1402
2550
1403
2548
1404
2546
1405
2545
1407
2544
1409
2540
1410
2537
1411
2535
1412
2532
1413
2531
1417
2528
1418
2527
1421
2524
1424
2521
1427
2520
1429
2518
1430
2517
1432
2515
1435
2514
1436
2511
1437
2508
1439
2506
1440
2502
1442
2501
1443
2499
1446
2498
1448
2497
1451
2496
1453
2494
1455
2493
1457
2491
1458
2488
1459
2486
1461
2484
1462
2483
1465
2481
1466
2475
1469
2471
1470
2470
1473
2467
1474
2464
1475
2462
1478
2461
1481
2460
1483
2458
1485
2455
1489
2453
1491
2452
1493
2451
1494
2448
1495
2447
1497
2446
1500
2444
1503
2442
1504
2440
1505
2436
1506
2434
1508
2433
1509
2432
1512
2431
1515
2430
1519
2428
1521
2427
1522
2425
1524
2424
1525
2420
1528
2419
1532
2418
1535
2417
1538
2414
1542
2411
1543
2410
1544
2407
1546
2403
1548
2400
1549
2398
1550
2397
1551
2396
1554
2395
1556
2394
1557
2391
1559
2390
1560
2389
1561
2387
1562
2386
1565
2385
1566
2383
1568
2380
1570
2376
1572
2373
1573
2371
1575
2370
1578
2368
1579
2367
1584
2366
1585
2365
1586
2364
1587
2363
1590
2360
1592
2356
1594
2354
1597
2351
1599
2349
1602
2348
1605
2347
1609
2344
1611
2342
1612
2341
1613
2340
1615
2338
1619
2335
1620
2334
1622
2333
1624
2329
1626
2327
1629
2326
1630
2325
1634
2320
1636
2319
1639
2316
1642
2313
1646
2312
1649
2311
1651
2307
1652
2306
1653
2305
1656
2302
1658
2301
1659
2298
1660
2296
1662
2291
1666
2289
1667
2286
1668
2284
1669
2280
1673
2277
1675
2274
1677
2272
1679
2270
1683
2268
1685
2266
1687
2265
1689
2264
1690
2261
1691
2260
1695
2257
1696
2255
1698
2252
1701
2250
1704
2249
1705
2248
1708
2246
1709
2244
1710
2241
1712
2238
1714
2236
1716
2234
1717
2232
1719
2231
1720
2230
1722
2229
1723
2227
1725
2226
1726
2223
1729
2222
1731
2219
1736
2217
1738
2216
1739
2215
1740
2213
1743
2211
1744
2209
1745
2206
1749
2203
1751
2202
1753
2198
1755
2195
1758
2193
1759
2192
1760
2190
1762
2189
1764
2187
1766
2185
1767
2183
1770
2181
1772
2180
1774
2176
1775
2175
1777
2173
1779
2172
1780
2171
1781
2169
1782
2167
1784
2164
1786
2162
1788
2159
1789
2158
1790
2157
1795
2155
1796
2153
1797
2151
1799
2149
1800
2147
1802
2145
1805
2144
1807
2141
1809
2140
1813
2139
1814
2138
1816
2135
1817
2132
1818
2130
1819
2129
1821
2127
1825
2124
1827
2121
1828
2118
1830
2117
1832
2115
1834
2114
1835
2112
1838
2111
1839
2109
1842
2107
1844
2104
1845
2102
1846
2101
1847
2099
1849
2098
1850
2096
1852
2093
1853
2090
1855
2088
1858
2087
1860
2084
1863
2081
1864
2079
1867
2077
1869
2076
1872
2074
1873
2073
1875
2071
1876
2069
1878
2068
1879
2066
1882
2063
1884
2062
1887
2057
1889
2054
1890
2050
1891
2048
1892
2047
1895
2044
1899
2043
1903
2042
1905
2037
1906
2035
1907
2033
1909
2029
1910
2028
1912
2027
1914
2025
1915
2024
1918
2023
1919
2020
1921
2018
1924
2016
1927
2012
1929
2011
1932
2010
1933
2008
1935
2005
1937
2004
1940
2001
1942
1998
1943
1996
1945
1995
1946
1992
1948
1990
1951
1986
1953
1983
1954
1980
1958
1978
1959
1977
1963
1975
1965
1972
1966
1970
1967
1969
1735
3583
1139
530
205
948
3693
3115
1608
3786
2933
1119
2509
1073
3281
3087
1934
3380
580
923
1297
1614
261
3543
460
793
400
3126
1518
3448
2119
3034
1240
2792
2522
2377
3700
3567
3155
1545
1203
1798
3237
3550
2072
976
2361
3180
3353
5
3315
1991
1923
1894
3510
88
1032
1447
1377
175
2670
2476
329
2875
1289
2590
432
2317
3799
1686
3166
2374
3706
683
3263
3385
1641
198
2879
1272
148
849
1319
871
995
3325
1124
1460
3590
3422
3454
1778
2224
3506
1952
1174
2378
1335
447
2085
763
3610
2680
1333
3922
3286
2034
3253
3062
2549
3082
2828
38
3229
3149
3401
564
2752
1015
3561
2931
701
802
3650
769
3932
3568
2538
363
293
3423
629
549
110
814
900
3935
885
540
2058
2725
2421
784
954
4
988
3350
3304
2619
2055
3973
2168
1737
2184
2105
3867
2021
1694
2030
2856
2064
224
3063
3664
738
2336
3318
2990
257
3954
536
1765
2503
3346
441
1826
239
2122
3563
2561
878
1309
2721
2567
33
1776
1376
3102
2968
860
351
2602
3653
1492
809
3089
3018
1511
3545
987
3748
2343
791
1757
2210
285
2547
3872
3773
1048
1441
1130
2629
938
3146
3845
3445
2133
70
1001
178
2563
3347
1135
555
2078
1077
2668
535
2165
3095
122
682
880
1488
3961
3958
657
1621
264
813
3723
165
3836
2287
251
3908
1155
2529
336
3438
1113
2985
3521
1633
3623
2655
3354
47
2456
2983
2587
1072
1769
3691
158
1331
61
2082
2152
3395
1583
3387
1589
3577
3857
717
390
634
157
1672
3955
1040
2712
3198
1143
3381
3913
2136
3368
3219
1283
1997
1632
2784
2355
3203
2125
2292
29
2443
2830
1944
406
2945
2429
11
3796
2239
3463
767
1464
827
1794
3127
1645
1756
223
591
284
1454
3964
2923
3300
3173
2449
3887
2437
3256
1239
3827
2492
2814
817
732
3914
3420
1472
774
473
3083
3728
3150
3479
2281
108
446
3937
2123
2330
757
3215
3891
979
1426
2019
2616
3969
2465
3608
8
2773
1209
2541
882
1387
3946
1655
3006
369
1911
3528
1348
1886
612
130
3569
595
190
2445
3660
669
1984
3142
919
1257
3244
2031
18
508
3066
2262
273
2570
2038
3298
2454
3257
2083
1859
1604
3189
1128
833
3591
1957
2998
875
986
999
3301
3390
978
937
2345
2362
891
1898
958
500
1700
1684
2946
2339
2734
2384
965
1520
2992
1812
3881
3426
1375
3412
1471
1527
2186
3513
1623
51
2632
3809
2921
117
3515
2352
3475
1154
1063
1950
3629
3745
1487
566
2308
984
2278
2542
3091
1603
1224
3804
3499
1699
1939
22
455
423
1392
2895
1715
3248
2671
2779
964
3055
931
1263
575
3334
547
85
1993
1804
928
3707
961
2059
1936
2404
2909
1265
2401
1713
343
2765
2372
120
1372
3273
3884
705
2013
3746
2485
180
2273
1897
1648
2774
114
3792
3240
934
324
656
3084
3264
3032
3156
215
2188
3339
189
1024
2851
142
1116
3362
3185
2331
1926
2297
3287
3854
2256
3672
503
3122
1742
1361
694
2282
287
619
404
2864
2821
1246
2971
27
2762
2904
2504
3592
698
736
1496
2552
3873
2369
3995
1601
2207
1537
1161
2717
480
2466
37
335
3904
475
2802
1854
2160
3834
3919
1122
2888
3665
2819
2258
3274
3402
66
3777
1793
389
3035
452
1555
2477
877
1665
3023
3852
2094
140
3452
1296
601
393
1163
3676
2834
2890
2659
3768
1463
2907
3068
3430
2468
632
3130
46
3372
2086
714
1009
1707
2457
1416
263
982
911
1640
1221
1084
1178
2242
2651
3064
381
2051
2849
1678
1741
3778
3336
3790
2789
895
2588
3525
528
135
2690
1452
3249
2321
2684
1093
301
637
2060
1866
1148
2163
1057
2979
3260
3163
411
2705
1134
2103
3862
3008
3449
2581
3885
2892
1664
1536
1105
3484
1514
1286
3762
1340
2379
2106
2293
3689
107
2322
3220
93
41
1267
1541
1052
2533
1734
786
2426
1166
3978
1425
498
3076
3199
2865
918
2969
1987
1008
2675
2350
922
3391
2640
3507
3586
3997
1434
80
3760
255
347
1323
58
106
3644
626
1315
1647
3814
2422
1902
3110
129
2233
3436
218
1029
396
723
3224
3077
1132
2579
2568
3749
2275
579
514
1007
1761
2303
772
21
3837
822
3557
743
1644
1482
1831
2459
3427
3340
1610
2995
2785
3766
3051
2170
2196
3838
1962
2525
1513
963
3788
1574
2174
722
457
2487
616
1433
2154
346
836
3151
2947
3414
2630
408
2002
1881
762
524
3847
2597
3578
1961
2271
3734
2148
2304
1027
1420
204
839
1389
1888
2177
2559
1172
3743
1564
3526
1999
1833
3613
392
3685
2146
2405
3207
1137
2131
2845
704
3712
2309
3409
662
3756
1228
1941
3092
3181
1857
2729
2642
3574
3630
957
3439
3016
2938
354
3750
520
1896
1358
3518
1270
464
1075
3952
2142
1352
2741
812
3230
1450
1490
1703
3959
3843
1862
1244
1255
981
314
1682
3232
636
2681
781
2156
863
3858
3039
2006
3704
1088
3815
277
1671
1235
2212
3416
1351
296
2747
60
1152
2573
3201
2836
778
2730
2759
1960
2323
3441
2910
440
3174
1071
3466
3321
368
1308
907
3805
2003
3658
1322
162
2070
1342
609
3056
3656
544
425
1526
748
1517
174
449
941
1194
2478
3737
272
1046
2755
76
2942
2178
467
125
1724
3072
1569
1973
1577
3376
316
2438
2000
3269
1006
2718
2392
2943
832
1540
745
2375
1956
3383
841
1618
3410
735
192
2796
97
2439
2166
3570
604
1384
1303
1477
1380
3305
211
1415
975
3740
2798
3920
867
2225
1253
2495
960
3915
1596
647
574
831
1931
2777
2726
590
3049
3226
2489
2402
3059
1445
3073
2976
184
3943
2634
3085
2698
2623
2235
2763
1582
1295
661
643
1581
2399
2688
2208
1060
2150
2269
403
195
3970
45
2853
26
3812
3348
1169
3450
154
2543
1534
585
3829
1531
1792
2479
3159
3480
144
222
2126
2815
1994
2017
73
1576
1217
419
3870
3041
1901
1401
994
1752
558
214
3751
197
1383
161
3598
2565
611
1325
2935
1127
2049
1563
377
1773
1275
700
279
2643
2137
3817
905
1985
2243
597
3504
2656
1026
1208
3551
2949
844
3359
3947
3373
3360
3661
1693
950
1414
1567
3471
1768
2965
1861
711
2450
1920
487
2958
2463
134
1300
3681
2014
2993
1841
3868
3508
3100
2052
3233
686
3195
1681
2110
1374
2191
1728
1480
870
227
1748
2694
2091
668
3982
3894
3779
563
974
1670
1159
761
1638
2756
2816
2324
1968
2512
1486
2199
2472
1750
615
3293
2182
1055
1801
2896
1877
3729
2955
3492
2963
3374
2799
3443
729
1964
1868
268
1922
210
1449
2916
660
3428
1947
3459
3227
1183
1617
2760
1193
1571
2714
2738
203
2346
2871
105
2854
2337
583
362
3331
233
3898
3140
3131
3910
3636
554
1711
821
716
830
1510
766
2204
3863
2665
692
3554
92
2553
3191
2980
1580
1688
2294
624
3105
2624
829
2039
3238
3270
1616
3547
1824
53
1600
2332
3558
113
1718
589
3112
173
1278
2253
2080
3701
3801
2775
1282
1823
968
3654
3930
2682
3291
1871
1306
534
2237
2480
3651
492
2708
1883
3157
2408
1037
3604
3925
245
1004
3802
416
188
2703
3979
3366
361
1285
2415
44
2197
2328
3529
1628
1394
1730
816
2314
328
2981
1971
402
944
1625
1121
1917
1928
993
688
1051
3160
248
3516
434
353
3132
2067
2056
320
2283
3161
2100
87
685
1908
3212
3769
2929
3009
2357
3344
322
1607
3282
2220
1398
1806
2886
2299
930
1206
2120
3716
3774
2609
3052
306
3793
104
2276
2267
2753
2500
2607
1706
1112
1220
35
2881
2519
3696
2986
1988
572
2036
2513
1516
2913
2040
3720
1697
1787
2635
2505
2295
835
1837
1468
1680
3523
599
2577
495
1791
2652
1593
2722
1017
3047
2742
1371
3364
3584
436
430
3341
3302
1476
1663
2200
1981
1231
646
3481
1020
254
1840
2143
2811
1499
2939
3488
230
2412
691
800
1606
1815
3948
857
3645
57
1337
3876
2648
72
3539
1158
3605
1360
1976
3265
2806
1086
2534
2507
2790
3752
91
1328
2861
3511
2771
973
1014
1930
3278
1096
3682
1733
3647
226
552
3045
3990
3337
1893
2832
1318
2739
3580
1293
719
2637
3106
3004
3666
1313
2866
2768
3186
2911
3818
843
1126
2750
539
2686
1848
1498
2555
1177
2823
1339
3519
171
3171
2780
1771
3555
3098
1019
100
2279
3860
2161
1547
594
387
454
3424
1507
20
3069
1444
1880
570
1843
1431
3606
3404
1219
2599
940
2817
3467
3535
2699
3530
1467
1110
1502
838
562
1262
608
925
2473
650
1423
1822
1747
1261
2393
334
807
1783
795
3057
2221
3892
1811
1366
2245
3702
2026
3388
275
2516
415
84
3204
3245
527
3024
3991
3877
327
3757
376
653
3686
2523
2593
2128
2862
2575
1347
811
674
3634
2743
2824
326
2732
2800
2584
1168
3741
1785
2095
3002
1
1456
2285
3839
1095
421
551
2435
1188
486
2936
1558
2918
3060
2381
1591
1763
750
3393
1250
1885
1851
291
281
1419
1344
852
3377
13
385
1925
491
543
3677
3933
2826
2482
2310
756
3641
2604
3917
1146
1157
1104
1949
3901
1900
2700
3399
367
3940
1438
295
936
2194
3357
2089
1904
1553
3351
721
2290
681
997
1428
2254
65
3596
783
2807
2179
1530
3019
1702
2205
1865
1186
2474
1356
865
3460
1479
186
462
2960
83
339
3011
1501
99
229
927
1808
3432
1692
56
1107
32
2490
947
1100
2406
153
1746
510
2605
671
1036
380
943
3797
3987
894
490
2247
444
168
1955
2841
313
623
3342
1661
1292
2075
2092
3322
1408
3830
1650
3405
593
2526
2793
3714
3540
3631
1627
3532
946
890
2116
349
904
1098
2423
3855
2663
970
1635
3669
2251
3028
1081
2757
2201
631
2015
3971
765
3370
1280
2900
3070
1803
2413
776
1277
3103
3993
3721
916
790
3308
1598
3316
2259
727
3821
1013
3472
1856
2300
3754
3673
1529
614
3602
3988
1330
759
194
3196
2358
3246
3730
3911
742
2032
1171
3136
497
3473
588
428
3116
2610
1151
3137
2766
2867
2416
2868
2715
2007
1810
2787
2382
3794
82
1199
1182
1979
2228
182
146
2847
607
482
2901
956
3806
2288
622
2218
443
132
1676
1982
1145
546
2859
1539
903
518
2134
532
1211
2022
1829
372
116
897
2649
2709
3999
103
40
1870
1237
797
2065
2315
3865
2061
1243
1916
244
3093
3327
2838
3825
726
747
3819
725
2692
3718
1533
3678
1732
3294
102
3735
3956
1674
789
2041
3261
3575
3548
2626
2924
3614
1406
3213
1643
2045
2966
1311
96
3697
665
2530
3117
1938
673
2893
1368
2536
2214
2009
1201
3187
1588
260
3976
217
2727
1721
1654
1754
3710
3396
2695
359
1913
1836
933
799
1552
3763
1422
177
63
1657
3624
1102
805
399
3143
471
848
2676
3021
587
3771
2902
3193
522
2996
375
3899
3552
2539
2897
3807
2950
889
826
3905
2510
2113
1989
3464
2353
237
1727
3029
3128
1637
3134
2046
2108
3810
3178
1820
2388
2409
2617
1974
2263
512
3832
312
3485
2710
3037
824
621
2613
1523
1370
1631
2097
1197
3113
1484
2673
3482
253
3147
90
2661
2359
3967
127
3457
2441
3295
310
2240
2469
2053
3455
494
2723
1595
2318
1874
2582
68
3107
655
2557
697
