5000
2
4997
3
4995
4
4994
6
4992
7
4991
8
4990
12
4988
16
4987
18
4986
19
4983
21
4982
22
4981
24
4979
25
4977
28
4976
30
4971
32
4968
34
4966
36
4964
39
4962
40
4961
42
4959
43
4956
44
4955
46
4954
47
4952
48
4951
50
4950
52
4949
54
4947
55
4946
57
4945
58
4944
59
4943
61
4941
64
4940
66
4939
69
4936
71
4934
73
4933
74
4930
78
4929
79
4923
81
4922
85
4921
86
4919
87
4918
88
4917
89
4916
90
4914
92
4913
95
4912
96
4911
99
4908
101
4907
102
4906
103
4905
104
4903
108
4902
109
4901
110
4900
111
4898
113
4897
115
4896
117
4895
118
4893
120
4892
123
4891
126
4889
128
4888
133
4887
135
4884
138
4882
139
4881
140
4880
141
4878
142
4877
143
4876
144
4875
146
4874
148
4872
149
4871
151
4870
153
4869
155
4868
156
4865
159
4863
160
4861
161
4859
164
4858
167
4857
168
4855
169
4854
171
4852
174
4851
175
4849
176
4848
178
4847
180
4846
182
4843
184
4841
185
4840
187
4839
190
4838
192
4836
194
4834
196
4833
198
4832
200
4831
201
4830
202
4829
203
4828
204
4825
206
4822
207
4820
209
4819
210
4816
212
4815
213
4814
215
4812
216
4810
219
4809
221
4808
223
4806
224
4805
225
4804
227
4802
228
4801
229
4798
230
4796
232
4795
233
4793
234
4792
236
4790
239
4787
241
4786
242
4783
243
4781
245
4780
246
4779
248
4777
249
4774
250
4773
251
4769
252
4767
253
4766
254
4764
256
4762
257
4761
258
4760
259
4758
260
4756
262
4752
263
4750
264
4749
265
4748
268
4746
270
4744
271
4742
273
4740
274
4737
275
4735
276
4733
279
4732
281
4731
282
4730
285
4729
287
4728
290
4727
291
4725
292
4723
293
4722
295
4720
297
4718
298
4716
300
4715
303
4713
305
4712
308
4711
310
4709
311
4707
312
4706
313
4704
314
4702
315
4701
316
4700
318
4699
319
4697
320
4696
321
4695
325
4694
328
4691
329
4690
330
4687
331
4686
335
4683
336
4682
337
4680
338
4678
339
4676
340
4675
341
4674
343
4673
347
4672
348
4671
351
4669
354
4666
355
4664
359
4661
360
4660
364
4658
367
4656
368
4655
369
4654
370
4653
371
4650
372
4649
374
4648
375
4646
378
4645
379
4644
381
4642
382
4640
383
4639
386
4638
388
4637
389
4636
390
4635
392
4634
393
4632
394
4631
395
4630
396
4629
397
4628
399
4625
400
4624
402
4623
403
4621
405
4617
406
4616
407
4615
408
4614
411
4613
412
4612
414
4611
416
4610
418
4609
420
4606
421
4604
423
4603
424
4601
426
4600
427
4599
428
4598
430
4597
432
4595
433
4594
435
4593
436
4591
438
4589
441
4587
442
4586
443
4585
444
4583
445
4581
447
4579
450
4576
451
4574
454
4571
455
4569
456
4568
459
4567
460
4565
461
4563
462
4561
465
4560
466
4559
467
4558
468
4557
470
4555
471
4553
472
4550
473
4548
474
4546
475
4544
477
4543
478
4540
479
4539
480
4538
481
4537
484
4536
485
4534
486
4531
488
4529
489
4528
490
4527
492
4525
494
4524
496
4523
497
4521
498
4520
500
4519
502
4517
503
4516
504
4515
505
4514
508
4513
510
4510
512
4508
515
4506
516
4505
518
4503
520
4501
522
4500
523
4498
524
4497
526
4496
527
4495
528
4491
530
4489
531
4488
534
4486
535
4485
536
4484
537
4483
538
4482
539
4479
540
4478
541
4477
543
4476
544
4475
546
4473
547
4472
548
4470
550
4469
553
4468
554
4466
555
4465
556
4462
557
4460
558
4459
560
4458
561
4456
563
4455
565
4453
567
4451
569
4450
570
4449
571
4448
572
4447
573
4446
575
4444
577
4442
578
4438
580
4436
581
4435
583
4433
585
4430
586
4429
587
4427
589
4425
590
4424
591
4421
595
4419
597
4418
599
4417
600
4414
601
4413
606
4412
607
4408
610
4407
612
4406
613
4405
614
4403
615
4401
618
4399
620
4395
621
4394
622
4392
623
4389
625
4388
626
4386
629
4385
631
4382
633
4380
634
4379
635
4377
637
4375
639
4374
640
4371
642
4370
644
4369
645
4367
646
4364
649
4363
651
4360
655
4357
656
4355
660
4353
661
4351
662
4349
665
4348
667
4346
668
4345
669
4343
672
4338
673
4337
676
4335
677
4333
678
4332
679
4330
681
4328
683
4327
684
4325
685
4322
686
4321
687
4320
689
4319
691
4318
692
4317
693
4316
694
4315
695
4314
696
4311
697
4310
700
4309
702
4308
705
4307
708
4304
712
4303
713
4301
716
4299
717
4298
718
4297
720
4296
721
4295
722
4294
723
4291
725
4289
726
4288
729
4287
734
4285
735
4284
737
4283
738
4282
740
4281
741
4279
742
4276
744
4275
745
4274
746
4273
747
4271
749
4269
751
4267
752
4266
755
4265
756
4263
759
4262
762
4260
768
4257
769
4256
770
4255
771
4252
773
4251
774
4250
775
4248
776
4247
778
4246
779
4244
780
4243
782
4241
784
4240
786
4238
787
4236
789
4235
790
4234
791
4231
792
4229
795
4228
797
4226
798
4224
800
4222
802
4220
803
4219
805
4218
806
4217
807
4215
809
4214
810
4211
811
4208
815
4207
816
4206
818
4205
819
4204
821
4203
822
4202
823
4201
825
4199
826
4197
827
4196
828
4194
830
4192
832
4188
833
4186
835
4184
837
4183
839
4181
840
4179
842
4176
844
4175
845
4172
846
4170
849
4169
850
4168
851
4166
854
4163
855
4162
860
4161
861
4160
862
4158
864
4156
867
4155
870
4153
871
4150
874
4149
876
4146
877
4145
879
4144
880
4142
883
4139
884
4137
885
4135
886
4132
887
4130
889
4129
890
4128
891
4126
895
4125
897
4123
899
4119
900
4118
902
4117
904
4115
905
4112
906
4111
909
4110
911
4109
913
4107
915
4106
916
4105
918
4103
919
4102
920
4101
921
4099
922
4096
923
4095
924
4094
925
4093
926
4091
930
4089
931
4088
932
4086
933
4085
934
4084
935
4083
939
4082
940
4080
941
4077
942
4076
943
4074
944
4071
947
4070
948
4068
950
4065
951
4064
954
4062
955
4060
958
4057
959
4055
961
4054
963
4053
964
4052
966
4050
967
4048
968
4046
970
4044
972
4042
974
4040
975
4038
976
4037
979
4036
980
4035
983
4034
985
4032
986
4031
988
4030
990
4026
992
4024
994
4023
996
4022
997
4021
998
4020
1001
4018
1003
4016
1004
4013
1005
4011
1006
4010
1008
4009
1011
4007
1012
4006
1013
4003
1016
4001
1018
3999
1020
3996
1021
3994
1022
3992
1023
3991
1024
3990
1025
3989
1028
3988
1030
3987
1031
3986
1034
3984
1037
3983
1038
3981
1039
3979
1040
3977
1042
3976
1043
3974
1044
3972
1045
3971
1047
3969
1052
3968
1056
3966
1057
3965
1059
3963
1060
3962
1062
3961
1063
3960
1064
3959
1066
3957
1068
3955
1070
3953
1074
3951
1075
3950
1077
3949
1078
3948
1079
3947
1080
3946
1082
3943
1083
3941
1084
3939
1085
3938
1087
3937
1089
3935
1090
3934
1092
3933
1095
3932
1097
3930
1100
3928
1101
3927
1104
3926
1105
3924
1106
3921
1107
3920
1108
3919
1109
3917
1110
3916
1113
3914
1115
3910
1116
3908
1119
3906
1121
3903
1122
3902
1123
3901
1124
3900
1125
3898
1127
3895
1128
3894
1129
3893
1130
3892
1133
3891
1134
3890
1135
3888
1136
3886
1137
3884
1139
3882
1141
3880
1142
3877
1144
3873
1145
3871
1146
3870
1148
3867
1149
3866
1151
3865
1152
3862
1155
3861
1157
3859
1160
3856
1162
3853
1163
3852
1164
3851
1167
3850
1168
3849
1169
3848
1171
3847
1172
3846
1174
3845
1175
3844
1177
3843
1178
3841
1181
3840
1184
3839
1185
3834
1186
3833
1189
3832
1191
3831
1194
3829
1197
3827
1198
3825
1200
3824
1203
3822
1205
3819
1206
3816
1207
3814
1208
3812
1209
3810
1212
3808
1214
3807
1215
3806
1217
3804
1219
3801
1220
3799
1222
3795
1223
3793
1224
3791
1225
3790
1227
3787
1229
3786
1231
3785
1232
3782
1234
3781
1235
3779
1236
3777
1237
3775
1238
3774
1239
3772
1241
3769
1243
3767
1244
3763
1246
3762
1248
3760
1249
3757
1251
3755
1253
3750
1254
3747
1255
3744
1256
3742
1257
3741
1259
3739
1260
3738
1261
3737
1264
3734
1265
3732
1267
3730
1268
3729
1269
3728
1271
3727
1272
3726
1275
3724
1276
3723
1277
3721
1280
3719
1281
3718
1283
3717
1285
3716
1287
3713
1288
3712
1289
3711
1291
3708
1293
3706
1295
3704
1296
3703
1297
3701
1299
3699
1301
3697
1303
3693
1305
3692
1307
3691
1309
3686
1311
3685
1314
3684
1315
3682
1316
3680
1317
3679
1319
3678
1320
3677
1321
3675
1322
3674
1324
3673
1327
3672
1329
3671
1330
3670
1332
3668
1333
3667
1334
3666
1335
3664
1336
3661
1339
3659
1341
3658
1343
3656
1344
3653
1346
3650
1347
3647
1349
3646
1350
3645
1354
3644
1355
3643
1356
3641
1357
3640
1360
3637
1361
3636
1362
3633
1363
3631
1364
3630
1365
3627
1367
3625
1369
3623
1370
3621
1371
3619
1372
3618
1374
3616
1376
3614
1377
3613
1379
3612
1380
3611
1382
3610
1384
3607
1386
3606
1387
3604
1389
3602
1390
3599
1392
3597
1394
3596
1396
3595
1399
3593
1400
3589
1401
3586
1403
3584
1405
3581
1406
3580
1407
3577
1408
3576
1412
3574
1413
3572
1415
3569
1417
3568
1418
3567
1422
3564
1423
3563
1425
3560
1426
3559
1429
3557
1430
3556
1431
3555
1433
3554
1436
3553
1437
3552
1439
3551
1441
3549
1444
3547
1445
3546
1446
3545
1448
3544
1449
3541
1451
3540
1454
3538
1455
3537
1457
3534
1459
3528
1461
3527
1462
3525
1464
3524
1465
3522
1468
3521
1469
3519
1471
3518
1476
3517
1477
3515
1479
3514
1481
3513
1483
3511
1485
3509
1487
3508
1488
3507
1489
3506
1491
3505
1494
3504
1496
3502
1497
3500
1501
3499
1502
3498
1504
3496
1505
3494
1507
3493
1508
3492
1509
3491
1510
3489
1511
3488
1513
3487
1515
3485
1516
3484
1519
3483
1523
3480
1526
3478
1528
3477
1530
3475
1533
3474
1535
3473
1537
3472
1538
3471
1539
3470
1540
3469
1541
3468
1542
3467
1544
3465
1545
3463
1547
3460
1550
3459
1551
3457
1552
3455
1554
3454
1556
3453
1557
3450
1558
3449
1559
3447
1561
3446
1562
3445
1564
3442
1565
3441
1567
3440
1568
3439
1572
3436
1574
3435
1575
3433
1576
3430
1577
3429
1580
3428
1581
3426
1582
3425
1584
3423
1585
3420
1586
3417
1587
3416
1588
3413
1590
3411
1591
3408
1593
3406
1594
3404
1595
3402
1596
3401
1597
3400
1598
3398
1599
3397
1600
3392
1601
3391
1604
3390
1605
3389
1606
3387
1608
3385
1609
3383
1610
3382
1611
3380
1612
3378
1616
3377
1618
3372
1619
3371
1620
3369
1623
3368
1624
3367
1626
3366
1629
3365
1630
3364
1631
3363
1635
3361
1637
3360
1638
3358
1639
3357
1641
3355
1643
3353
1644
3350
1647
3349
1649
3345
1651
3343
1652
3342
1654
3341
1655
3340
1657
3339
1658
3338
1659
3337
1660
3336
1661
3335
1664
3333
1667
3332
1669
3331
1670
3328
1671
3327
1673
3326
1674
3325
1678
3323
1680
3321
1681
3320
1685
3318
1687
3316
1689
3315
1691
3312
1694
3311
1696
3310
1697
3307
1698
3305
1700
3304
1702
3302
1703
3298
1706
3297
1708
3295
1710
3292
1711
3291
1712
3290
1715
3288
1717
3287
1718
3285
1719
3284
1721
3283
1723
3282
1724
3280
1726
3278
1727
3277
1730
3276
1733
3274
1736
3271
1737
3267
1738
3266
1739
3264
1741
3262
1744
3261
1747
3260
1748
3259
1751
3257
1753
3255
1755
3254
1756
3252
1757
3251
1758
3247
1759
3245
1760
3244
1762
3242
1765
3241
1766
3240
1768
3238
1769
3236
1771
3235
1774
3233
1776
3232
1777
3231
1780
3229
1781
3228
1784
3226
1786
3224
1788
3222
1789
3220
1791
3219
1794
3218
1797
3217
1798
3216
1800
3214
1801
3212
1803
3210
1805
3207
1806
3206
1808
3205
1810
3204
1811
3203
1814
3202
1815
3201
1818
3199
1821
3197
1822
3195
1823
3193
1825
3191
1827
3189
1829
3188
1832
3186
1833
3185
1834
3184
1835
3183
1836
3180
1838
3178
1842
3177
1844
3173
1846
3172
1848
3171
1849
3170
1850
3169
1853
3168
1854
3167
1855
3164
1856
3161
1857
3159
1858
3157
1860
3156
1862
3155
1865
3154
1866
3153
1867
3152
1868
3150
1869
3149
1872
3146
1874
3144
1875
3141
1876
3140
1877
3139
1879
3137
1884
3134
1885
3132
1886
3130
1888
3128
1889
3126
1891
3125
1892
3124
1893
3123
1894
3122
1895
3119
1897
3117
1899
3114
1900
3113
1903
3112
1905
3110
1906
3108
1908
3106
1909
3104
1910
3103
1911
3102
1912
3100
1914
3098
1915
3096
1916
3095
1919
3094
1921
3092
1923
3090
1926
3089
1928
3085
1932
3084
1933
3083
1934
3080
1938
3079
1939
3077
1941
3075
1945
3073
1947
3071
1948
3070
1949
3069
1950
3066
1952
3064
1955
3063
1956
3062
1957
3060
1959
3059
1960
3057
1961
3055
1962
3054
1964
3053
1965
3050
1966
3047
1967
3044
1971
3043
1973
3042
1975
3040
1976
3039
1978
3038
1980
3037
1983
3036
1984
3034
1986
3033
1987
3031
1988
3030
1990
3028
1991
3027
1992
3026
1993
3024
1995
3022
1996
3020
1998
3018
1999
3016
2001
3015
2002
3013
2003
3011
2005
3009
2006
3008
2008
3006
2009
3005
2011
3003
2012
3002
2013
3000
2014
2999
2016
2997
2017
2995
2018
2994
2019
2992
2020
2989
2022
2986
2025
2985
2026
2984
2028
2983
2031
2982
2032
2981
2034
2979
2036
2978
2038
2974
2041
2972
2042
2969
2044
2968
2046
2967
2047
2966
2048
2964
2051
2963
2053
2962
2054
2960
2055
2958
2057
2956
2058
2954
2060
2952
2061
2950
2063
2949
2064
2948
2065
2946
2066
2944
2069
2943
2070
2940
2071
2937
2072
2936
2074
2935
2076
2934
2079
2931
2083
2930
2085
2928
2087
2927
2088
2925
2090
2924
2091
2923
2093
2922
2095
2920
2097
2919
2099
2917
2100
2914
2101
2912
2103
2910
2104
2909
2107
2906
2109
2905
2111
2904
2112
2902
2113
2901
2116
2899
2117
2898
2118
2896
2120
2895
2121
2893
2122
2890
2124
2888
2126
2886
2128
2885
2131
2884
2134
2883
2135
2880
2137
2876
2138
2874
2139
2872
2140
2870
2141
2869
2144
2866
2145
2865
2146
2864
2147
2862
2148
2861
2149
2859
2152
2858
2154
2857
2155
2856
2156
2854
2159
2853
2161
2851
2164
2849
2167
2848
2168
2846
2170
2845
2171
2843
2175
2841
2177
2840
2179
2837
2180
2836
2181
2835
2182
2833
2184
2831
2185
2829
2186
2828
2189
2827
2192
2825
2195
2823
2196
2821
2197
2819
2198
2816
2199
2814
2200
2813
2202
2812
2203
2811
2204
2808
2206
2807
2207
2805
2208
2803
2209
2801
2210
2800
2213
2799
2215
2797
2217
2796
2218
2795
2219
2793
2222
2790
2223
2789
2226
2787
2227
2786
2229
2783
2231
2782
2233
2780
2236
2778
2237
2777
2240
2776
2242
2773
2244
2771
2245
2770
2246
2769
2247
2768
2249
2767
2250
2765
2254
2762
2255
2761
2256
2759
2258
2757
2260
2755
2261
2753
2263
2752
2264
2751
2265
2750
2267
2747
2268
2745
2271
2743
2272
2742
2273
2741
2274
2739
2275
2738
2276
2737
2278
2735
2279
2732
2280
2730
2282
2729
2283
2728
2285
2725
2286
2723
2287
2721
2289
2720
2290
2719
2291
2717
2292
2714
2293
2713
2297
2710
2298
2708
2300
2707
2302
2705
2303
2702
2304
2701
2307
2700
2309
2699
2311
2698
2316
2697
2317
2695
2319
2693
2320
2691
2321
2690
2323
2689
2324
2688
2327
2686
2330
2685
2331
2682
2332
2680
2334
2678
2335
2677
2336
2675
2338
2674
2340
2671
2341
2669
2344
2665
2346
2664
2347
2663
2350
2661
2352
2659
2354
2657
2355
2654
2356
2653
2358
2650
2359
2648
2360
2645
2362
2644
2364
2643
2365
2642
2367
2641
2368
2640
2369
2639
2370
2638
2372
2636
2374
2634
2378
2631
2379
2630
2381
2628
2382
2627
2384
2625
2386
2624
2388
2622
2389
2621
2391
2620
2392
2619
2393
2618
2394
2617
2397
2615
2399
2612
2402
2610
2404
2608
2405
2606
2407
2604
2408
2602
2409
2600
2410
2598
2411
2597
2412
2596
2413
2593
2415
2592
2417
2591
2420
2590
2421
2588
2424
2585
2425
2584
2426
2583
2428
2582
2429
2580
2430
2576
2431
2574
2433
2573
2434
2571
2435
2569
2437
2568
2438
2567
2441
2566
2442
2563
2443
2562
2444
2560
2446
2559
2448
2558
2449
2556
2451
2555
2453
2554
2455
2553
2456
2550
2457
2549
2458
2548
2461
2547
2462
2544
2463
2542
2465
2539
2468
2537
2469
2536
2470
2534
2472
2533
2473
2532
2475
2530
2478
2528
2480
2526
2481
2525
2482
2524
2483
2523
2484
2522
2485
2520
2487
2518
2489
2517
2491
2515
2494
2514
2495
2513
2496
2512
2497
2510
2499
2508
2500
2507
2502
2506
2504
3561
3889
4409
1216
2353
882
2955
2143
4984
4885
1785
794
514
4856
2873
4811
4277
1878
4422
4626
363
3418
772
1974
2632
1937
3872
3017
158
4618
2235
1824
2941
60
2414
1773
2488
1366
391
122
1416
4724
214
4670
98
3835
2660
3174
1793
1010
2666
1787
4000
1573
1650
568
269
1484
2329
476
1740
2903
4014
4216
1746
2427
1714
1615
3175
4965
4457
3624
4033
588
4698
2232
1202
1826
3272
4864
299
1767
4326
3764
1625
4862
2486
3751
4692
284
2681
4051
4423
3081
4189
2998
3486
4278
3776
2212
4751
4049
2075
2889
4562
2062
4799
3725
728
1887
1250
3373
4651
401
4230
3014
2683
1421
29
894
987
1677
711
3758
2351
3973
4078
2040
1603
4935
3585
3860
464
4015
3940
2575
4463
49
917
3687
2572
814
1118
362
4757
4909
3535
4474
4177
4705
334
3944
2225
4784
183
4665
2907
4738
2667
1614
453
1140
962
3770
2809
2687
793
208
4580
1500
1743
3622
353
1338
4223
2996
1438
2709
1543
1634
3354
1055
4027
4785
4619
2174
3743
431
2531
4092
641
1613
440
3329
3065
3374
4667
2938
1326
2436
4511
3213
2432
1783
4028
960
3451
3007
3111
366
487
4212
2626
3788
3393
1622
2726
4753
4622
2980
1368
2277
619
68
4924
671
3409
2672
2564
4535
1514
4190
2296
701
4396
4056
4393
4770
1583
4426
4570
1646
3954
77
27
1051
1196
4431
1443
3698
1684
1729
3925
982
4157
3412
3752
4221
324
1340
350
4708
17
1841
4147
2744
2684
4268
452
2781
4352
125
4679
2791
1274
1273
3067
3899
4835
2867
2581
767
4572
1979
3448
3512
2337
758
2387
2030
1393
4788
1266
1918
2270
3495
373
1000
1373
3490
3234
346
4480
2860
2616
2733
127
4368
205
1645
3918
4079
3857
969
1633
449
107
3796
4789
1828
4439
4953
3529
3466
2820
1270
65
4717
727
3306
1954
3248
4541
690
2975
4331
3179
1279
3598
1982
3582
1467
831
666
1883
439
3797
3317
3299
345
1345
813
3731
2306
4972
3773
361
1871
4915
3836
761
2173
1792
848
94
2724
579
1958
173
2373
4643
4590
650
3665
72
594
15
1864
4058
317
3915
1073
1981
3594
3520
4759
2973
4286
2234
2711
189
1132
327
1931
1453
1732
3461
1549
766
3565
3120
4879
2078
3275
3268
286
2059
1470
4775
3227
4657
2163
124
3196
2607
1353
3362
3121
733
179
2543
3437
4305
2658
545
2774
1925
4361
4272
352
3452
3147
893
533
2385
4726
1672
2477
1036
1015
218
4043
3388
1221
3823
732
2779
628
609
1525
2130
525
278
1381
781
3887
3811
863
2784
2082
1035
4140
4185
4187
1579
3344
458
4047
2926
1913
1310
2953
3648
3854
4171
84
3975
3820
3936
3403
3386
11
4358
4232
1946
1308
3587
3745
824
3443
2957
1252
483
186
3868
294
211
2692
4312
2253
1970
3997
853
3296
1831
3651
1512
2891
1636
1761
3265
1112
1058
2586
875
1166
3093
4138
4434
1126
1331
2540
3497
2763
2310
3855
1804
3370
3809
4292
4372
1054
4542
3334
2908
2990
238
3694
542
1395
2239
3695
2339
4652
3542
2561
4249
231
1560
23
404
978
1147
715
1686
3187
3243
1420
1527
4029
4823
3720
710
2194
3263
3165
2127
1414
2077
4800
2764
387
2377
1642
1845
593
3200
509
908
2850
2162
3896
2357
562
2098
2655
3783
4290
2153
3608
4719
2106
1870
4556
2349
2000
3303
1428
3118
1359
675
4136
2460
197
4233
2766
3058
2248
3004
892
511
2758
4714
4925
2050
2577
2440
2178
1896
2521
1286
1882
566
4926
3151
495
1796
2863
2049
1114
2037
2396
1233
377
3105
2557
1770
38
552
529
912
3131
3642
3578
2855
2123
2570
482
3620
1944
4017
2211
3208
3669
3765
163
3481
4300
3279
519
1475
1524
3160
2241
4980
2589
1701
2158
1989
2838
2679
289
611
760
3982
3162
3907
4440
2551
914
1725
3176
1764
116
3634
965
630
3330
3249
1411
3041
493
796
984
4329
4376
3482
1735
1676
699
4844
1722
1546
1154
2623
3603
2646
765
1131
1705
888
2269
605
1666
2649
4668
4461
2315
4075
3424
3530
2314
1180
1463
1290
1096
1782
2712
2102
2266
3313
1936
4794
1002
1807
3032
4191
3346
1799
2262
4339
3347
995
4747
4684
2806
1985
4973
1388
3142
3269
3688
1046
3300
617
1589
3476
349
119
3911
903
2881
2605
1402
4066
4063
724
3399
3061
4492
507
4387
4359
2804
2993
2299
4989
674
4584
2129
1809
3256
3192
3190
1813
2817
2133
3421
2094
4347
154
785
1688
4400
2633
4927
938
2868
4754
4467
237
3756
3980
1304
1963
2398
4113
4415
2419
3503
2418
3998
1352
1536
3830
4182
1495
150
616
3702
3223
3681
4445
2842
3826
1263
598
2348
1571
627
1745
1951
3912
3942
3878
333
166
3166
638
3023
1342
2105
3579
3805
2505
973
4886
1628
3705
1170
1704
3952
4114
2900
3068
4420
4853
1383
1943
999
1094
83
829
4198
3086
1486
3696
2538
1193
188
1742
757
3438
2987
3978
3909
4734
4607
2877
957
3628
2756
3660
2945
463
132
1432
991
4452
2188
3258
2230
4432
2897
2447
3536
448
2613
4502
4547
4261
53
4143
41
2183
2151
4551
2703
3609
2545
788
1069
4736
1621
3662
1284
4227
714
4402
4239
195
1695
4509
4721
4120
4127
4100
4193
981
429
4530
4554
3414
3558
3091
859
76
2390
2201
1997
604
4532
3735
1017
4688
3181
3993
3351
2578
3444
648
1563
654
3129
2815
754
469
4258
2039
267
3375
1447
1419
2516
3074
4931
4566
4293
1750
3531
1607
3654
112
2493
4533
1490
2476
3148
907
2746
1138
4336
3605
2115
222
777
3676
2662
4998
3379
3649
549
3874
2519
1088
1640
2096
3543
989
2792
1298
2635
3115
3359
1802
2401
3072
1328
3566
3293
3652
4999
3048
1653
2376
4133
2322
3958
4776
2921
2467
4173
1065
2445
4985
2970
521
3001
2503
1499
385
2810
4890
1668
2160
4662
2366
1027
1245
437
704
3885
1404
4504
4845
4817
31
901
4778
1161
2015
4608
3904
4004
2794
4090
1904
365
1199
4253
659
1456
2802
4860
2651
413
3237
3837
3931
410
4167
3753
1847
4141
4641
307
1026
4771
2252
2345
2363
3407
2474
1086
1313
4937
4340
764
2132
1518
409
4008
2911
302
1258
1790
3456
4302
1103
664
2464
1907
2959
1173
1067
670
608
3516
2259
731
1506
4745
3590
1532
748
3570
1014
4108
3562
1165
1953
3883
4383
1452
3532
1935
2594
576
1795
3722
376
1323
4772
181
3875
3324
2328
3019
2535
2932
1242
4225
1920
1192
3761
3158
3583
3301
4397
2748
3591
1460
3632
3858
4969
2734
1480
4362
1843
2257
1093
14
949
1779
3748
2647
4526
3356
3663
131
2045
3700
801
323
2004
3281
1410
2092
10
4081
491
4932
3588
4904
3657
4588
4826
1176
2715
3629
4797
3250
1493
4087
2010
1050
1902
3869
2749
1772
2333
1699
4344
1204
358
3956
3143
4378
4195
971
3270
1318
513
4512
2716
398
3422
3964
2614
70
4151
3778
2694
929
707
9
736
2839
4072
3615
193
332
4518
4910
4487
4807
2343
592
3929
1061
3394
3501
4341
881
1111
322
869
2313
4254
2068
3225
1053
2933
106
4993
1881
4928
1840
2342
873
4920
1302
2471
2228
147
2529
3314
2775
3352
3163
1228
4441
1969
4938
3879
1188
2073
1187
1153
4148
804
3135
1427
2656
834
1049
3415
4045
261
13
255
1683
82
1466
3813
2961
1150
63
2668
2772
4577
2318
4647
3076
3434
2308
4821
2007
977
240
3395
841
4741
2191
1778
653
1498
2214
4824
1656
2736
2216
4159
2089
2731
121
836
3010
1
783
3759
3995
4428
280
4334
2915
3768
753
3985
1378
26
2818
2056
1262
730
3617
2916
1091
3828
1424
2579
1859
3714
283
1190
1143
4768
3802
2629
4152
3127
3794
2490
93
1839
3109
1709
296
177
3780
2157
3821
1665
2021
2169
898
858
2878
1917
1503
2027
2609
152
2052
3709
2965
4067
4633
2501
688
4154
3012
584
2834
852
2875
4121
434
1863
56
3133
3548
2221
847
658
244
4522
4710
1930
4174
3842
1570
596
3410
3838
3138
3045
2423
878
217
2511
574
1081
3550
4164
743
2991
4685
2220
2395
1474
2305
4942
4575
1102
3626
1473
3253
2599
4693
2251
4842
657
4165
3573
2479
564
647
1929
2740
1924
2081
3905
4957
1817
1566
1159
4602
1617
3803
4899
3239
235
162
643
3715
1041
3029
1226
157
344
4097
857
2288
1522
4464
1183
2295
4578
326
928
3136
4390
247
1521
1072
1306
2459
1478
1555
4041
277
1158
4582
2187
3789
2788
1282
636
2326
2176
3539
866
3419
4410
532
4850
2652
1548
4974
1440
1693
37
172
3101
2527
3035
4134
1754
3798
2498
663
2371
4493
3087
652
134
4837
551
3638
4365
4025
4323
3458
2887
1880
603
2696
1873
3592
3405
4411
1578
4507
3876
266
4200
506
4342
2452
309
3396
1553
993
582
1663
1529
1775
2939
3689
1830
1482
4499
1901
1435
2024
3145
457
865
3710
3635
927
199
1278
4237
2587
4813
3348
4404
946
415
4416
4866
4883
3286
2114
3707
937
1385
1569
1837
799
1292
4005
130
499
1099
3046
2166
1098
384
446
5
4689
3740
2670
4975
2871
3319
4490
4894
2238
1763
1007
3198
2603
35
91
719
2043
559
357
3881
62
20
2601
2035
2224
3526
4381
1602
3308
1520
1682
1230
2361
3736
1531
4552
1816
1019
1728
1033
342
272
3049
100
1648
2882
2637
4681
3215
4873
872
2380
2142
4366
4280
2165
3273
3575
417
4019
33
682
4398
2595
624
3655
2971
2193
4242
288
3209
953
4963
4012
1734
3863
45
2976
4443
2403
422
3683
1679
4454
2086
1812
3462
2798
1337
2541
4124
2704
1071
2552
2281
709
3051
4703
2190
1592
4978
2947
1120
356
1922
1713
3107
1032
2294
4564
4592
2301
1450
304
910
2977
4967
4384
97
3792
2727
1211
2312
2492
3381
380
4743
2951
1627
1662
4545
4627
4264
4213
1820
105
2439
4782
3922
1942
4677
3690
3815
4180
2029
4354
2454
170
4755
820
114
1972
3817
1358
2325
2546
856
3021
2722
2150
4350
3571
808
3784
1048
1716
2119
1517
1201
1458
1076
4131
425
4996
1442
3230
2832
4245
191
2450
3294
1927
2760
67
868
1749
3322
2847
2706
4659
4803
226
3945
680
2942
1434
4259
1398
2383
2879
3431
4739
3818
3464
1182
501
1218
2894
706
3182
838
843
936
2080
4039
1409
4948
3923
952
3427
3194
4818
2718
4116
4061
129
1351
2422
2844
2754
1009
3246
75
1819
3733
3025
4620
4437
3099
3384
3082
1852
1195
3221
4098
3913
1752
4596
306
4373
1247
3479
2136
3056
4270
2826
956
517
4765
4827
2205
4073
1240
3746
3864
4209
1029
3523
896
3771
3376
3970
3309
1890
4178
4663
2785
1898
2466
1492
2110
3897
1348
4313
4002
419
1707
2988
3749
145
3600
2611
4970
2067
2243
3289
4069
1968
812
2033
4958
137
2676
1391
4391
2830
2918
1675
2400
3601
3211
51
1397
1312
4763
945
4605
4122
4573
3097
1720
2673
1940
703
3766
1994
4960
2509
632
4791
739
1632
2822
4059
2913
3432
1325
1156
4549
2892
4210
80
4867
1731
602
1861
2929
2023
2125
220
1117
3754
1534
2852
2375
1692
3088
4306
2084
698
4494
2284
1294
4356
1375
4104
1300
1472
3510
1851
763
136
2172
2108
3078
4324
2824
1179
3639
3052
2565
1210
1690
2406
165
4481
4471
750
2416
3533
3116
1977
1213
301
3967
817
3800
