9000
2
8996
3
8992
6
8989
11
8985
14
8982
17
8980
23
8979
25
8978
28
8977
30
8975
33
8971
35
8969
38
8967
39
8965
43
8963
45
8959
46
8956
48
8949
50
8945
52
8943
54
8942
56
8941
59
8936
61
8935
62
8932
63
8929
66
8927
68
8926
71
8922
73
8919
74
8918
75
8916
76
8915
77
8913
78
8908
80
8906
82
8905
85
8904
87
8900
90
8899
92
8893
96
8891
97
8888
98
8884
100
8881
102
8879
104
8877
109
8875
111
8873
113
8871
114
8868
118
8867
119
8866
121
8865
122
8862
125
8858
127
8857
128
8855
131
8853
134
8849
137
8848
140
8846
142
8843
144
8842
148
8838
150
8835
152
8832
155
8829
158
8826
164
8825
167
8823
171
8820
172
8817
174
8815
178
8813
181
8810
184
8809
186
8808
187
8806
191
8802
193
8800
194
8796
197
8794
199
8793
202
8792
206
8788
210
8785
212
8784
214
8783
217
8780
218
8776
221
8774
224
8770
226
8768
229
8764
233
8763
235
8760
237
8759
240
8758
246
8755
247
8754
250
8753
253
8752
256
8750
258
8749
261
8746
263
8742
264
8740
267
8739
269
8736
270
8734
272
8732
274
8729
277
8728
279
8726
281
8724
285
8721
287
8717
289
8716
290
8714
293
8713
295
8709
299
8708
300
8706
302
8705
304
8702
307
8701
309
8700
311
8698
313
8695
315
8693
317
8689
321
8687
322
8684
324
8680
326
8679
328
8676
330
8674
331
8673
332
8672
336
8670
340
8668
344
8665
347
8663
350
8660
351
8659
353
8658
356
8656
358
8654
360
8652
363
8650
366
8649
367
8646
368
8642
369
8639
375
8637
378
8633
380
8631
381
8629
383
8626
386
8624
388
8623
392
8621
395
8619
396
8617
398
8615
400
8612
403
8611
406
8608
409
8606
415
8603
417
8599
419
8597
420
8595
423
8593
424
8588
426
8586
429
8581
434
8580
436
8578
439
8576
441
8573
443
8572
445
8570
447
8567
448
8562
451
8560
458
8559
459
8556
461
8554
466
8550
468
8546
469
8545
473
8544
474
8542
475
8539
476
8534
479
8531
481
8528
486
8527
490
8526
491
8525
495
8523
496
8521
499
8519
502
8516
505
8515
506
8511
509
8510
510
8509
513
8505
515
8501
518
8500
522
8496
527
8491
529
8486
530
8483
531
8482
532
8480
534
8477
536
8475
538
8473
541
8471
543
8468
545
8465
548
8464
550
8463
551
8461
553
8458
558
8456
561
8455
563
8453
566
8449
568
8448
570
8445
572
8443
576
8442
579
8439
582
8438
583
8434
589
8431
591
8425
596
8423
599
8422
601
8420
604
8418
606
8417
608
8416
611
8415
617
8414
619
8412
622
8409
624
8406
627
8404
629
8401
630
8397
632
8395
633
8391
634
8389
639
8386
645
8384
650
8382
651
8378
656
8374
657
8371
658
8369
662
8366
663
8362
664
8359
666
8356
667
8353
668
8351
671
8348
675
8347
677
8346
679
8343
682
8341
684
8338
686
8337
687
8336
688
8334
689
8331
690
8327
691
8324
692
8322
694
8319
698
8315
700
8311
703
8309
705
8308
709
8307
712
8304
713
8302
714
8301
719
8298
723
8295
724
8293
725
8290
729
8287
730
8285
732
8283
734
8281
735
8279
738
8278
741
8277
743
8274
747
8272
752
8270
754
8268
758
8267
759
8265
761
8263
762
8261
763
8259
766
8254
769
8253
773
8250
776
8248
779
8246
781
8244
783
8242
784
8240
786
8238
788
8235
791
8231
795
8229
798
8228
800
8227
804
8223
805
8220
806
8215
807
8214
809
8210
811
8208
813
8204
815
8202
818
8201
821
8199
823
8198
824
8194
826
8193
827
8191
830
8186
832
8183
836
8182
840
8179
842
8177
844
8174
845
8172
848
8169
851
8168
853
8166
854
8165
856
8164
859
8162
860
8158
862
8153
864
8151
866
8149
867
8147
869
8145
870
8143
873
8138
876
8137
878
8132
880
8130
883
8126
886
8121
889
8119
892
8117
893
8116
895
8115
897
8112
901
8110
905
8108
907
8106
910
8105
912
8101
914
8098
916
8097
917
8096
922
8093
924
8091
926
8090
928
8088
929
8085
931
8084
934
8083
935
8081
937
8078
938
8076
940
8075
942
8074
945
8072
948
8071
950
8066
953
8064
954
8060
955
8059
957
8056
958
8053
959
8052
963
8049
966
8047
967
8045
969
8043
971
8042
973
8039
975
8036
978
8032
980
8029
982
8027
983
8026
986
8024
989
8022
992
8021
994
8019
995
8017
997
8014
999
8011
1000
8009
1003
8007
1007
8006
1008
8004
1009
8002
1010
7999
1012
7998
1014
7994
1018
7993
1020
7991
1023
7989
1024
7988
1025
7983
1026
7982
1029
7980
1031
7977
1032
7973
1035
7971
1037
7970
1039
7966
1043
7964
1046
7963
1048
7962
1051
7961
1053
7959
1055
7956
1056
7955
1058
7953
1060
7952
1061
7950
1063
7949
1064
7948
1065
7947
1066
7945
1067
7943
1069
7941
1070
7940
1071
7939
1072
7936
1075
7933
1080
7931
1082
7929
1084
7928
1089
7927
1094
7926
1095
7923
1096
7922
1098
7921
1099
7919
1100
7915
1102
7914
1104
7911
1108
7909
1110
7907
1113
7906
1115
7904
1119
7901
1121
7899
1122
7897
1124
7894
1125
7893
1128
7890
1129
7887
1133
7884
1136
7883
1138
7882
1141
7878
1142
7877
1143
7875
1144
7873
1146
7872
1148
7870
1150
7868
1152
7865
1157
7864
1160
7861
1163
7860
1165
7859
1166
7858
1169
7856
1171
7855
1172
7853
1173
7851
1176
7847
1178
7845
1180
7844
1181
7840
1184
7838
1185
7836
1186
7834
1189
7833
1192
7832
1194
7829
1199
7827
1202
7825
1203
7823
1206
7820
1209
7818
1211
7817
1214
7816
1215
7813
1216
7812
1217
7809
1218
7808
1220
7807
1222
7805
1224
7801
1225
7797
1227
7795
1229
7794
1231
7793
1232
7792
1233
7790
1235
7788
1237
7787
1241
7785
1243
7784
1244
7778
1246
7776
1247
7774
1248
7769
1250
7767
1253
7765
1256
7764
1258
7763
1260
7762
1262
7760
1263
7759
1266
7757
1268
7753
1272
7751
1273
7749
1275
7748
1277
7745
1279
7743
1280
7740
1283
7739
1285
7737
1286
7735
1287
7733
1289
7731
1291
7730
1294
7729
1296
7726
1298
7722
1300
7721
1303
7720
1305
7717
1309
7715
1312
7713
1315
7709
1317
7706
1318
7705
1319
7702
1320
7701
1321
7698
1325
7695
1327
7693
1329
7692
1332
7689
1334
7687
1336
7683
1340
7682
1343
7678
1344
7675
1345
7674
1347
7672
1351
7671
1352
7668
1354
7666
1356
7664
1357
7663
1359
7660
1363
7658
1365
7657
1367
7655
1370
7652
1371
7650
1374
7647
1375
7646
1377
7645
1379
7639
1383
7638
1385
7635
1387
7631
1390
7629
1391
7628
1393
7623
1395
7622
1398
7620
1399
7619
1401
7613
1403
7611
1406
7609
1408
7606
1409
7605
1410
7601
1412
7600
1414
7599
1419
7596
1421
7594
1422
7589
1424
7586
1426
7584
1428
7581
1429
7578
1432
7576
1435
7575
1437
7574
1438
7572
1439
7569
1442
7567
1443
7565
1446
7564
1448
7561
1451
7558
1453
7554
1457
7551
1460
7549
1462
7548
1464
7547
1465
7546
1467
7545
1469
7542
1470
7541
1471
7540
1473
7539
1476
7535
1478
7532
1479
7530
1483
7527
1484
7526
1486
7525
1488
7522
1490
7521
1492
7519
1494
7516
1496
7515
1499
7513
1502
7512
1505
7510
1506
7509
1508
7506
1509
7502
1513
7500
1517
7496
1523
7494
1525
7492
1527
7490
1530
7488
1532
7486
1534
7484
1536
7480
1537
7477
1539
7476
1540
7474
1541
7473
1542
7472
1543
7471
1544
7469
1547
7468
1550
7466
1554
7465
1558
7462
1560
7459
1562
7457
1566
7454
1571
7452
1573
7451
1575
7448
1577
7446
1581
7443
1582
7441
1585
7439
1588
7438
1589
7437
1592
7435
1594
7433
1596
7432
1598
7430
1599
7428
1602
7426
1603
7425
1605
7423
1608
7421
1610
7418
1613
7417
1617
7416
1621
7415
1622
7411
1624
7409
1626
7408
1628
7406
1630
7404
1633
7401
1635
7399
1638
7394
1639
7393
1642
7391
1643
7389
1645
7388
1649
7385
1650
7384
1653
7383
1655
7382
1656
7380
1658
7377
1659
7373
1660
7370
1661
7368
1664
7364
1665
7361
1667
7359
1668
7357
1669
7354
1671
7352
1672
7351
1674
7350
1675
7348
1677
7346
1680
7343
1681
7341
1686
7339
1688
7336
1689
7335
1690
7334
1694
7333
1696
7331
1699
7330
1702
7329
1704
7328
1706
7325
1708
7323
1709
7322
1711
7321
1715
7320
1719
7318
1721
7317
1723
7314
1725
7313
1727
7309
1729
7305
1731
7303
1733
7302
1734
7300
1737
7298
1738
7293
1741
7291
1743
7287
1744
7285
1746
7281
1748
7280
1752
7278
1753
7276
1754
7273
1759
7272
1765
7270
1766
7269
1768
7267
1770
7265
1772
7264
1774
7262
1775
7258
1777
7256
1778
7254
1779
7253
1782
7252
1784
7250
1786
7248
1787
7245
1788
7243
1789
7242
1791
7240
1794
7238
1795
7236
1797
7233
1799
7229
1801
7226
1805
7225
1807
7223
1810
7222
1811
7221
1812
7219
1815
7214
1816
7211
1818
7207
1819
7205
1822
7201
1824
7198
1825
7196
1828
7193
1832
7192
1834
7189
1835
7186
1839
7183
1842
7182
1844
7179
1846
7177
1850
7175
1852
7174
1854
7171
1855
7167
1857
7165
1858
7161
1860
7160
1864
7156
1865
7154
1866
7153
1869
7152
1872
7150
1874
7149
1876
7146
1878
7143
1880
7140
1881
7137
1882
7136
1886
7135
1887
7134
1889
7131
1891
7128
1892
7127
1894
7125
1895
7118
1897
7116
1899
7114
1901
7113
1903
7111
1909
7110
1910
7108
1912
7103
1913
7102
1915
7101
1916
7100
1918
7098
1921
7096
1922
7094
1925
7091
1928
7088
1931
7087
1932
7084
1934
7081
1937
7080
1940
7076
1943
7074
1944
7071
1945
7068
1948
7066
1951
7062
1956
7060
1957
7059
1958
7055
1959
7054
1961
7052
1964
7049
1966
7047
1969
7045
1972
7044
1974
7043
1976
7040
1978
7038
1980
7036
1981
7033
1985
7031
1988
7029
1991
7027
1993
7025
1999
7023
2003
7022
2004
7020
2007
7017
2009
7014
2013
7010
2015
7008
2017
7006
2019
7004
2023
7003
2024
7001
2025
7000
2027
6999
2028
6996
2029
6995
2030
6994
2031
6992
2033
6990
2036
6989
2038
6988
2040
6986
2043
6981
2046
6977
2048
6975
2051
6972
2052
6969
2055
6967
2058
6964
2060
6961
2062
6959
2065
6958
2066
6955
2068
6953
2071
6950
2074
6949
2076
6948
2078
6946
2080
6943
2082
6942
2084
6941
2087
6939
2090
6937
2093
6936
2096
6933
2098
6931
2100
6930
2103
6927
2106
6925
2107
6922
2111
6921
2112
6919
2116
6918
2118
6916
2121
6914
2123
6912
2126
6910
2128
6908
2130
6906
2132
6904
2133
6902
2136
6901
2139
6899
2142
6896
2144
6895
2145
6892
2147
6890
2149
6889
2151
6888
2153
6887
2156
6885
2157
6884
2161
6882
2162
6879
2165
6878
2167
6875
2168
6873
2171
6871
2172
6870
2177
6869
2179
6866
2180
6863
2182
6859
2184
6855
2188
6853
2192
6851
2196
6847
2197
6844
2199
6843
2200
6841
2202
6838
2204
6834
2209
6832
2210
6830
2212
6827
2213
6824
2216
6821
2221
6817
2222
6815
2224
6813
2225
6811
2227
6810
2229
6809
2230
6807
2232
6805
2234
6804
2235
6801
2236
6800
2239
6798
2240
6797
2242
6794
2244
6792
2246
6790
2248
6788
2250
6785
2252
6783
2256
6782
2257
6779
2258
6778
2259
6775
2260
6772
2263
6769
2270
6768
2273
6767
2276
6765
2278
6762
2280
6760
2281
6757
2285
6755
2289
6753
2292
6749
2294
6746
2295
6743
2298
6742
2301
6741
2302
6738
2303
6736
2305
6734
2306
6732
2309
6729
2313
6728
2315
6727
2319
6724
2320
6722
2321
6720
2323
6717
2328
6714
2332
6713
2335
6710
2336
6709
2338
6705
2340
6704
2342
6703
2345
6700
2348
6698
2350
6696
2353
6695
2357
6694
2360
6689
2362
6688
2364
6686
2365
6684
2369
6679
2372
6675
2374
6674
2375
6671
2378
6667
2382
6663
2383
6661
2387
6657
2388
6655
2390
6653
2391
6647
2393
6646
2394
6645
2395
6643
2396
6642
2397
6640
2399
6639
2403
6638
2405
6636
2407
6634
2408
6633
2410
6630
2411
6626
2413
6625
2415
6624
2419
6623
2420
6621
2421
6615
2424
6612
2426
6608
2429
6605
2432
6603
2434
6598
2437
6596
2440
6595
2443
6593
2444
6592
2446
6587
2447
6584
2449
6582
2450
6577
2451
6575
2454
6573
2456
6572
2458
6571
2459
6570
2461
6567
2463
6565
2467
6564
2468
6563
2471
6562
2473
6560
2476
6559
2478
6555
2480
6550
2482
6548
2484
6546
2485
6544
2490
6542
2491
6536
2496
6533
2499
6530
2502
6528
2504
6527
2505
6525
2506
6522
2507
6520
2511
6517
2514
6516
2515
6515
2520
6513
2521
6510
2523
6508
2524
6505
2525
6503
2527
6500
2529
6499
2530
6498
2532
6494
2534
6493
2536
6492
2539
6489
2540
6488
2541
6486
2543
6483
2544
6482
2547
6481
2548
6480
2549
6477
2551
6475
2552
6474
2557
6472
2558
6470
2559
6466
2560
6462
2563
6457
2564
6454
2566
6452
2567
6451
2568
6450
2569
6449
2570
6447
2571
6445
2572
6444
2576
6442
2579
6440
2581
6436
2583
6434
2585
6433
2588
6431
2589
6428
2590
6427
2591
6424
2593
6423
2595
6421
2597
6419
2598
6417
2599
6413
2602
6410
2604
6404
2605
6401
2609
6399
2612
6398
2613
6396
2614
6392
2615
6390
2618
6384
2621
6382
2622
6378
2625
6376
2627
6375
2628
6373
2629
6371
2630
6369
2632
6368
2636
6366
2638
6365
2640
6363
2642
6361
2644
6360
2647
6359
2649
6355
2651
6354
2655
6353
2658
6349
2659
6346
2661
6344
2664
6343
2666
6340
2668
6335
2669
6333
2671
6330
2673
6329
2674
6326
2677
6324
2679
6321
2681
6318
2684
6314
2687
6309
2689
6305
2690
6302
2691
6301
2693
6298
2694
6297
2697
6292
2701
6290
2702
6288
2703
6285
2705
6281
2708
6280
2712
6275
2714
6273
2716
6272
2719
6271
2722
6269
2723
6268
2725
6265
2730
6263
2733
6260
2735
6257
2736
6256
2741
6254
2743
6253
2744
6251
2747
6250
2749
6249
2754
6247
2755
6244
2757
6242
2759
6239
2761
6236
2762
6232
2764
6231
2767
6230
2768
6229
2771
6226
2772
6223
2774
6221
2777
6220
2779
6218
2780
6217
2786
6213
2788
6212
2790
6211
2793
6210
2794
6209
2795
6207
2796
6204
2798
6200
2801
6199
2803
6197
2806
6194
2807
6193
2809
6192
2814
6190
2817
6189
2818
6187
2819
6186
2821
6184
2824
6180
2826
6179
2827
6175
2829
6172
2834
6170
2836
6168
2840
6165
2842
6163
2845
6158
2847
6156
2851
6155
2854
6153
2857
6150
2858
6148
2860
6147
2862
6146
2864
6145
2866
6142
2869
6141
2873
6138
2875
6136
2876
6134
2879
6133
2885
6131
2888
6126
2890
6123
2892
6122
2894
6120
2897
6115
2899
6113
2901
6112
2902
6109
2904
6105
2906
6102
2907
6101
2909
6098
2912
6094
2913
6093
2917
6090
2919
6089
2921
6088
2923
6084
2924
6083
2925
6082
2927
6079
2930
6074
2932
6071
2934
6065
2935
6062
2937
6059
2939
6056
2942
6053
2944
6049
2947
6048
2948
6043
2949
6037
2951
6034
2954
6032
2957
6029
2960
6027
2961
6025
2964
6024
2965
6022
2968
6020
2970
6019
2971
6017
2973
6014
2975
6013
2977
6012
2980
6009
2982
6007
2985
6006
2988
6004
2990
6002
2993
5997
2996
5994
2997
5993
2999
5992
3001
5991
3004
5989
3005
5986
3006
5984
3008
5982
3010
5980
3013
5976
3017
5973
3019
5970
3021
5966
3024
5963
3027
5962
3029
5960
3031
5958
3034
5957
3037
5954
3040
5950
3042
5948
3046
5947
3049
5943
3051
5942
3055
5939
3057
5938
3060
5937
3062
5933
3064
5928
3068
5925
3070
5924
3073
5922
3075
5921
3078
5919
3082
5917
3083
5916
3085
5911
3089
5909
3091
5906
3092
5905
3094
5904
3096
5900
3099
5899
3101
5896
3106
5893
3107
5889
3110
5886
3113
5884
3117
5881
3118
5878
3120
5876
3125
5873
3127
5871
3128
5869
3131
5868
3135
5867
3136
5863
3138
5860
3140
5857
3142
5853
3145
5851
3146
5850
3147
5849
3150
5846
3152
5845
3154
5839
3155
5838
3157
5833
3160
5831
3161
5827
3162
5826
3165
5825
3167
5823
3171
5821
3172
5818
3174
5815
3175
5814
3176
5813
3177
5812
3180
5810
3182
5806
3185
5803
3187
5802
3188
5801
3190
5799
3191
5795
3192
5793
3194
5790
3197
5788
3199
5782
3201
5779
3204
5778
3205
5776
3206
5775
3208
5774
3212
5772
3213
5770
3214
5767
3215
5765
3218
5760
3221
5758
3222
5756
3223
5753
3225
5752
3227
5751
3230
5750
3233
5748
3235
5744
3237
5742
3238
5740
3240
5738
3243
5734
3245
5730
3246
5729
3248
5728
3250
5725
3254
5724
3257
5723
3259
5720
3262
5717
3264
5714
3269
5711
3271
5710
3272
5707
3273
5704
3275
5701
3277
5696
3278
5695
3280
5692
3282
5689
3286
5686
3288
5683
3289
5680
3291
5676
3294
5675
3296
5672
3299
5669
3302
5664
3305
5658
3306
5655
3307
5653
3311
5652
3314
5647
3318
5646
3322
5644
3324
5641
3326
5640
3329
5638
3331
5635
3338
5632
3339
5628
3340
5624
3343
5620
3345
5617
3347
5614
3349
5613
3351
5611
3352
5610
3355
5608
3357
5606
3360
5604
3363
5600
3367
5597
3368
5595
3371
5594
3372
5590
3375
5587
3378
5584
3380
5583
3381
5581
3382
5580
3387
5577
3390
5574
3392
5572
3393
5568
3395
5567
3396
5564
3399
5560
3402
5557
3403
5553
3405
5549
3407
5546
3410
5544
3414
5543
3416
5540
3418
5535
3421
5534
3422
5530
3425
5528
3427
5525
3430
5523
3431
5520
3435
5516
3437
5514
3440
5513
3444
5509
3445
5508
3447
5505
3450
5503
3451
5498
3452
5496
3454
5494
3455
5491
3456
5488
3457
5486
3461
5484
3465
5482
3466
5480
3467
5479
3469
5475
3470
5472
3475
5469
3477
5467
3482
5465
3483
5464
3485
5463
3487
5461
3489
5459
3491
5456
3493
5455
3496
5453
3499
5450
3503
5447
3504
5444
3506
5443
3507
5441
3508
5439
3511
5436
3512
5434
3514
5433
3515
5430
3517
5428
3518
5426
3519
5425
3521
5423
3526
5420
3530
5418
3533
5416
3536
5415
3537
5412
3540
5411
3542
5410
3543
5407
3548
5403
3550
5402
3552
5401
3557
5395
3560
5392
3562
5390
3564
5389
3567
5388
3568
5385
3569
5383
3574
5380
3577
5378
3580
5377
3582
5376
3583
5374
3587
5372
3589
5370
3591
5369
3592
5366
3593
5365
3595
5363
3597
5360
3598
5358
3602
5356
3604
5355
3607
5352
3610
5349
3611
5346
3613
5343
3615
5339
3617
5337
3618
5336
3622
5331
3625
5328
3626
5325
3627
5323
3630
5321
3633
5320
3635
5319
3637
5317
3638
5316
3642
5313
3643
5311
3646
5310
3648
5306
3650
5303
3652
5300
3653
5297
3655
5296
3657
5293
3661
5292
3665
5290
3669
5286
3672
5285
3675
5280
3677
5278
3679
5276
3683
5275
3686
5274
3687
5272
3689
5271
3694
5269
3695
5267
3699
5266
3701
5263
3703
5262
3705
5260
3707
5258
3708
5256
3710
5250
3711
5246
3712
5242
3714
5241
3716
5237
3717
5236
3718
5235
3719
5233
3721
5231
3722
5229
3725
5225
3726
5222
3727
5219
3731
5216
3733
5214
3734
5212
3736
5210
3738
5208
3742
5206
3744
5202
3749
5198
3750
5196
3754
5191
3755
5187
3757
5185
3758
5182
3759
5180
3760
5179
3761
5178
3764
5174
3769
5171
3771
5168
3772
5165
3774
5162
3777
5160
3778
5157
3781
5153
3786
5150
3788
5148
3790
5147
3792
5144
3798
5142
3800
5140
3801
5138
3805
5136
3807
5133
3809
5132
3812
5130
3816
5126
3821
5123
3823
5120
3824
5118
3828
5116
3835
5114
3839
5112
3840
5111
3842
5109
3844
5104
3845
5102
3850
5099
3855
5096
3858
5095
3860
5093
3861
5090
3865
5088
3866
5086
3868
5085
3869
5084
3871
5080
3874
5079
3875
5076
3880
5074
3881
5073
3882
5072
3884
5068
3886
5066
3887
5065
3889
5063
3891
5060
3893
5059
3895
5058
3898
5057
3900
5055
3902
5054
3904
5052
3908
5049
3910
5046
3913
5045
3917
5044
3918
5041
3920
5039
3921
5037
3922
5034
3923
5032
3924
5031
3927
5029
3929
5028
3932
5027
3934
5025
3938
5022
3941
5021
3943
5020
3944
5018
3945
5014
3946
5011
3947
5008
3949
5005
3950
5003
3951
5000
3956
4997
3958
4995
3960
4994
3963
4992
3965
4990
3968
4985
3974
4983
3979
4980
3980
4977
3981
4974
3983
4972
3985
4971
3988
4969
3989
4968
3993
4965
3996
4961
3999
4958
4000
4955
4001
4953
4003
4951
4006
4949
4009
4947
4011
4945
4012
4944
4014
4942
4016
4941
4017
4939
4018
4937
4021
4933
4023
4931
4024
4930
4028
4929
4030
4926
4032
4924
4033
4923
4035
4922
4038
4919
4040
4917
4043
4916
4046
4915
4048
4912
4050
4911
4055
4910
4057
4908
4060
4904
4063
4903
4064
4900
4066
4898
4068
4897
4071
4896
4072
4895
4074
4893
4077
4890
4078
4889
4080
4887
4082
4884
4086
4882
4088
4880
4090
4877
4092
4875
4093
4870
4095
4869
4096
4865
4098
4864
4100
4863
4102
4861
4104
4859
4108
4856
4110
4853
4112
4851
4114
4849
4116
4846
4119
4843
4120
4842
4122
4840
4127
4839
4129
4837
4135
4835
4137
4832
4139
4828
4142
4827
4144
4823
4145
4821
4149
4818
4153
4816
4156
4815
4160
4811
4162
4810
4164
4808
4166
4805
4167
4801
4168
4800
4169
4795
4172
4792
4173
4791
4174
4787
4175
4786
4176
4784
4177
4782
4178
4778
4180
4777
4182
4774
4184
4773
4185
4770
4186
4769
4187
4768
4189
4767
4190
4766
4193
4761
4195
4759
4196
4758
4197
4756
4200
4755
4202
4754
4204
4753
4206
4750
4207
4748
4211
4745
4213
4742
4215
4740
4218
4739
4222
4738
4225
4734
4226
4731
4227
4727
4228
4726
4231
4722
4234
4720
4236
4719
4238
4718
4240
4717
4243
4715
4244
4713
4246
4710
4249
4707
4250
4704
4252
4702
4253
4700
4256
4699
4257
4698
4259
4696
4260
4692
4261
4689
4266
4687
4267
4684
4269
4683
4270
4681
4271
4676
4272
4673
4276
4672
4278
4668
4280
4666
4282
4664
4283
4663
4287
4660
4290
4659
4292
4657
4295
4654
4301
4651
4303
4646
4304
4645
4308
4642
4310
4640
4313
4635
4315
4633
4316
4632
4318
4628
4320
4626
4321
4622
4322
4619
4326
4616
4327
4614
4331
4612
4332
4610
4334
4609
4338
4607
4341
4604
4343
4601
4346
4598
4349
4596
4350
4594
4351
4593
4353
4590
4354
4589
4356
4587
4361
4586
4363
4585
4364
4584
4367
4581
4368
4579
4371
4578
4372
4576
4373
4570
4375
4569
4378
4567
4380
4566
4381
4565
4383
4564
4384
4561
4388
4557
4389
4554
4391
4551
4394
4545
4397
4544
4399
4542
4401
4540
4406
4537
4409
4535
4410
4532
4413
4531
4417
4528
4419
4526
4421
4525
4423
4523
4424
4521
4425
4520
4427
4519
4428
4517
4429
4516
4431
4513
4433
4510
4434
4507
4436
4506
4439
4505
4442
4503
4444
4501
4445
4499
4448
4498
4450
4491
4451
4486
4453
4484
4456
4482
4459
4481
4462
4479
4463
4475
4465
4474
4466
4471
4469
2381
7741
7573
6758
8616
6021
7710
4233
2856
7590
1267
8986
8950
3808
3193
485
1685
8450
5735
6243
460
5100
6411
797
7916
6867
8398
8771
4134
8690
5659
5690
5529
1198
8710
4669
2732
4885
2195
4529
2110
6856
3730
6609
6099
3804
5483
3693
2129
6033
2115
4697
979
3838
5536
385
1524
4325
3682
2032
8152
8972
3926
7412
4171
422
722
5684
855
4377
757
2987
4847
5660
4962
6770
3698
2448
8079
6594
352
3474
8349
2916
812
1328
1597
4005
6293
3159
6266
4002
6060
7365
603
4330
4265
211
4441
4405
6325
8722
3692
1373
4161
4793
7374
1034
6473
42
906
1331
8236
618
803
394
3179
4387
8589
6336
3354
5158
4128
5314
2813
7337
1942
4362
3048
4508
7077
457
4728
6151
3059
7460
4705
8502
8375
8671
6393
1917
245
3753
2979
8061
6537
7727
7157
2141
1924
7536
6334
2466
547
6597
6306
7381
8863
638
2334
1114
273
7507
6808
4039
89
2753
7257
8451
5977
5854
7315
7679
2481
560
3803
7766
7653
1459
2114
3636
5971
4623
6750
8122
6531
3776
6761
6347
8844
6599
3420
7005
6124
2686
780
4757
3476
6860
4543
239
7912
5304
4133
8933
3317
8003
5983
7034
4647
5618
4836
718
163
2596
6414
5783
4393
5615
7602
1002
1074
2125
7694
6627
790
335
5890
3446
5386
4954
5451
789
232
6478
1673
5015
5554
6458
5978
8033
8551
4690
7109
649
3549
6422
5223
1427
7555
1570
7199
343
1397
1591
5998
952
4732
5515
8622
6845
8946
3178
8184
6616
3220
858
7422
5780
7984
5396
456
374
7041
927
5951
1512
472
5731
3713
5470
2984
7386
1893
2436
7978
4255
3645
1565
1456
6506
4165
2363
49
6362
3023
6934
3854
3105
549
1902
1908
2868
557
8216
526
1663
5326
3664
2692
661
5124
373
2322
1814
8882
8571
6350
7187
2556
4948
904
4492
3901
1742
7707
5705
4677
3709
3668
2075
1445
1132
5639
7117
7018
3502
2626
236
5448
4281
3720
5910
1463
5287
6680
1475
1376
5877
3443
3654
4148
6556
1971
7821
1804
8466
5367
7680
4511
674
3434
3820
7714
8522
260
1838
4802
7828
7362
5151
7326
8797
891
7995
4386
8997
5681
7069
2575
1137
3253
3678
5531
2095
7475
1837
8957
1968
2700
4370
6857
4981
8761
8503
1546
6227
8634
7144
3252
8392
2208
5154
1028
8772
7407
8484
3196
8869
4487
484
7208
571
6509
8856
6578
3389
7481
7503
8830
1785
1050
2070
6786
7282
5506
4109
2073
3415
2022
209
772
4871
3616
3481
799
5955
2293
7552
2435
8435
465
7493
5558
5281
7078
3525
1907
6490
1213
6315
8775
4762
1205
4300
8960
1607
3741
8836
8769
6511
320
6245
6066
8170
4181
7053
4998
1533
4956
8312
4493
2194
1963
8909
6903
1557
4412
3743
1450
201
4809
7908
3789
6733
2696
2963
4147
6718
6648
6038
3279
3464
588
7048
8113
3806
1255
1197
2255
3184
143
8798
3377
4279
8133
7696
8167
7190
702
139
8786
5642
3217
2297
3827
3067
1955
6814
5047
944
2291
314
5487
2127
365
746
3785
1394
3609
3285
4291
8799
5643
6201
7061
6446
7669
2439
4617
2746
4118
8970
8187
6222
8889
8328
4245
637
933
5555
170
2445
7119
4655
8677
7191
3030
5521
8718
4975
3116
255
8789
3691
5715
323
3356
8211
1389
5332
8357
6818
6356
4210
2672
6106
5476
4132
8034
1803
7934
4913
1452
2176
6835
605
8323
3907
5541
1156
8067
7310
455
6337
7444
438
3350
1362
2637
1730
4829
5350
1140
2978
5625
4376
2495
1751
2418
3109
8232
6405
3337
621
3362
4309
5736
3495
6518
8854
5251
8478
1569
2475
4115
1204
4803
7332
3912
3579
4232
2077
5105
5887
8777
6928
1871
6233
6379
7974
8990
4685
7395
7779
5197
4449
2275
3370
8504
138
2220
822
349
8859
6687
831
3066
2489
8827
1441
117
1831
7410
7732
2565
7750
4258
4201
7447
2356
7255
616
2155
3906
3561
6617
3104
1088
7780
6331
8934
5361
8237
2215
8180
6135
8582
5139
3045
327
7294
8743
7104
4143
6932
5912
1538
151
3563
5282
1516
4978
4408
478
5188
5252
1293
8062
8241
494
3909
5004
5437
2327
2833
5901
1271
8316
2402
771
1684
3756
8469
2887
4546
3098
1314
1648
3547
8590
2872
3449
6825
3962
2344
1559
5569
1444
6891
4729
8148
5192
7781
5573
7355
5362
4571
3463
6261
7830
5999
7595
8000
4643
4360
5199
2109
133
3251
8159
4275
7063
3546
4735
3529
157
2154
3768
2992
5121
3784
8102
2608
8860
3388
7178
5125
6357
501
8787
7568
512
3767
8492
192
4404
6463
500
2462
5397
2079
2740
130
4927
5485
7162
2152
101
6000
8880
8993
8937
3151
5134
306
7141
3398
3748
6551
2915
4629
5732
7344
607
1493
6512
305
1472
595
5387
7396
3629
3879
8245
8025
3545
7436
655
3149
355
3819
7699
2488
2802
1817
8320
970
1355
136
1001
5712
3596
660
3293
2941
4237
2465
4986
5974
177
6791
3621
8402
1196
1177
3158
7026
6968
5840
3510
393
913
6848
2995
7591
6319
4107
991
5048
5726
5161
4706
6095
1458
7972
3211
7463
7528
1970
7570
2054
7862
2587
3203
820
6909
7728
4636
2219
489
310
8230
2318
8493
4407
4426
7011
7746
6181
298
8012
7523
1885
2846
4723
8262
1188
4480
8737
2676
8657
3919
8212
2377
3995
7215
2069
2389
4788
7072
5987
3608
387
4736
4403
7461
4015
372
2269
1191
2707
316
2057
259
8497
7632
1109
1342
6747
8901
8354
3787
3853
7249
4230
7582
6441
6010
8685
414
8454
6208
7624
5050
2832
6676
5565
8313
2124
4374
1017
977
5870
6080
6748
8864
3509
5591
5754
2574
1311
7482
4340
498
7533
623
7625
5907
5247
24
4693
1572
2981
8643
5001
5879
6107
2742
3442
5721
5739
4749
6819
1112
6289
8123
778
1553
2914
47
2617
4824
7577
921
6978
4670
1564
2333
6514
3603
8715
2797
4771
5087
3492
1324
2953
8568
6917
1057
2045
7703
8103
2734
2789
5749
2105
1418
6868
2800
2967
8520
6400
5897
2510
2487
745
5499
525
7954
4580
8727
4155
7015
3232
8275
3313
72
5832
4366
2170
238
552
587
2380
5101
1295
8535
5232
2718
3732
5030
3036
1274
7777
6763
79
3124
5784
6143
4239
7614
1927
4111
3940
6893
1455
7688
7209
8154
7846
2135
5012
659
4733
5685
3270
3284
5693
249
1346
6579
176
3766
7607
6523
3419
7099
2277
2603
1223
2008
8360
3747
8209
3020
6110
5143
4512
5908
2337
7495
7615
7241
6730
3501
2699
3406
8405
6677
7210
4876
2203
1361
44
1042
2193
1845
1693
968
7673
467
3647
4552
198
2175
8951
626
794
903
508
1616
7224
2792
2146
22
6075
2884
3859
7200
4568
433
2268
3088
3857
6557
3344
7718
5067
6923
5457
6310
6072
1068
3864
7009
7996
5708
3424
3967
4488
196
5940
1821
364
1849
654
5338
41
292
4154
6264
1226
4796
7866
166
3093
1339
2423
205
6944
6255
2936
4979
2371
2117
810
4652
2191
6005
1923
6195
4286
2874
2061
2457
3170
5077
5243
6429
544
266
575
2218
4070
636
6311
3843
7556
7105
1482
6015
6402
4920
276
4708
6173
5344
3524
2739
280
7259
6501
8479
6011
717
8923
5193
4369
681
5737
737
6711
5353
3773
8459
5507
1714
1556
8440
339
1615
5561
8524
4901
8976
8008
8344
7301
5550
2986
6063
175
6380
3210
4905
7227
58
6139
357
615
8878
7531
3620
190
5588
4591
4888
3660
4533
4440
3870
3310
5442
4637
1049
5327
976
5718
2164
4337
5694
7132
8647
2138
3460
6164
4987
5135
4458
8506
3702
8498
4932
1580
8600
2243
8666
6044
5166
2562
5089
5880
8342
4775
2401
2392
5967
3685
4385
2678
5226
7848
248
5677
1984
5633
8744
1939
4251
7497
829
6169
5283
1793
8286
2083
5462
5607
1906
1549
3849
3955
4136
2425
7616
8563
5755
4709
6035
3535
6154
6276
4812
8579
2376
2675
5064
1666
2477
2635
7841
6202
6701
7371
3202
8861
3453
7464
6538
3115
2624
7455
1118
569
3931
7967
2472
8536
3486
8134
6649
5855
6947
8487
3323
5354
8577
8651
8964
8160
5431
3539
2812
5834
5785
5852
1692
4751
5547
8870
4076
2918
6973
2959
1973
3513
8707
951
578
1149
1127
2137
3556
5056
825
2839
521
6664
5429
5861
7640
8249
7654
3123
6532
4452
5678
2386
4299
8938
685
7413
7212
7345
7168
7311
1212
7487
7975
3268
2347
3050
4703
4294
635
5648
6081
528
8396
7106
4298
1338
3234
5340
7176
1595
5582
3336
483
8973
1083
7802
3164
4772
2134
1990
708
5091
5106
598
3894
3746
5824
1647
1139
1992
4242
7676
1151
7092
5585
4054
6127
3386
7957
4711
4999
6547
1036
8795
1758
10
2187
195
425
7419
1745
371
6951
6568
8264
8725
5468
1522
3130
4950
909
3641
1120
1131
284
8661
8111
6364
6303
8583
6880
4333
2035
7511
4489
988
8488
7085
4416
7213
2267
3480
408
5771
1245
7353
5253
5500
3984
1868
3433
6784
3261
1123
5687
7990
126
6764
3966
6539
4053
8339
3401
8255
3933
225
6406
7338
5019
4079
3292
3459
4500
8205
8256
2092
4396
7508
3114
5238
4661
2064
7852
6982
7427
4390
8350
1806
3072
1713
850
3964
4881
1242
7826
4221
4825
2160
6580
6723
2766
1526
7529
5979
8983
3878
2012
6312
4779
4838
3335
6719
751
2685
8387
1987
6299
5510
5944
3978
6432
4075
1054
8512
3065
2262
8358
4993
4688
802
3987
6952
6507
7770
8667
8092
3374
5517
8765
8620
1474
2300
610
3000
6100
2646
7021
1747
7266
1884
2601
2308
2911
6802
3903
3479
5273
8288
6690
5042
1584
6182
5920
7946
2731
4547
6108
7610
4103
5458
5656
8635
4894
4264
1501
8781
1038
2494
6812
1979
3016
7158
2641
2878
283
1579
2654
4959
2683
6322
1310
5654
3954
5404
6929
1364
162
8020
7562
2550
5649
4398
1487
7277
4819
6471
7202
653
6979
835
2844
4514
1609
2501
7888
4597
1612
6270
4248
3815
7129
2404
8696
180
6588
3267
5322
6437
4627
8251
6983
6248
4020
2871
6876
2059
1382
1757
8221
693
5706
4209
5009
6076
1081
8640
3566
4188
4106
262
4141
3244
8217
4928
7891
1998
2373
3231
5592
6381
2920
644
8894
1252
7898
5438
652
3301
6751
8547
5445
1087
1201
514
7711
450
4468
6628
6833
5918
4902
936
7306
6407
2053
8424
775
5473
7937
2724
1781
3141
5152
7559
5789
5239
6067
200
2938
716
3998
6023
4348
3084
7050
4866
4534
6438
370
711
8529
5791
7603
6561
8872
8321
5413
1531
8376
4518
7789
179
402
2326
3697
5492
3676
6453
7905
3628
1420
5427
1489
736
7166
6715
2104
2645
6519
6262
1720
1022
8144
1155
2312
3651
8807
6549
8046
1511
2650
2519
5183
1006
7056
1179
4224
1967
6576
7803
5103
7723
4572
8818
5477
2304
4716
7754
834
8314
3737
5619
8426
2359
3724
7924
540
8688
1989
900
3576
899
872
4045
4592
6665
2279
8200
7724
2442
8681
5181
8015
7159
2738
4957
4850
4199
4638
6214
4595
1629
4081
5570
7030
4780
6780
4721
7690
3369
2288
204
1033
294
6128
8305
7716
2526
2713
2531
1900
5454
4126
701
8040
4274
7902
728
3283
3366
34
4359
2214
2648
4183
5145
8203
7237
5371
1030
8719
609
7307
4307
5391
1790
1481
4541
1848
8638
5665
6604
8747
2518
6351
4644
8306
8801
5858
3992
3200
8372
4355
3022
7340
8010
2290
7002
1111
3263
6793
5419
2838
8094
5137
8910
4608
4857
1353
962
7312
1833
4860
2989
8206
1477
8329
2670
3309
843
6650
871
8691
6613
2431
890
8803
8403
7641
8821
2287
8711
6668
1548
5227
4678
2555
6716
7670
7097
6352
8317
1164
3018
5224
6685
308
189
5575
6795
1491
5117
3153
8325
8675
2317
7617
1436
2498
7819
2758
5859
6678
3394
1627
362
2962
5398
6114
6459
3684
1021
3649
5968
2929
6394
5230
1485
740
1507
3606
7910
1856
7483
6965
4813
7429
4976
2067
5424
5578
5841
6159
7319
5586
5835
1941
1504
4358
377
2855
3409
2346
8839
7579
4494
8682
8911
1431
8467
8303
4867
920
5761
643
6828
7734
8499
7145
3404
4140
1254
586
8407
4538
7070
1604
1183
5673
1756
1764
5629
4336
1290
231
707
4483
7089
5697
173
4760
4277
8697
4602
3528
888
5234
4746
4841
2247
4982
6681
3462
5562
8548
896
765
5172
8068
188
1079
7885
2470
4125
5847
5626
849
3012
614
2002
3256
8604
7120
6385
7121
1780
2820
5351
7824
7626
1698
697
6849
6962
8686
8099
3426
3236
6850
8766
5995
819
1827
2853
1400
5811
6386
3659
1809
5220
8462
3729
2385
6341
8377
581
6960
8432
7642
2140
5605
7288
5796
6766
7842
3139
6387
7206
5364
1568
839
7651
2886
2870
6618
7942
4886
3601
7260
1736
2186
8489
6585
8513
8987
3441
1381
3342
5762
3555
6641
8874
6911
2479
2867
440
6672
1308
4934
8109
432
1182
3897
8632
6644
4194
6166
7163
2785
5040
1701
3391
1561
7771
8289
8388
6050
1798
5359
230
2828
7489
8850
6240
3523
8218
3295
2850
5598
1521
477
382
5781
1093
444
4085
3624
2715
5035
5727
8444
4624
1954
497
4297
8155
1841
5913
8175
5094
2580
5956
796
680
1936
5630
2966
5481
124
1417
5013
5264
7772
6691
4562
7889
8961
5688
4996
6759
7289
6234
7798
3148
4852
1763
7879
4342
1705
5882
5127
413
2776
5926
4273
2226
5563
3763
379
6820
6327
2245
4319
8730
1045
446
2594
6235
156
6574
348
4743
3834
421
1535
565
183
1947
8013
303
3797
8069
7239
1953
1776
1718
6415
1620
4599
244
108
7930
898
2021
863
2546
7453
7583
185
3122
2072
642
7268
594
4789
3783
2787
7283
7755
7704
1697
7440
2607
2578
5741
2653
6374
8662
7643
3417
3554
6945
2122
6016
2592
985
1722
1830
750
7142
5119
7349
7180
2513
721
5716
5347
1644
5284
2201
5661
6252
2493
3590
4013
7456
8282
6872
861
4785
8543
3811
5883
7627
88
6938
1187
3888
4653
6883
7375
7261
4656
5757
3039
416
1767
5713
8851
8991
5288
6397
7944
613
2198
6829
8767
1555
8080
3439
885
7449
6984
1027
4113
2314
3009
6900
4049
2492
941
8037
5329
3316
1270
6176
6669
6203
5163
841
3266
8613
4131
1843
1657
6504
7184
4263
3890
3308
8041
2266
1257
7524
1593
5631
8751
4352
2883
3260
4960
81
2131
3852
1335
8474
2417
4220
3740
5792
2453
2584
4613
5069
1145
3028
6129
454
2952
5305
4217
3799
3097
3265
3534
6589
3033
1019
7079
2284
1590
5213
8819
213
8555
3573
6430
3822
3953
8601
4420
4854
2018
2503
4667
8427
6744
1380
5244
2299
1302
4548
1863
504
7130
5972
4862
7761
6970
8694
4605
5146
4527
7308
8837
2063
1170
6008
4524
5923
2089
7782
919
149
8998
3600
3108
742
3704
3365
7621
282
5169
5217
4306
3837
4192
8367
6773
7138
6476
2837
7571
2974
8044
2398
8018
8602
2946
8057
8127
7067
5194
5934
5766
2183
5518
3942
8530
8952
8379
3077
4662
875
2663
6144
223
6228
882
3991
7867
7478
1997
4790
4935
6403
1898
275
8284
116
5698
7216
3586
6030
731
3181
511
739
2729
2905
5952
6991
4285
6484
3982
7217
8481
7445
2150
110
5650
4878
4918
8048
932
5175
3035
8428
1284
3026
5864
881
4447
3385
8924
6940
7347
1350
7534
8476
3166
7917
5961
902
5128
6294
3007
3658
3873
2620
6291
2784
7402
3298
8591
8852
7903
3328
877
1641
7932
4848
2554
5874
7786
2863
5449
3916
3015
8150
8824
8584
1510
1210
1392
278
3384
996
7405
3572
8883
3885
6485
1423
107
8557
8648
6116
3229
4056
2254
8561
6702
3003
556
4763
3058
8537
4402
7046
5200
5945
4833
8756
1234
5277
7597
1905
5248
4305
2704
8352
3056
6467
1047
539
2341
6787
1762
3249
5985
1975
2950
7019
1820
7172
5593
6776
6861
319
4938
228
2859
6822
1552
6464
993
2207
7133
4577
1920
1983
3498
7880
8778
1726
1016
1717
95
1930
2711
8156
3780
4422
1265
1323
2441
974
7424
3796
7188
4682
488
1515
1251
4065
8490
1249
1601
4826
3163
1600
1447
5399
5959
5545
923
8735
4146
6316
3228
4317
6425
7520
5964
8811
5929
8914
1867
4966
6117
6267
4121
2039
1750
5228
5662
1662
8558
4476
1
5061
7203
5865
7752
7431
6552
3571
3297
99
3103
4411
5203
3379
2639
2460
3242
817
1808
1611
1322
1326
84
2339
8185
8294
6926
123
147
4822
8966
2882
4289
1587
7684
8436
2163
1938
5804
5184
4504
3559
5189
8540
793
5254
4472
3681
6935
3826
8605
1586
7843
5375
8532
6877
3667
8541
7985
1576
6448
8984
3795
480
3383
1154
4830
7112
7566
1425
5719
3770
1695
3500
6320
5381
4906
8063
6307
3544
271
7126
2545
4438
4435
2737
7246
2037
3818
8876
2148
4820
5511
1836
5218
2370
4446
2577
2606
8188
6460
3044
1950
8124
1851
7854
8086
7598
412
1228
8636
8517
5489
8533
1015
3599
8944
2233
257
216
6654
8243
7035
161
146
8421
3883
3997
2765
5474
6610
7012
5110
5379
8552
3863
7553
8189
2665
5526
8368
1853
5674
252
5
961
7363
7082
3532
1761
428
3892
5204
7194
2931
4034
6282
6739
1304
1792
6956
6277
7251
2097
5596
6839
8745
7537
7895
857
5722
222
3054
5452
4648
7397
2783
5828
3186
2940
1175
2745
4347
6479
5036
5636
8005
6167
2355
3274
2265
3002
7831
3102
4834
4615
1333
1710
6706
1078
7115
4430
6907
6534
4288
2331
1728
828
6174
5965
1349
5393
503
524
2728
2896
1086
3715
2631
4783
37
3189
7304
3614
7835
5702
234
2823
1282
2108
4105
3095
2727
7122
5988
83
57
3330
3986
6864
4712
8630
1434
8592
3925
8393
4515
7173
21
3674
1783
847
8429
2500
141
391
3623
1520
1996
1297
6590
676
4620
1965
3867
2522
546
555
2178
8222
3671
471
2469
6619
8363
1411
5016
8192
1551
60
32
4806
925
6721
2325
1634
2811
1952
7295
5571
1623
2001
1413
4247
154
6224
665
8247
1567
169
5186
6054
6439
6036
3438
727
6920
7378
7839
3011
4302
7965
2483
8703
6692
930
7896
2652
3612
1888
8370
1652
5501
5440
5279
2891
4170
7042
464
3915
384
4130
8345
7677
2799
1174
5307
1519
8095
6852
2428
4991
3520
3794
329
1911
1269
6205
816
8446
1159
2810
4208
4345
3735
5763
493
8239
1503
4776
628
6219
1760
2752
2042
6752
376
4558
8939
4752
5768
3833
2159
2698
6188
3312
3877
5053
8644
6682
5524
5522
8564
5848
8139
2241
2956
1740
6241
8125
7342
7498
2238
7057
334
4831
2034
4781
4067
939
6328
673
1162
8224
7968
6132
3364
1679
1771
4665
1498
4671
2324
5559
3287
3977
6600
3376
4091
1085
2773
8940
1960
726
949
5384
7550
3413
5301
1687
5733
243
6735
4691
3169
6160
4814
8161
6039
1117
1700
8485
3516
4909
523
4984
1995
2943
9
1829
7230
6018
3412
7557
814
5888
3216
6003
1208
3505
2791
3700
153
785
6358
564
3594
242
4641
3397
8390
405
354
7849
8195
7712
70
6635
8437
5663
6905
3688
7665
6278
6731
7442
2088
2316
2972
4868
4573
7327
5421
3810
4674
8296
8077
8885
4582
401
6842
8408
8128
333
1946
8176
641
1619
1563
3872
5682
3087
1618
7938
5666
4804
3341
678
7708
13
8364
6031
3239
7796
4502
27
7636
7719
4630
8280
2006
7366
1316
3666
4097
6372
5842
3348
449
7630
5408
67
4062
5023
7420
5609
1862
29
6566
3071
215
6540
8332
710
1366
3959
5579
106
4891
1236
7736
6957
801
6073
6583
7538
5107
8641
5078
4198
2881
7935
8655
2311
4089
6697
2158
2643
7434
8178
6377
1813
7997
115
8050
2841
6118
1870
8140
7992
453
7164
7231
5394
5070
227
182
8410
6258
2600
5519
8173
4858
4536
1396
312
2231
6980
2120
7032
8213
2143
852
2893
4892
407
4219
6622
3126
7324
6408
5026
8920
6803
5902
7700
3663
720
6491
3134
7090
5318
3640
4392
8988
6535
4455
3361
2910
7387
8355
8699
7169
4940
2634
1773
8472
7876
1337
1360
4094
6274
7681
2206
4963
6831
1195
5703
6954
5843
3304
8618
7147
7738
2094
8233
5667
5255
7661
5190
8928
1578
2808
4027
3527
5621
5612
7376
325
1994
6858
6985
535
1301
8814
8518
5348
5259
346
3680
1739
7197
8252
1430
4229
2422
4844
3570
5679
301
6707
5471
4022
648
868
1240
4588
7691
4314
7697
6057
3814
288
6177
4973
3156
2542
2553
3081
6526
160
6699
3247
2081
7083
4509
3723
8135
2983
1161
4284
6259
6286
40
3899
4052
5670
2657
8129
3069
4714
1219
7016
8712
1292
6545
1716
3133
6338
5914
7517
8273
6601
390
2667
1044
8141
5800
4649
5341
2349
768
2368
6388
5773
567
2367
6085
5576
4312
1861
2928
5298
5566
6191
2330
5949
3484
1239
6096
517
6836
4344
5616
8565
8828
2880
7414
7871
2014
3832
411
7279
2020
1341
1059
2662
3226
6502
5357
3565
1583
6412
6178
6756
8748
5990
2102
4212
3478
8930
220
159
1500
537
6915
585
915
492
286
1130
749
2343
361
3905
3327
5836
2998
8070
6383
4019
7920
4101
1769
8054
4470
7400
4530
4047
8953
5315
4872
1904
8457
6614
8136
584
8507
4797
2005
7543
418
2721
2509
8120
2217
6826
4099
4747
7024
1369
6068
7592
86
4026
6196
5866
3765
7648
2611
6886
6897
3497
8023
2955
7123
7218
960
8055
8733
5657
8196
7874
463
8981
865
6495
8596
3973
8335
699
8291
6091
2190
6058
3990
7976
3972
470
12
8607
7028
7051
7107
5270
792
1135
3841
943
7649
1914
6455
4031
8921
6581
3080
6045
4117
5294
2751
8146
6046
8968
733
2044
2586
1103
4495
6064
7850
8299
5164
5969
5548
5024
1077
1041
4382
5195
1982
4010
4473
8411
3183
7925
6670
5081
3553
6963
8779
6524
1368
2770
120
894
4241
5946
1949
3531
2412
4873
1388
5527
5996
2805
6771
3241
5745
8171
6683
442
6629
1299
3468
7768
8107
3971
5759
4477
6881
7881
8886
2050
8257
4724
8833
2249
5627
7514
5699
631
7563
7360
5885
2861
2261
5844
2775
5422
1632
2582
2512
908
3662
2528
5816
1454
7504
4883
435
1384
683
3976
7662
2831
7814
5333
4418
3112
5837
4395
7450
4764
4467
4725
8181
7263
7637
3911
2026
8430
20
1929
2283
3862
8494
8380
2865
5601
4029
2994
5257
7744
5927
342
4970
8574
5797
846
3848
5786
7633
254
3144
5746
8762
6152
3423
6317
7403
4152
5915
5149
2573
6092
5891
7951
1637
4415
7986
4151
1348
7979
4555
1802
5432
1278
4485
7799
1116
5892
5856
2804
774
6611
165
1230
5466
7367
777
5240
8553
7037
8804
4845
129
3856
5769
6651
1107
5602
5211
2000
3303
1497
2251
5930
7064
887
965
1106
2660
6553
5097
2119
7170
7783
2409
5299
2438
5532
3359
2486
6086
8917
7292
4339
8413
3429
6055
6348
4329
3752
2286
1683
7644
6913
2710
7580
6658
520
3952
5504
4365
3639
5599
1935
1518
3831
2706
203
7604
3321
6345
6119
6606
3739
8190
8614
7725
8902
5062
874
3043
6001
19
6171
2945
5207
5312
31
1514
6666
838
8653
6332
1261
6894
8723
8318
2406
16
3198
6898
2474
5159
8495
2452
3207
8822
4553
6631
8333
6370
5308
7815
3970
1276
4464
6620
1407
4042
8683
8903
2508
984
6246
4798
6295
65
8720
6426
6662
5006
6206
8585
1440
4124
6740
5221
8664
6308
5941
715
1724
2497
8118
519
2310
1264
5807
3994
338
3320
5700
1449
5798
2205
7587
5176
8890
1977
7656
5817
5935
787
7013
8947
8575
8326
4379
7742
4044
8678
2726
2760
2174
3400
2384
4701
3575
2296
5113
4921
8805
341
8925
1147
5777
6712
3358
2049
7139
5936
1712
4150
1190
6468
1307
4737
8816
3969
3558
389
6130
2750
6816
7667
1402
6837
7918
2091
4461
6840
3428
1682
8948
3325
2086
4457
3090
8219
6541
554
4490
1732
6862
1676
7756
3490
2307
8907
26
5209
1800
947
5747
5324
3061
2361
981
4123
265
168
8269
8569
2933
6469
2253
8757
5400
2991
3448
3937
8912
7234
337
6161
6607
8538
105
3948
2538
5417
3411
3276
4600
5975
6456
6391
918
1386
2047
8609
3137
2717
8365
7271
1707
4679
2400
4539
5002
1405
6806
4004
4964
559
3936
132
6215
4874
8310
5764
7544
6051
6435
94
2085
5645
6162
3935
1416
297
2816
4855
7095
8812
53
5289
6121
7007
2756
1962
4254
7747
4496
91
8197
8452
2379
2900
3538
4203
1529
7485
6602
2889
2835
2720
4432
3219
4634
3551
6529
6966
4
1933
2101
4138
1200
8962
2849
3473
5342
8276
7274
2958
3762
5033
574
3896
268
5268
3696
2843
5155
670
4497
4478
6237
3129
1823
3930
3585
1005
590
6461
2517
573
3472
5533
6521
3436
4335
2352
7960
4328
8419
3224
1749
8931
1158
8692
6283
8035
1313
4414
4559
8340
5542
5302
1466
2535
7518
5373
7969
3605
2056
1528
2680
3353
4061
2830
884
437
8399
3928
6693
5368
5075
8087
7290
2709
672
7822
5249
6823
431
5787
7987
2282
4744
3632
8840
756
5651
8834
397
2778
3782
6854
4159
879
8383
580
8790
2427
8741
5007
7058
241
3847
8142
6296
7232
3634
3581
6052
399
3111
359
6061
8954
6796
600
4311
8433
7398
5261
2041
8566
5071
6284
2782
5622
5819
640
6185
2976
4216
8082
5156
8
6725
1433
5201
2237
6543
5872
4603
3846
6673
5215
18
4400
6040
1606
5291
6409
1306
1678
7958
7039
7608
5794
6656
5082
7093
3209
5122
1826
7900
2329
8587
1890
6342
5691
6976
5295
3173
5497
593
5495
1651
8381
4324
4686
507
6846
1877
4235
5637
8100
5038
6103
6111
6047
6637
1052
7869
7810
7124
5981
2922
5478
6077
3258
135
1574
8773
5177
7806
3074
2616
7804
7501
2610
6041
7075
1691
2633
5010
8627
6554
1480
4041
4943
6238
7618
3957
5330
404
2099
6078
4618
4675
6708
533
3025
8610
5603
8001
1105
3961
6632
7479
3836
2414
4522
6323
5894
6087
4158
2825
6487
7863
7316
2623
7505
7244
8225
3119
3076
1840
4560
8645
4268
1654
3373
4179
1168
15
7560
8292
208
318
5245
7811
2416
1896
5141
620
3631
8073
6367
1847
2877
770
5092
5131
2264
1040
4556
8016
6389
5167
4574
7151
7634
760
5931
3195
4730
5537
1415
1193
1358
8131
3290
4205
8051
5405
4460
1625
1101
5862
5671
5108
3751
8300
7204
8994
647
4583
7588
5512
4223
7356
5551
1875
1153
6997
4575
6558
3255
7585
5634
5556
7195
251
7073
2173
1004
4443
7185
219
5406
4157
8394
577
2537
7065
2682
5589
6774
1873
7372
103
3813
4794
8258
6279
8030
2926
8508
6149
5098
6496
8234
2166
8260
1646
5668
7773
987
5538
1703
4163
2223
5875
2533
2903
4069
972
2516
8847
4051
1631
4621
4799
1404
8028
3334
764
5460
8031
6416
2211
1126
4357
3817
2822
2351
3706
487
3728
542
4296
696
8226
6652
7685
1238
8958
145
8114
5820
753
6313
6993
5414
3300
782
6924
6225
36
6497
6339
4639
4084
8460
6569
8974
6987
2908
6971
8104
5490
3319
7981
2969
4087
1288
2769
3143
8704
51
8625
7913
7775
2016
1859
1461
8895
3458
4073
1013
4807
4879
8038
1879
6198
4694
291
5539
7299
5895
452
6659
1883
6418
2354
2895
8385
3100
430
7390
4549
4695
4765
1092
562
3775
6183
4988
296
7379
2228
7758
8598
7392
1062
8271
1207
2464
6137
7228
345
3333
3745
2011
4563
8058
998
6754
946
6737
592
8207
7892
2189
748
2430
6157
2763
5743
8782
8845
5115
3315
6777
1167
8731
6586
5334
669
4191
3488
4925
3408
1468
3793
597
64
2848
3494
3584
3079
1134
2815
410
1091
5822
7659
5808
3578
3332
5435
837
1011
93
8361
4817
7
7686
5043
3876
8549
2113
1378
5345
5809
4967
3281
767
7491
6140
4946
8887
1755
8999
7369
5903
3791
911
8594
5083
7458
2695
1640
4083
5335
8266
2272
4008
1495
4650
6300
7155
4007
1636
55
1735
7284
4907
4550
7275
516
2781
5623
8089
2181
207
4214
6304
1281
7247
3541
956
6104
2433
7857
4025
3168
2656
1073
427
1090
7467
4606
5409
4625
4914
7837
8896
6097
3656
4059
5932
8157
8628
6726
6069
8163
3825
2748
6874
112
7800
6998
6799
3086
3939
4037
8955
6660
7296
6070
7499
7612
1259
3914
1670
3032
2185
755
1986
8065
6125
1372
5709
5829
833
2366
5830
8669
8738
2358
3522
2271
69
8831
8791
2852
646
1926
4611
4658
8841
482
5502
1614
7235
6028
625
4952
4323
5552
2274
3975
7220
4454
3014
704
3432
5173
8297
808
4989
1919
2898
3690
695
4899
6974
5898
3619
7181
8470
3779
706
3588
3053
7297
8441
7470
4058
6465
6865
4036
2619
6216
3830
6781
6042
3052
964
7593
602
2169
8330
5446
5382
5309
3829
2455
5953
8897
7358
3851
3670
1330
2688
3471
3038
1076
2010
6443
4680
4437
5017
3346
3673
6789
2561
4293
3047
7286
462
612
5805
7886
3644
5051
990
8995
6395
8898
7148
3802
3041
6026
3132
8400
4262
1796
6745
4936
1545
3063
5493
6591
1097
5205
5129
6287
8447
6420
4631
7086
744
8892
8373
7791
1221
5170
3121
5265
8514
4741
