10000
2
9997
7
9992
9
9989
10
9985
12
9983
14
9982
15
9978
18
9976
20
9974
23
9970
24
9967
26
9966
28
9965
29
9964
31
9962
32
9959
33
9957
36
9954
38
9952
40
9951
43
9950
45
9948
48
9947
49
9945
51
9944
52
9942
54
9940
56
9936
59
9935
61
9933
63
9932
65
9930
66
9928
69
9926
72
9924
76
9922
77
9918
79
9917
81
9916
82
9914
84
9910
85
9907
87
9906
90
9905
93
9903
95
9901
97
9899
99
9897
101
9896
102
9895
105
9892
109
9888
112
9885
113
9883
115
9880
117
9879
120
9877
122
9875
123
9873
124
9871
127
9869
130
9868
132
9867
136
9863
138
9861
142
9859
143
9857
145
9853
147
9851
148
9850
152
9849
154
9846
155
9845
157
9844
158
9842
161
9840
162
9838
163
9835
165
9834
167
9833
168
9830
174
9828
176
9827
179
9826
183
9823
186
9822
187
9819
189
9817
190
9816
192
9814
194
9811
195
9809
197
9805
199
9803
201
9802
204
9799
205
9797
207
9796
209
9794
212
9789
214
9788
216
9786
217
9785
218
9781
219
9779
220
9778
223
9775
224
9771
225
9770
227
9768
230
9765
232
9762
233
9760
234
9759
235
9756
237
9755
239
9754
240
9753
241
9752
244
9750
246
9749
249
9748
254
9746
255
9745
259
9743
261
9740
264
9737
265
9735
267
9733
271
9732
272
9731
273
9730
275
9727
279
9725
282
9723
283
9722
285
9718
289
9715
291
9713
294
9712
295
9711
299
9709
302
9708
303
9707
304
9704
306
9701
308
9696
309
9693
310
9690
312
9688
313
9686
314
9685
316
9683
319
9682
323
9680
326
9679
328
9678
329
9676
332
9673
334
9670
335
9668
337
9667
338
9665
339
9662
340
9659
344
9656
346
9655
349
9654
350
9652
352
9651
355
9649
356
9647
358
9646
364
9645
366
9640
367
9637
369
9634
370
9632
371
9629
373
9627
376
9625
378
9623
380
9622
381
9619
382
9617
385
9616
387
9611
388
9610
390
9608
391
9604
395
9602
398
9599
399
9597
400
9595
402
9593
405
9592
407
9590
408
9588
409
9587
410
9585
413
9584
414
9583
417
9582
420
9580
422
9576
425
9574
427
9571
429
9568
431
9566
432
9565
433
9562
436
9560
439
9558
441
9557
443
9555
446
9551
448
9549
450
9547
451
9546
453
9544
456
9542
457
9540
459
9536
463
9534
464
9533
466
9530
468
9528
469
9526
472
9523
473
9521
474
9519
475
9515
478
9512
480
9509
482
9506
484
9504
486
9502
488
9500
491
9498
493
9496
496
9495
497
9494
498
9489
500
9488
502
9487
504
9485
506
9483
507
9482
509
9481
511
9479
514
9476
516
9474
520
9472
523
9470
525
9466
526
9464
529
9462
531
9461
534
9459
536
9456
537
9452
540
9451
542
9450
544
9449
548
9448
550
9446
552
9444
555
9443
557
9441
559
9438
560
9437
561
9436
564
9434
566
9433
568
9431
570
9428
571
9427
575
9425
579
9421
581
9418
582
9416
583
9414
585
9412
588
9409
590
9407
594
9404
596
9401
597
9400
599
9396
600
9395
602
9393
604
9389
606
9387
609
9383
611
9382
614
9379
618
9377
619
9375
620
9373
621
9372
623
9367
626
9365
628
9363
629
9360
632
9357
633
9354
634
9352
637
9349
638
9348
640
9345
642
9342
643
9339
646
9337
650
9335
651
9334
653
9332
654
9330
656
9328
658
9324
659
9323
662
9322
664
9321
669
9320
670
9315
672
9314
675
9311
677
9310
678
9308
681
9305
683
9302
686
9301
689
9299
691
9297
695
9295
697
9294
701
9292
705
9290
708
9287
709
9285
710
9284
714
9283
716
9282
719
9280
720
9279
722
9277
724
9276
727
9273
729
9272
730
9271
733
9269
736
9267
737
9266
738
9262
739
9261
740
9257
741
9256
742
9254
745
9253
746
9251
747
9248
748
9247
750
9241
751
9239
754
9238
755
9236
758
9235
759
9234
761
9232
763
9229
766
9227
767
9225
770
9224
772
9221
773
9218
774
9216
776
9214
779
9213
780
9212
781
9211
784
9207
787
9205
788
9204
790
9201
792
9200
795
9198
796
9197
798
9194
799
9193
800
9192
802
9189
804
9185
808
9182
810
9180
812
9178
817
9177
822
9175
823
9174
825
9173
826
9169
831
9166
833
9165
836
9163
838
9161
840
9159
842
9157
843
9156
844
9154
846
9153
849
9150
851
9149
854
9145
856
9141
858
9140
860
9139
863
9138
865
9135
866
9132
868
9128
870
9126
873
9121
875
9120
878
9119
879
9117
880
9115
882
9114
886
9111
888
9109
891
9107
893
9105
895
9104
898
9103
899
9102
901
9101
902
9100
904
9098
906
9095
908
9090
909
9087
911
9085
913
9084
918
9081
920
9078
922
9076
924
9074
928
9072
932
9071
933
9069
936
9067
938
9066
939
9064
941
9061
943
9059
944
9058
945
9054
948
9051
950
9050
951
9046
954
9045
956
9043
959
9041
960
9039
962
9036
965
9032
969
9029
971
9028
973
9026
976
9023
979
9020
980
9019
983
9017
986
9013
989
9012
991
9010
994
9008
997
9007
1000
9005
1001
9004
1003
9002
1005
9000
1009
8999
1011
8997
1013
8995
1015
8994
1017
8990
1018
8986
1021
8983
1023
8982
1026
8980
1028
8979
1029
8977
1030
8975
1032
8969
1034
8967
1035
8966
1037
8965
1039
8963
1042
8961
1044
8957
1047
8953
1051
8951
1054
8948
1056
8945
1058
8944
1059
8941
1061
8939
1062
8938
1064
8935
1067
8933
1069
8930
1070
8926
1072
8924
1073
8922
1075
8919
1077
8917
1079
8915
1080
8914
1083
8913
1085
8912
1087
8911
1089
8908
1091
8907
1095
8906
1096
8904
1100
8903
1103
8901
1104
8899
1107
8896
1108
8895
1109
8893
1113
8890
1116
8887
1117
8883
1118
8881
1119
8879
1120
8878
1123
8877
1125
8876
1128
8875
1134
8872
1136
8869
1137
8868
1142
8867
1146
8866
1148
8862
1150
8859
1152
8856
1156
8855
1159
8853
1161
8851
1163
8850
1165
8849
1168
8847
1170
8846
1173
8844
1175
8843
1177
8842
1180
8839
1182
8838
1187
8836
1188
8834
1190
8832
1191
8828
1192
8826
1193
8825
1194
8824
1199
8823
1201
8821
1202
8816
1203
8815
1204
8813
1206
8812
1209
8810
1213
8808
1214
8806
1215
8805
1218
8802
1222
8799
1223
8797
1225
8795
1226
8793
1228
8792
1231
8791
1233
8789
1234
8788
1235
8786
1237
8783
1239
8781
1241
8780
1242
8776
1243
8774
1247
8773
1251
8770
1253
8769
1255
8766
1260
8763
1263
8762
1265
8760
1267
8758
1268
8757
1269
8755
1271
8754
1272
8752
1274
8751
1275
8749
1278
8748
1279
8746
1280
8744
1282
8741
1284
8739
1286
8738
1287
8737
1289
8734
1291
8730
1292
8728
1293
8727
1294
8726
1297
8725
1299
8721
1302
8719
1305
8716
1306
8714
1308
8712
1310
8710
1313
8708
1315
8707
1317
8705
1318
8703
1320
8699
1324
8696
1326
8694
1328
8691
1329
8688
1332
8686
1333
8684
1337
8682
1339
8681
1342
8680
1344
8678
1346
8676
1349
8675
1351
8674
1353
8670
1354
8668
1355
8667
1359
8666
1363
8665
1364
8664
1366
8662
1368
8660
1371
8658
1373
8656
1375
8653
1380
8651
1385
8650
1386
8646
1389
8645
1391
8644
1392
8643
1393
8640
1394
8639
1395
8637
1397
8636
1399
8634
1403
8631
1405
8629
1406
8627
1410
8626
1413
8625
1414
8624
1417
8623
1418
8620
1419
8619
1420
8615
1421
8612
1422
8610
1423
8609
1425
8608
1426
8607
1427
8605
1429
8602
1432
8601
1434
8599
1435
8597
1436
8595
1437
8592
1440
8590
1442
8587
1444
8585
1447
8584
1451
8583
1453
8580
1456
8579
1457
8578
1458
8576
1459
8575
1461
8572
1465
8570
1467
8569
1469
8567
1470
8566
1473
8565
1474
8564
1476
8563
1478
8561
1481
8557
1484
8552
1485
8550
1488
8546
1490
8544
1494
8543
1497
8542
1499
8539
1503
8537
1504
8535
1509
8532
1510
8531
1513
8529
1515
8526
1516
8523
1519
8520
1520
8516
1521
8513
1524
8511
1526
8509
1528
8508
1529
8504
1530
8501
1534
8499
1535
8497
1536
8495
1538
8493
1541
8490
1543
8486
1545
8483
1547
8482
1548
8479
1550
8477
1551
8475
1552
8474
1553
8470
1556
8469
1557
8467
1558
8465
1560
8460
1561
8457
1562
8452
1568
8451
1570
8450
1572
8447
1574
8445
1576
8443
1578
8440
1580
8437
1583
8435
1584
8434
1585
8432
1588
8431
1589
8429
1591
8427
1593
8426
1594
8424
1596
8423
1598
8420
1600
8418
1602
8416
1605
8414
1607
8412
1611
8411
1614
8409
1618
8408
1619
8406
1621
8405
1622
8402
1627
8400
1629
8397
1631
8395
1632
8393
1633
8392
1634
8391
1636
8390
1638
8388
1642
8387
1643
8386
1644
8382
1645
8380
1646
8376
1647
8374
1648
8372
1651
8370
1653
8369
1654
8368
1655
8366
1657
8363
1659
8361
1660
8360
1662
8358
1664
8356
1667
8353
1670
8350
1673
8346
1675
8344
1676
8342
1679
8339
1681
8333
1682
8329
1685
8328
1687
8327
1689
8326
1691
8325
1694
8324
1697
8322
1700
8319
1701
8318
1704
8317
1706
8312
1707
8310
1711
8309
1713
8307
1715
8305
1717
8302
1719
8300
1723
8299
1725
8298
1727
8294
1729
8293
1732
8290
1735
8287
1737
8285
1739
8284
1741
8282
1745
8280
1747
8277
1748
8275
1751
8271
1754
8269
1756
8267
1757
8265
1761
8263
1764
8262
1767
8261
1768
8260
1770
8257
1772
8255
1773
8254
1774
8253
1776
8252
1779
8249
1781
8247
1786
8244
1788
8243
1792
8241
1793
8239
1796
8235
1798
8231
1804
8229
1805
8228
1806
8225
1807
8222
1809
8219
1811
8218
1812
8216
1814
8215
1815
8213
1817
8212
1818
8209
1821
8208
1825
8206
1826
8204
1828
8202
1830
8200
1831
8199
1832
8197
1835
8196
1837
8189
1839
8186
1842
8185
1845
8183
1847
8181
1849
8179
1851
8177
1853
8175
1855
8173
1856
8172
1857
8171
1858
8169
1859
8167
1861
8165
1865
8164
1867
8161
1868
8158
1869
8156
1870
8155
1872
8153
1873
8152
1877
8151
1880
8149
1881
8148
1883
8147
1885
8145
1888
8144
1891
8142
1892
8139
1896
8136
1898
8133
1899
8130
1902
8128
1904
8127
1906
8125
1908
8123
1909
8122
1910
8120
1912
8119
1915
8118
1918
8117
1920
8116
1921
8112
1922
8110
1924
8109
1926
8107
1929
8106
1931
8105
1933
8103
1935
8101
1937
8098
1939
8095
1942
8094
1944
8093
1946
8091
1948
8087
1952
8086
1955
8084
1959
8082
1962
8081
1963
8079
1964
8078
1965
8077
1970
8075
1974
8074
1975
8073
1977
8071
1980
8070
1982
8067
1984
8063
1985
8060
1989
8057
1990
8054
1993
8052
1996
8049
2000
8047
2002
8044
2004
8043
2007
8041
2011
8039
2013
8038
2015
8035
2018
8033
2021
8029
2022
8027
2023
8025
2027
8021
2029
8020
2030
8019
2033
8016
2034
8014
2036
8012
2038
8010
2040
8009
2045
8007
2046
8005
2048
8002
2049
7999
2050
7998
2053
7997
2054
7996
2057
7994
2059
7993
2060
7991
2061
7988
2062
7984
2063
7983
2065
7979
2068
7977
2072
7976
2075
7973
2076
7972
2077
7969
2080
7968
2082
7967
2086
7965
2087
7963
2089
7957
2090
7953
2091
7952
2092
7951
2095
7948
2097
7947
2099
7945
2102
7942
2105
7939
2106
7938
2108
7937
2110
7932
2111
7931
2114
7929
2115
7927
2116
7925
2118
7924
2119
7922
2123
7919
2127
7918
2130
7916
2132
7913
2133
7911
2135
7906
2138
7903
2141
7901
2143
7899
2147
7897
2149
7896
2150
7895
2151
7894
2152
7890
2153
7889
2154
7886
2155
7885
2158
7883
2162
7881
2163
7879
2165
7878
2167
7876
2169
7872
2170
7869
2172
7868
2173
7867
2175
7866
2176
7865
2178
7863
2180
7862
2181
7860
2182
7856
2186
7854
2188
7852
2192
7847
2195
7844
2198
7842
2199
7840
2200
7839
2201
7834
2202
7832
2204
7829
2205
7828
2207
7827
2208
7823
2209
7821
2210
7820
2211
7816
2215
7815
2217
7814
2218
7812
2220
7811
2221
7809
2223
7806
2224
7805
2225
7804
2226
7802
2227
7800
2228
7799
2230
7798
2231
7797
2232
7796
2233
7794
2236
7793
2239
7792
2241
7789
2244
7784
2246
7780
2248
7777
2251
7776
2253
7771
2256
7769
2257
7764
2258
7763
2260
7762
2264
7761
2265
7758
2267
7757
2270
7756
2273
7755
2277
7753
2279
7752
2280
7751
2282
7749
2284
7748
2286
7745
2287
7744
2289
7742
2291
7741
2292
7740
2295
7737
2296
7734
2297
7732
2299
7731
2300
7729
2301
7727
2303
7725
2305
7721
2307
7720
2309
7718
2310
7717
2313
7716
2314
7715
2316
7713
2317
7711
2320
7710
2325
7709
2328
7706
2330
7703
2332
7699
2333
7697
2334
7695
2335
7692
2337
7687
2339
7686
2340
7684
2341
7681
2343
7679
2346
7677
2347
7674
2349
7673
2353
7671
2357
7669
2358
7667
2362
7665
2365
7663
2367
7662
2371
7661
2374
7658
2376
7655
2379
7653
2381
7652
2383
7651
2384
7648
2386
7646
2389
7645
2391
7643
2393
7641
2394
7638
2395
7636
2396
7635
2398
7634
2402
7631
2404
7628
2406
7625
2410
7623
2414
7620
2415
7616
2417
7614
2418
7613
2421
7611
2425
7610
2426
7606
2427
7605
2428
7604
2429
7603
2432
7601
2434
7597
2437
7596
2440
7595
2441
7592
2442
7589
2443
7588
2444
7586
2445
7585
2446
7583
2449
7582
2452
7580
2453
7578
2456
7577
2457
7576
2458
7574
2460
7571
2461
7570
2463
7569
2464
7564
2466
7563
2469
7561
2473
7559
2478
7557
2479
7553
2480
7551
2481
7550
2483
7548
2485
7546
2486
7543
2487
7541
2489
7540
2491
7539
2493
7537
2496
7536
2498
7534
2500
7533
2503
7532
2506
7530
2507
7527
2509
7526
2512
7524
2516
7522
2517
7520
2520
7518
2521
7516
2522
7511
2523
7506
2525
7505
2527
7503
2529
7499
2530
7497
2531
7496
2533
7493
2534
7490
2535
7487
2537
7485
2539
7483
2540
7482
2542
7480
2543
7477
2547
7475
2548
7473
2550
7472
2552
7471
2556
7469
2557
7467
2559
7463
2560
7462
2562
7461
2564
7460
2567
7458
2569
7455
2571
7452
2573
7451
2575
7448
2576
7446
2577
7444
2578
7442
2579
7440
2581
7438
2583
7437
2584
7435
2585
7432
2587
7428
2588
7426
2590
7423
2593
7420
2596
7419
2598
7415
2601
7411
2605
7408
2608
7407
2609
7406
2610
7405
2614
7404
2616
7400
2617
7399
2621
7396
2623
7394
2625
7393
2627
7390
2631
7388
2632
7386
2634
7385
2635
7383
2638
7382
2640
7380
2642
7378
2643
7376
2647
7375
2652
7374
2654
7372
2655
7369
2656
7367
2659
7364
2662
7363
2663
7360
2665
7358
2668
7356
2669
7354
2671
7353
2673
7352
2676
7351
2678
7348
2682
7342
2684
7338
2685
7336
2686
7334
2688
7333
2690
7332
2693
7326
2696
7324
2698
7322
2700
7320
2701
7316
2702
7315
2704
7313
2705
7312
2707
7310
2709
7308
2710
7307
2712
7306
2714
7303
2716
7300
2717
7299
2718
7297
2721
7295
2722
7294
2726
7291
2727
7288
2729
7287
2732
7285
2734
7283
2736
7280
2738
7279
2741
7277
2742
7276
2744
7272
2749
7271
2753
7269
2756
7268
2758
7267
2760
7264
2763
7262
2766
7260
2768
7258
2770
7255
2772
7254
2774
7253
2777
7251
2779
7249
2780
7248
2782
7245
2784
7241
2785
7239
2786
7238
2788
7235
2789
7234
2790
7233
2793
7230
2794
7227
2796
7225
2798
7222
2801
7221
2802
7219
2804
7216
2805
7215
2808
7213
2810
7211
2815
7207
2817
7204
2819
7201
2823
7199
2824
7197
2825
7196
2826
7193
2827
7191
2831
7190
2833
7189
2836
7188
2838
7187
2840
7185
2842
7184
2844
7182
2845
7180
2846
7177
2849
7176
2850
7175
2851
7173
2854
7171
2857
7170
2860
7168
2862
7164
2863
7162
2864
7160
2868
7157
2870
7155
2871
7154
2873
7153
2875
7152
2877
7149
2880
7147
2881
7146
2883
7143
2886
7142
2887
7141
2888
7139
2889
7137
2890
7135
2891
7134
2893
7132
2896
7131
2901
7129
2903
7128
2905
7123
2908
7122
2911
7120
2914
7119
2916
7118
2918
7117
2920
7116
2924
7113
2927
7111
2929
7109
2930
7108
2933
7107
2934
7104
2935
7101
2936
7099
2939
7097
2940
7096
2943
7094
2944
7092
2946
7090
2948
7089
2949
7087
2950
7086
2951
7084
2952
7083
2954
7082
2956
7081
2957
7080
2958
7079
2959
7078
2961
7077
2963
7076
2967
7074
2970
7073
2971
7071
2974
7070
2975
7067
2979
7065
2982
7064
2983
7062
2984
7061
2985
7060
2987
7059
2989
7058
2991
7056
2994
7055
2996
7054
2998
7052
3000
7050
3001
7048
3004
7044
3007
7043
3009
7041
3010
7038
3012
7036
3013
7035
3017
7033
3020
7031
3021
7027
3022
7026
3024
7025
3025
7023
3027
7022
3028
7019
3032
7018
3033
7017
3035
7016
3036
7014
3038
7012
3039
7010
3041
7008
3044
7007
3046
7004
3047
7001
3049
7000
3051
6997
3052
6994
3054
6992
3055
6989
3057
6987
3059
6986
3062
6985
3064
6984
3066
6982
3067
6980
3071
6978
3072
6976
3074
6975
3075
6973
3079
6972
3080
6971
3083
6969
3085
6968
3087
6965
3089
6964
3091
6962
3093
6960
3095
6958
3096
6957
3101
6955
3102
6954
3104
6952
3105
6951
3108
6949
3109
6947
3110
6946
3113
6945
3115
6943
3116
6940
3118
6937
3120
6935
3122
6933
3123
6931
3127
6930
3128
6928
3129
6925
3132
6924
3134
6922
3137
6920
3142
6918
3145
6916
3147
6913
3150
6912
3152
6911
3153
6909
3154
6908
3158
6906
3160
6905
3161
6903
3162
6901
3163
6900
3164
6899
3167
6897
3169
6896
3170
6894
3172
6892
3173
6889
3175
6887
3176
6886
3177
6885
3178
6884
3180
6883
3181
6882
3182
6879
3184
6876
3185
6875
3186
6874
3188
6870
3189
6868
3190
6865
3191
6864
3194
6863
3195
6862
3196
6860
3197
6859
3198
6857
3199
6856
3200
6855
3201
6852
3202
6851
3204
6850
3206
6849
3211
6847
3212
6845
3213
6844
3216
6843
3218
6842
3219
6840
3221
6838
3224
6837
3227
6835
3230
6834
3231
6831
3234
6830
3236
6827
3238
6825
3241
6824
3243
6822
3245
6819
3247
6815
3248
6812
3249
6811
3251
6810
3255
6809
3257
6807
3259
6805
3261
6803
3263
6802
3267
6799
3270
6798
3273
6797
3274
6796
3275
6794
3277
6793
3279
6790
3281
6789
3284
6788
3286
6786
3287
6785
3288
6783
3290
6782
3292
6778
3298
6776
3299
6774
3300
6772
3302
6771
3305
6770
3306
6769
3310
6765
3311
6763
3312
6761
3314
6760
3315
6757
3316
6754
3320
6753
3323
6750
3324
6748
3328
6745
3329
6744
3330
6742
3332
6739
3334
6737
3336
6736
3337
6735
3338
6734
3340
6732
3342
6731
3343
6728
3345
6727
3346
6726
3348
6724
3349
6723
3350
6721
3351
6720
3353
6719
3356
6717
3358
6716
3360
6713
3361
6712
3362
6710
3363
6707
3364
6706
3367
6704
3368
6702
3372
6700
3373
6698
3375
6696
3377
6695
3380
6692
3381
6691
3383
6687
3386
6684
3388
6681
3389
6679
3391
6678
3392
6676
3393
6675
3395
6673
3396
6671
3397
6670
3398
6669
3400
6668
3402
6665
3404
6664
3407
6663
3408
6661
3409
6659
3411
6658
3413
6656
3415
6655
3418
6652
3420
6649
3423
6647
3425
6643
3427
6641
3429
6640
3431
6638
3432
6635
3433
6634
3434
6632
3435
6631
3436
6630
3438
6629
3440
6626
3445
6624
3447
6623
3449
6621
3451
6620
3453
6618
3457
6616
3461
6615
3463
6614
3465
6613
3467
6611
3468
6609
3469
6607
3470
6603
3472
6602
3474
6601
3475
6597
3476
6594
3477
6592
3478
6588
3480
6587
3481
6581
3482
6579
3484
6577
3485
6573
3488
6569
3491
6568
3494
6566
3495
6564
3497
6562
3499
6558
3500
6556
3504
6554
3506
6552
3508
6548
3509
6544
3511
6541
3514
6539
3515
6537
3518
6533
3520
6531
3522
6529
3524
6528
3526
6526
3528
6524
3529
6523
3532
6521
3534
6516
3538
6515
3540
6514
3542
6512
3544
6509
3545
6508
3546
6506
3547
6503
3549
6502
3550
6501
3551
6500
3553
6498
3555
6495
3556
6494
3558
6493
3559
6492
3561
6491
3562
6487
3564
6484
3565
6483
3567
6482
3570
6480
3574
6479
3575
6478
3578
6476
3579
6475
3580
6471
3581
6469
3583
6466
3584
6464
3585
6463
3586
6460
3592
6458
3594
6456
3597
6455
3599
6453
3600
6452
3602
6451
3608
6449
3613
6447
3615
6445
3619
6443
3620
6440
3623
6438
3626
6437
3627
6434
3629
6433
3632
6431
3634
6428
3635
6426
3637
6424
3639
6423
3640
6421
3641
6419
3642
6417
3643
6413
3645
6410
3646
6407
3647
6406
3649
6404
3650
6401
3653
6396
3654
6395
3656
6392
3657
6390
3658
6389
3661
6387
3664
6383
3666
6382
3667
6381
3668
6380
3670
6377
3671
6374
3673
6371
3674
6370
3675
6368
3676
6367
3679
6364
3682
6362
3683
6360
3684
6359
3685
6358
3687
6356
3691
6355
3694
6353
3696
6351
3697
6350
3699
6346
3701
6344
3702
6342
3703
6341
3705
6339
3707
6337
3708
6333
3709
6330
3712
6326
3713
6323
3716
6320
3717
6318
3720
6317
3721
6315
3723
6313
3724
6311
3726
6310
3730
6306
3731
6305
3733
6303
3736
6300
3737
6299
3739
6298
3740
6297
3742
6293
3743
6292
3744
6291
3746
6289
3748
6286
3750
6285
3752
6282
3755
6281
3757
6280
3759
6278
3760
6277
3764
6273
3767
6270
3770
6268
3771
6267
3773
6266
3774
6264
3775
6263
3778
6262
3780
6260
3783
6258
3785
6257
3789
6256
3790
6255
3792
6253
3793
6251
3795
6250
3797
6247
3799
6244
3800
6242
3801
6240
3803
6239
3806
6237
3807
6233
3809
6228
3810
6226
3812
6222
3813
6218
3814
6215
3815
6214
3816
6213
3818
6209
3821
6206
3822
6205
3823
6203
3826
6202
3828
6201
3830
6200
3832
6199
3833
6196
3834
6194
3835
6192
3837
6190
3839
6187
3841
6184
3843
6180
3844
6177
3846
6174
3848
6171
3849
6168
3850
6167
3852
6163
3855
6160
3857
6158
3859
6157
3860
6155
3863
6153
3864
6151
3865
6150
3867
6147
3870
6145
3871
6144
3872
6142
3875
6141
3877
6140
3880
6138
3882
6137
3883
6135
3884
6133
3887
6131
3889
6128
3890
6124
3893
6122
3895
6120
3898
6116
3899
6115
3900
6114
3902
6111
3903
6109
3904
6105
3906
6104
3909
6103
3910
6102
3914
6101
3915
6100
3917
6095
3919
6093
3922
6092
3924
6091
3928
6086
3931
6084
3933
6083
3936
6082
3937
6080
3940
6079
3941
6077
3942
6075
3943
6074
3944
6072
3946
6068
3948
6063
3949
6060
3950
6059
3953
6057
3954
6056
3955
6054
3956
6052
3957
6051
3960
6049
3963
6048
3964
6045
3967
6044
3971
6043
3972
6041
3976
6036
3977
6033
3979
6032
3980
6031
3982
6028
3983
6027
3985
6024
3988
6023
3991
6021
3992
6020
3996
6016
3998
6015
4000
6013
4002
6012
4004
6011
4006
6009
4008
6008
4010
6006
4012
6005
4014
6003
4016
6001
4019
6000
4020
5998
4023
5996
4026
5995
4029
5992
4031
5990
4032
5986
4034
5985
4037
5983
4039
5979
4040
5977
4043
5976
4044
5974
4048
5972
4050
5971
4051
5969
4052
5967
4054
5965
4055
5963
4058
5961
4059
5959
4060
5957
4064
5956
4065
5954
4067
5953
4069
5951
4072
5948
4075
5945
4076
5943
4077
5942
4079
5940
4082
5937
4083
5934
4085
5933
4088
5931
4090
5930
4092
5928
4093
5926
4094
5924
4095
5922
4097
5919
4098
5918
4100
5917
4102
5913
4103
5911
4104
5910
4105
5909
4107
5908
4109
5907
4111
5905
4115
5902
4116
5901
4117
5900
4118
5897
4119
5894
4122
5892
4123
5891
4126
5888
4129
5886
4130
5884
4132
5882
4133
5879
4136
5878
4139
5876
4141
5874
4142
5871
4144
5870
4146
5868
4147
5867
4149
5863
4154
5862
4155
5861
4156
5859
4157
5858
4159
5855
4162
5850
4163
5849
4164
5845
4167
5842
4168
5841
4169
5840
4171
5838
4172
5836
4175
5835
4177
5834
4179
5833
4180
5831
4181
5830
4183
5829
4184
5826
4186
5825
4189
5821
4191
5820
4193
5814
4194
5812
4195
5809
4196
5804
4198
5803
4201
5801
4202
5799
4203
5798
4205
5796
4206
5795
4208
5793
4209
5791
4211
5789
4212
5788
4214
5786
4217
5783
4218
5782
4222
5780
4225
5778
4227
5777
4230
5774
4232
5772
4233
5771
4236
5769
4238
5764
4239
5763
4240
5762
4242
5760
4245
5758
4249
5756
4253
5755
4254
5753
4256
5752
4258
5751
4260
5750
4261
5746
4262
5744
4266
5743
4269
5741
4271
5739
4272
5737
4273
5736
4274
5735
4275
5732
4277
5731
4278
5729
4280
5727
4283
5725
4288
5720
4290
5719
4293
5717
4295
5715
4297
5713
4298
5712
4299
5711
4301
5710
4302
5708
4304
5705
4307
5703
4308
5702
4310
5701
4312
5699
4313
5697
4315
5696
4316
5695
4318
5694
4320
5692
4322
5690
4326
5689
4327
5685
4330
5684
4332
5681
4333
5679
4334
5676
4335
5674
4337
5673
4338
5672
4340
5671
4344
5670
4346
5669
4347
5668
4350
5666
4351
5665
4352
5663
4353
5661
4356
5660
4357
5658
4361
5657
4363
5654
4364
5652
4367
5650
4368
5648
4369
5646
4371
5645
4372
5643
4374
5641
4375
5639
4379
5637
4381
5634
4384
5633
4385
5631
4386
5630
4390
5629
4392
5626
4393
5622
4395
5621
4397
5618
4399
5617
4401
5615
4404
5613
4406
5611
4408
5607
4409
5606
4412
5604
4413
5601
4416
5597
4418
5596
4421
5594
4423
5593
4424
5591
4425
5588
4426
5586
4428
5583
4431
5582
4432
5580
4434
5579
4436
5578
4438
5577
4439
5575
4440
5572
4441
5571
4442
5569
4445
5566
4449
5565
4450
5563
4451
5559
4453
5556
4455
5554
4456
5552
4458
5551
4459
5550
4461
5549
4463
5546
4465
5543
4467
5542
4468
5539
4469
5536
4471
5533
4473
5532
4477
5531
4478
5529
4481
5526
4484
5524
4486
5521
4488
5520
4491
5518
4493
5515
4496
5513
4498
5512
4500
5510
4501
5509
4502
5508
4504
5506
4507
5504
4508
5502
4510
5501
4512
5499
4514
5498
4515
5496
4517
5494
4519
5493
4520
5491
4524
5489
4526
5487
4527
5486
4528
5482
4532
5479
4534
5478
4535
5476
4540
5475
4541
5473
4543
5471
4545
5468
4547
5467
4550
5466
4553
5465
4555
5463
4557
5462
4559
5461
4561
5458
4563
5457
4565
5453
4566
5450
4569
5447
4570
5446
4572
5444
4574
5443
4575
5439
4577
5438
4579
5436
4580
5433
4581
5431
4584
5430
4585
5428
4586
5427
4587
5425
4590
5424
4592
5420
4595
5417
4597
5416
4598
5415
4601
5413
4604
5410
4605
5409
4607
5408
4609
5406
4611
5403
4613
5402
4616
5401
4618
5399
4621
5396
4624
5392
4625
5389
4626
5387
4627
5385
4630
5381
4633
5378
4635
5376
4637
5373
4640
5371
4642
5369
4643
5367
4645
5364
4647
5363
4650
5362
4652
5361
4653
5360
4654
5356
4655
5355
4656
5354
4659
5353
4661
5352
4663
5350
4665
5348
4666
5347
4667
5345
4670
5344
4672
5343
4673
5342
4674
5340
4675
5338
4677
5337
4679
5336
4682
5335
4683
5334
4685
5329
4687
5327
4689
5322
4690
5321
4691
5320
4693
5316
4696
5313
4699
5312
4701
5310
4703
5309
4705
5308
4709
5304
4711
5302
4712
5301
4714
5300
4715
5297
4717
5296
4720
5293
4722
5292
4723
5291
4725
5289
4727
5288
4728
5287
4732
5285
4733
5283
4734
5282
4735
5278
4738
5276
4739
5275
4741
5274
4744
5271
4748
5270
4750
5269
4751
5265
4753
5264
4756
5262
4759
5257
4760
5256
4761
5254
4762
5253
4763
5251
4764
5249
4766
5246
4767
5245
4768
5243
4769
5239
4771
5238
4773
5237
4775
5233
4776
5231
4779
5230
4781
5227
4782
5225
4784
5223
4785
5221
4786
5218
4788
5217
4790
5216
4792
5210
4793
5207
4795
5205
4796
5203
4797
5202
4798
5199
4800
5196
4801
5194
4802
5193
4804
5191
4805
5189
4806
5188
4807
5186
4808
5185
4809
5184
4812
5183
4814
5179
4815
5175
4821
5170
4823
5166
4827
5165
4829
5163
4831
5162
4832
5161
4834
5157
4835
5154
4838
5153
4840
5151
4841
5149
4843
5147
4847
5145
4849
5144
4850
5143
4852
5140
4853
5137
4855
5136
4859
5135
4861
5134
4864
5132
4865
5128
4869
5127
4871
5125
4873
5122
4874
5121
4878
5120
4881
5119
4883
5118
4884
5117
4887
5115
4889
5114
4890
5113
4891
5112
4893
5110
4894
5108
4895
5107
4897
5106
4898
5104
4903
5103
4905
5100
4907
5099
4910
5097
4912
5094
4913
5093
4918
5092
4921
5087
4922
5085
4923
5082
4925
5080
4927
5079
4929
5077
4930
5075
4934
5073
4936
5070
4937
5068
4938
5067
4939
5065
4941
5064
4942
5063
4943
5061
4945
5059
4950
5057
4954
5054
4955
5052
4958
5051
4959
5050
4962
5049
4963
5044
4964
5043
4967
5042
4969
5041
4970
5039
4972
5038
4974
5037
4975
5036
4977
5034
4978
5032
4981
5031
4983
5030
4985
5029
4986
5025
4987
5024
4990
5023
4993
5021
4994
5019
4998
5018
5001
5017
5004
5014
5008
5012
5011
4319
3869
75
9298
2468
8964
9990
2646
6245
4542
2580
6580
8652
421
8140
1734
1480
9741
2892
8389
4658
2997
1281
55
7904
3838
8593
8976
5437
685
2433
9684
8159
5522
5730
7558
5382
2462
7507
4755
2776
3700
8461
5368
58
937
7549
2185
7722
4317
9230
4018
5167
2079
5728
6334
5148
311
5627
1277
42
1362
6294
2071
7286
5197
2902
9316
5781
4641
3607
1951
6234
3215
3927
5069
2191
7327
7642
3510
8064
8288
2174
6037
4877
4063
5323
6488
6950
3448
1041
9471
1672
8340
3923
104
126
7263
9030
3735
6402
191
8484
5045
9545
3644
5534
9037
3166
8817
7124
6029
6542
1684
1102
153
178
6143
4062
2214
4437
3669
7817
135
7958
9510
8190
3117
8600
9569
4221
3003
1141
3034
4495
9190
5987
9380
4525
3078
6633
3681
4774
1518
5198
3043
151
8143
821
7256
5514
4448
5279
8289
8800
4081
1477
1569
188
9635
8700
3856
3136
3131
253
4306
6832
9806
7700
7265
6454
7992
7429
4660
1460
696
9381
9415
1693
2524
9537
9516
7110
9457
150
1641
4765
7169
1555
4244
3322
236
243
5802
5053
2664
6204
8430
1025
5765
9702
3874
2626
7412
7453
4220
8403
5682
4846
5523
3276
499
6895
7478
999
1923
3063
7512
3357
78
8679
9854
1887
4366
7317
7049
6046
6188
1361
3496
3352
9222
4870
1053
5445
9666
1760
325
3738
1973
8377
2551
8126
8931
4544
7949
3715
9465
1068
3975
6393
6411
4074
4997
1992
74
2733
5747
2243
2338
4394
760
3808
2986
5095
3952
3157
7824
419
1487
5856
363
9079
753
6758
9919
7873
8272
862
9410
3309
877
1928
8104
2759
6259
3045
6030
6995
6961
6106
4013
4289
3995
3569
6653
8970
108
6941
3424
4252
6543
1640
1384
6559
4992
1947
2595
9577
3868
2074
682
9258
3591
4629
8191
5721
4961
684
9598
9986
4125
8462
1626
8594
3981
3278
4499
6301
9460
3751
2352
2370
8954
9641
6219
7298
2187
3729
9088
6532
4485
4464
8099
1336
173
6714
3473
9364
7877
5790
9795
278
3614
4015
4174
6904
4131
4681
6701
5357
9361
9694
1464
9296
7020
8303
1409
6472
8794
595
7848
7409
1112
778
5150
9548
7607
8061
8731
9561
4360
5015
4876
3573
2020
4533
6890
4161
5726
6693
7989
8894
5266
4571
1625
3568
2369
8226
2424
1212
277
5677
6467
7349
6902
6473
9463
4837
8863
2177
182
1652
6408
2572
9993
9402
3223
5469
5440
9202
9263
8771
4552
1296
8157
8045
5448
6990
3596
9716
9824
8295
8517
8468
3648
6125
5851
2792
1699
3913
955
9080
3987
8304
2600
9388
6372
116
6002
4698
7980
8837
5497
1791
9763
6534
8715
6197
477
8510
988
6123
3082
3970
652
3622
2331
7045
5628
8814
9422
248
1961
4671
5984
2973
874
6593
6107
1917
8722
1714
6435
3612
2142
6087
9847
4830
8991
6327
426
1149
4695
8663
9249
3061
8334
2990
5055
6164
357
1379
2762
7165
5920
6545
3888
3969
5280
2999
855
6773
9864
1388
298
7696
9417
1969
9968
2622
8840
6800
2161
7304
8072
2791
3601
4314
462
1246
1008
7933
6619
6474
4610
7494
445
8909
7397
964
4539
1217
7985
9937
6307
9384
5822
8266
5071
2281
1383
6893
211
8891
1378
5748
8818
5619
1270
1820
4383
3385
7144
7278
6530
8981
8984
5294
5441
5010
7608
1455
2681
4845
8345
2126
4953
98
993
461
2589
4235
5958
4710
4087
1517
7587
1106
6932
1172
958
2028
9927
641
6038
9419
2109
8448
8888
4980
7125
5638
5152
6914
5060
1370
2146
8971
2748
4743
2039
4135
7835
5317
8848
6
4606
501
9618
7028
1890
9971
8192
6880
9524
6185
5488
7398
7464
9203
6223
4772
2255
5349
5584
9953
5889
210
7528
4926
3379
362
9497
2955
1834
7217
2508
5587
1147
9636
4405
6722
8478
3428
172
3541
6517
1736
2409
6039
242
5921
368
593
8036
7544
4170
8753
11
839
6238
7068
1304
5664
4917
1171
968
270
6507
1101
6604
8030
5612
3621
7981
718
9397
1932
5146
7593
8232
9024
6088
9943
5938
551
4716
9374
3266
8176
3690
9158
9429
8273
1512
7158
7598
193
9405
4476
9325
4752
5792
6877
6331
8347
3040
7654
3805
885
3804
2795
9660
3399
2319
4309
6826
7140
8942
8920
1785
2266
62
258
3217
8518
1740
513
6324
1703
1428
7410
6254
257
1819
2324
8471
5560
7166
7513
7102
3214
8354
3394
5404
7121
7668
137
3537
1617
8028
8013
931
7891
1508
6235
9728
9886
4778
8291
6926
9908
2752
8717
1763
3539
7772
4747
3794
1567
1838
6134
6047
175
440
6457
5813
816
752
8827
7321
5662
6927
9689
9228
3031
1358
3866
7861
5046
5258
3598
3490
3285
9183
3193
6397
3126
3912
8553
4030
5784
5516
5623
5511
8735
107
5805
2592
9353
9167
3229
9368
3741
8311
5877
3994
539
1979
6871
3908
2867
7609
7202
8925
9458
815
7034
9563
6312
2047
9286
9865
3165
4185
1507
2735
1179
8864
4799
9164
324
2216
5066
7781
1036
1852
8860
2645
794
208
7841
8857
4173
5072
8178
322
269
5324
9362
6642
674
9538
9146
9960
3446
8943
2672
9300
1323
1766
8458
9881
1610
4101
7305
4365
9011
3663
1803
1919
9527
222
3240
6650
7456
8205
268
71
9133
927
1312
2715
7355
4620
9490
6340
2380
1795
8958
465
9674
6953
5914
6321
6025
8022
200
8292
6729
5393
6560
9657
5614
1350
2137
7323
9979
857
6746
5411
2697
2213
4490
2070
6436
7500
6777
1472
1198
7810
4506
5386
9719
1316
1094
1854
6403
777
3543
9513
1544
9343
2546
3250
990
3146
3606
1066
5968
2145
2856
6361
9938
9757
3410
967
8916
2687
92
5228
8453
129
6806
5675
2056
6227
4740
7443
9306
1590
4480
9904
5314
343
9001
9047
6156
3862
8527
5129
2879
5864
5903
8137
1988
8616
2830
5247
9206
6747
5083
8718
6938
7680
9350
3732
3984
141
8286
2769
636
7231
4255
1238
5232
2558
9589
9790
6942
6627
9186
9398
203
9106
8207
1014
7943
3112
3272
580
4091
4243
4086
2197
6064
5709
4454
5749
7292
7088
1658
164
297
8530
7707
2408
2538
5852
996
5775
3376
8740
2375
7928
5993
8803
1866
7701
3517
2101
7339
668
7205
4382
6274
1943
435
1216
667
8330
1052
2816
6441
8320
1262
6391
5204
1813
4025
5290
1613
3851
6446
9408
5483
2747
8628
5525
704
9969
9281
1587
6582
2052
4708
5806
9475
1155
1954
2196
4882
7770
4325
3471
301
7966
4073
293
1133
7639
6583
5240
4813
7930
7584
3886
2993
2953
8897
897
4719
2085
3483
4047
4349
9480
700
942
3754
3689
3939
7194
645
820
2219
6891
3390
5605
8003
3114
9025
1604
890
5655
2276
8182
3107
4892
6499
3239
7430
6730
1176
86
7220
8313
6929
9697
9791
9226
1895
7328
5869
9288
6229
9070
830
8343
6617
837
1802
3652
495
2222
7959
4657
2160
5211
9800
7599
4721
8449
9420
4628
3714
1352
7836
7413
3008
7198
64
5088
7833
1151
5187
2345
7470
7738
6161
1205
1784
4257
6858
2026
5195
1468
789
5807
9439
5598
6705
735
89
2807
3523
8697
8433
4108
5678
8775
4680
1086
1502
4204
3419
4343
9769
769
3466
2477
8096
1197
1579
8551
5451
2822
9191
6432
2356
2641
8647
4378
4160
8438
1111
4046
7236
1925
4248
9242
1254
7459
8581
6823
7223
3788
3144
185
1566
917
5033
8992
8214
7226
4787
1972
5872
4880
458
9231
6210
8230
6513
5507
6808
6738
894
8
2661
6644
8767
4078
4842
8357
8154
7785
3437
2866
9792
9620
1236
4415
824
7765
3605
9014
4483
5557
4603
3301
3753
8536
1496
6328
7301
9355
9390
333
3464
9998
3531
9351
1744
574
8968
3577
7990
6974
6522
1680
7902
2731
2667
1743
7629
9677
166
2765
554
8796
732
60
22
5180
4702
2136
6338
9858
4042
5843
428
9860
5915
8648
9129
680
39
2484
7370
786
5880
6563
17
6998
4339
2423
1132
1746
578
5815
3493
2492
6418
8521
8150
7974
6427
5490
4649
966
4664
3151
7138
7682
864
9033
4886
4669
4885
1145
5096
284
5816
5770
5101
8314
6409
3060
519
7309
4268
2448
587
2368
4558
7340
5700
848
845
4868
3019
5844
4061
5846
7401
2420
4124
25
7940
7214
5219
2308
2783
957
884
9994
661
8787
631
3911
3042
5766
8168
2607
3262
9021
3638
7015
4583
9980
881
2073
5400
7498
7174
3706
726
9027
8588
3168
1439
2829
3766
7870
7501
4028
2545
9747
5076
3974
6302
70
2122
4398
1046
1775
649
8146
9112
644
3228
5454
305
9162
4518
5432
2981
2190
5429
6096
1960
5929
9055
3688
4794
6065
321
8512
7685
7746
4726
7167
5346
2604
2129
8756
5860
1431
1663
5164
791
1372
7594
5434
4644
9624
8777
5281
5564
5823
9539
6193
2591
5212
2351
9077
6363
2544
7350
5573
7554
9605
9274
6764
663
8058
2459
2528
6645
2104
4057
2809
4615
6220
9866
5126
4867
4106
4718
1525
3873
3825
320
1327
9195
2814
8621
7208
2275
1174
3968
8573
535
6708
7621
6468
9829
7343
7907
3297
5759
7491
5962
5305
7145
5683
1930
455
5176
5130
1712
6751
8281
3611
1303
6752
256
1450
7114
1698
4924
9170
9675
3371
4389
1167
5047
1331
8558
9015
3513
6680
7133
2764
4270
1099
479
3030
9836
9626
4906
793
4538
9312
1027
6923
4916
7600
2913
3426
5464
660
9541
1186
8807
2988
1024
3070
1124
6022
4531
2653
6384
7766
1295
8315
1115
315
276
6126
6584
3935
556
3769
4639
7920
8187
8884
912
2639
9658
68
8577
3854
1599
9082
9031
3233
7486
307
4110
1288
6230
3945
1934
1674
5009
5020
9855
2121
8778
487
8188
7246
7228
131
252
4447
365
2978
1669
9187
1408
9703
7921
8779
1232
9633
6224
1750
4188
96
6112
2720
6853
5980
9552
6866
1884
3011
7384
7640
8603
7229
6216
9726
8772
4839
9843
6221
6622
728
4134
6369
8396
1765
1071
5602
6231
1876
8331
6518
7892
7719
6439
2725
4099
528
8227
3382
8472
3959
8015
2843
8524
5412
4826
7311
3672
7192
9878
1463
3861
7250
6697
5530
9394
9091
4523
9442
9369
8845
8348
7284
377
8375
6699
7659
6097
3226
416
9243
9358
5599
5365
6779
4009
4470
3319
9714
892
2144
1987
281
8359
5517
1537
2044
8635
688
9929
9995
9473
4041
424
5955
1755
4247
2084
3695
9893
7474
1412
1374
9862
9215
8747
9889
6570
4820
7565
8138
7773
563
1012
8373
1950
7257
8962
7880
8248
2294
5912
7449
903
7898
6820
1609
1927
6496
1780
7926
4982
1637
5000
2942
1040
41
1639
919
6546
7517
3604
2164
5492
2803
4355
7944
9340
6398
4430
7209
3527
639
6178
9603
7830
5640
4556
5693
7649
3401
5649
8955
1656
7688
953
8892
3100
7266
8987
8723
134
4909
5158
1122
3782
2051
9499
9687
5847
7708
7845
1501
6069
3366
887
467
9520
1004
8367
6725
2293
524
9987
1325
1065
515
5691
9136
6795
3590
4564
673
1033
9787
21
1365
3512
9346
3930
785
5013
7091
8689
6304
921
6211
3403
4417
4700
8852
2125
4619
7547
7519
9691
6567
6470
6191
6775
2813
9780
982
9406
1411
3296
4429
9782
5177
2923
6628
3355
3210
1166
8335
354
5944
9411
8166
7431
1031
1002
3820
3209
6429
3728
3784
2885
1999
3560
1597
2651
9151
518
1082
3422
2695
6308
584
5589
3444
5138
3283
601
8485
3973
6555
4053
7689
7514
406
6034
1836
1402
1158
7626
1169
181
9758
4321
4902
50
5394
9317
2327
1098
2869
5298
4251
6557
8441
6026
1135
2670
978
7914
379
7504
7529
3222
4952
8494
4482
5824
7954
9118
9467
7289
7612
4359
2922
9578
3934
5754
351
2730
1506
7261
723
5827
4287
9522
9572
5222
8210
7095
5267
2637
9016
4731
2497
9553
6040
3339
7195
4011
3636
9006
7344
8750
5325
2010
7531
6766
8613
6007
3660
1601
5234
8782
4460
7203
7617
2532
3618
8695
1577
2606
6108
3651
7341
3659
412
5733
7069
5567
5988
3006
3370
9981
4858
4153
9705
5785
1140
3090
829
5800
8131
6733
1043
3572
4267
8742
5949
1252
2603
9887
5981
4582
4888
7365
7542
6172
977
2597
6612
2259
4377
8487
2416
1157
1968
963
8488
9181
3304
7887
7622
4444
6711
9453
1360
2206
9068
9612
7178
3331
3758
2708
5341
245
2839
6598
2436
4265
7733
8905
3498
5767
3879
8274
9955
4216
1938
7508
7566
5890
6217
9048
6839
3536
1728
7666
3749
7181
7377
3050
1211
7884
9517
749
4178
1430
2519
8428
5123
1314
6121
3141
1185
8364
4746
5208
1978
3516
5026
1827
4594
331
2861
2240
3254
2067
345
6295
8554
5495
9289
1022
7011
9751
7857
6232
5048
6915
2397
6674
9825
7314
3149
7618
2630
8540
2278
7389
5686
490
9839
7818
5687
1322
6375
1582
4494
9698
8547
1227
2413
8498
8111
5318
5449
9876
5192
1181
7917
992
290
5540
6709
771
2431
1841
7615
9116
4704
8533
5248
6688
8959
3678
171
3747
7387
1321
1285
9217
5484
3018
3926
2203
985
3130
8223
3745
5873
4614
4904
8671
394
3836
7986
2926
5455
438
3148
867
296
1266
4024
4636
5171
7433
3295
6195
3680
3037
7391
5206
7575
7126
8921
7803
3081
5704
3535
4380
5330
6117
8861
5865
1801
2323
4991
9874
3492
1533
4730
7567
3734
3159
4296
5923
9040
8113
5885
4949
6780
3576
8092
819
2570
4303
1114
3421
9199
393
7893
9223
5124
9065
2298
7675
4001
1731
2272
923
7468
4187
1493
292
3628
2066
3456
6271
5480
9642
9621
8283
1635
5250
935
2476
1088
6314
3258
6888
2828
4329
1357
2455
9941
9318
1810
8630
4668
2767
7807
6910
1131
4152
6979
2818
2613
2254
7051
8413
8870
6385
2620
1824
1311
6098
7555
8160
1846
4678
1800
7970
9902
6743
522
1749
5200
9643
8351
814
8582
2465
4475
9038
9309
916
9468
2385
6740
553
9581
6497
4305
9447
9841
765
9559
2992
2390
3265
3763
6127
7032
8174
8548
3244
2910
5201
111
5374
144
6595
119
6113
2157
8114
4596
9699
9630
1603
6538
7831
4554
5328
2574
5284
809
3192
4576
8473
3260
1007
3554
9852
434
8545
8031
8988
5459
3179
4033
6275
835
4724
8080
9984
6154
6017
5109
8336
1307
2555
2094
5982
7801
8355
5
5178
3881
3341
6966
5839
9142
3246
2017
7329
300
1592
6425
2977
3693
2140
361
2561
3990
828
6718
6365
7488
717
2976
4229
8415
6816
2373
6828
3929
3321
8525
1953
6648
8242
5375
1382
8410
9736
744
9613
9003
6787
1787
1074
743
3617
9341
9096
9911
6129
3829
9963
8841
8108
5960
5722
5742
2900
6146
7441
1540
3327
7647
9700
797
47
8250
2288
9034
5326
5832
9996
5003
360
5485
8088
3610
2594
7774
1864
1678
1630
699
7112
5414
2006
3111
8571
5235
2884
6519
8541
4825
8278
1823
3677
4989
7819
4342
5286
2966
221
5407
9073
7039
206
9761
2876
2117
4692
4311
9600
1139
2821
5898
2148
869
9920
3842
4819
3271
3947
1449
910
7224
6715
4279
8989
4505
9391
9594
1127
2336
9042
5272
2658
5155
1081
8960
7252
9035
1090
547
2134
9244
6061
2055
3787
1762
2043
6018
3894
8000
4224
625
4973
2179
5255
7476
8308
9815
8505
3016
7723
5537
7714
401
8055
2899
1790
9804
4223
7690
1829
9062
4411
2475
2322
9370
6261
7786
6689
3174
3023
6817
2872
8506
7849
3802
7479
984
7702
4863
8706
3318
2350
4228
4286
2238
926
5994
6152
3455
3777
9961
3892
2472
813
2619
6329
6322
7163
9423
876
2835
4391
1416
5181
397
4388
4530
8017
1369
4537
1554
4328
9454
2490
8258
8115
5723
6066
9766
630
140
5853
8332
5848
7098
4197
2945
5837
9669
8026
4045
7934
7293
94
6589
558
8809
437
1753
9326
6181
348
7273
1586
1901
5241
9063
6585
6993
981
3094
5213
8801
7915
7373
768
7240
2650
5372
6481
6791
2274
8829
80
7150
2778
9609
8743
6352
2746
8102
3077
694
6055
617
3387
8562
3103
5875
442
3762
1661
8784
3503
5027
7148
8251
4857
1063
1971
3853
8378
5624
2194
9435
9143
8654
8466
8729
8522
9972
4387
7782
9168
9909
9872
7183
5541
9695
7656
2419
6981
6590
6654
1097
3704
2541
8956
2290
9259
9376
2751
3313
4282
5656
7075
3069
8011
6081
3858
1882
6405
342
987
3056
7579
3347
666
624
7414
6527
3253
5141
9176
6801
8934
801
3665
533
5474
2800
6666
2344
8910
8574
6461
5797
6690
5927
9744
4872
7357
6872
8873
7002
3294
6014
2925
8709
622
915
7105
7402
3876
5209
1200
2932
5421
9022
5734
5978
444
7063
6414
8296
2907
995
1446
7672
7302
3817
91
35
288
6944
734
3625
4036
9661
4824
972
8032
4920
5418
3235
9336
8720
2713
5339
5895
2355
5142
7735
4589
6549
2649
7424
8379
5808
3719
6861
1624
7330
4928
2263
5946
1941
7960
1245
5116
538
2511
2435
4427
4234
4737
418
925
6162
818
2025
4749
2467
3595
3450
1573
6118
7156
4466
598
1319
1276
775
2422
7361
156
3344
7822
7624
2874
2832
6550
2401
7864
5303
3099
4400
6450
1208
5991
914
9056
5172
4114
6462
648
9160
4551
1967
4200
5881
4264
1616
1010
384
6841
6004
3187
4017
1949
4007
7950
3002
1549
1221
1789
1542
7161
8745
5388
2895
2568
9810
2474
27
9692
389
2683
2965
3533
5935
9083
5477
6749
4536
3242
7730
8491
7345
6939
4758
1335
6175
6399
8480
1875
4166
8301
896
8854
7021
4818
8790
1020
6119
4833
1250
3502
9988
4686
8685
5383
5397
4003
3084
8245
1628
6415
7837
8672
1338
3916
8050
715
8203
6869
5632
947
8421
1483
5745
6685
8129
3901
1671
7650
8297
8946
6610
8042
8051
1722
46
9738
4915
8598
1050
9413
4213
1381
3269
7935
2969
6207
8419
6660
8669
1154
2103
2502
2016
9772
7242
7912
3205
7465
1162
9245
546
7775
430
9543
4648
2737
7808
4210
4089
807
6248
7978
9122
1057
4736
9925
8193
9469
8785
7900
5576
8514
9556
3140
411
1498
1595
9956
8201
8004
690
7825
5452
7274
9171
505
5277
5939
7743
6058
2724
8134
8830
4836
7066
635
8885
693
1153
3885
4811
2582
8276
1407
4623
6672
386
6867
4777
226
5558
1991
215
6767
9529
2156
7657
4791
9385
8900
6682
6520
4578
3289
2405
489
6970
3698
8341
5056
1886
9567
3489
6694
4331
8701
703
806
8732
7466
6605
605
6846
7457
8034
9884
1666
1983
1341
4487
9172
4479
8065
2938
7975
6574
4588
9123
1894
2501
8068
1164
4128
6686
5585
4860
454
7678
8454
9319
1220
8519
7318
8455
2269
5608
8604
2675
8162
53
3505
4757
3133
589
3938
1348
834
7093
503
3098
5366
6241
5273
9455
9060
3624
5590
9507
647
9052
4968
725
8882
3925
8683
1259
2342
7778
8559
1445
1452
5306
6376
5236
7029
1860
900
8132
811
8940
1401
9130
6394
3897
6412
3417
5472
6378
1559
4127
9958
5111
8677
2005
6547
569
9729
7416
2612
6854
8886
3831
5936
7371
6347
5028
7005
9505
9477
6608
4911
4948
4789
1752
6182
6035
5319
8220
2797
9921
757
3768
1309
2495
4573
5973
7637
2037
5331
8240
6504
7572
1690
1390
8316
6578
5932
2131
263
713
9977
5718
5592
3135
2878
2488
4462
5925
5089
3845
7961
4300
9089
3589
3776
7747
6591
6781
1705
2212
8947
1940
3633
1677
7739
998
9606
110
5435
8383
5078
6319
4996
3686
4324
3962
2081
9973
4914
8456
6553
9057
4443
4957
2750
1863
2184
1398
4848
7693
5252
8996
9975
3951
318
7362
3171
5519
8502
4066
4176
4960
8819
4522
1126
4971
9313
4851
4457
7712
4241
9818
6683
4231
1448
2382
6755
133
9359
196
3761
5182
9531
1511
8270
3999
4250
6917
4071
5904
2680
8089
3781
6348
9491
1710
8194
5040
9430
565
266
9237
3824
1874
4376
9188
4729
3430
4560
2166
8972
2549
4879
8833
6420
8236
7568
2757
7275
8586
6762
8163
287
3907
160
4215
2078
3548
1702
4591
5659
4896
471
707
8066
1404
2629
3796
7632
2268
6089
8237
8184
4622
1696
100
3333
8053
517
1958
2694
8496
1733
7664
4348
616
30
4
5740
67
7850
8713
1178
6283
7427
1879
7908
4370
3918
423
3156
3097
1695
9424
5574
1462
7660
4956
6400
4084
396
7995
6510
9486
6833
7130
4979
1210
6345
692
6667
6287
1240
3479
8898
9767
6898
5527
2412
5311
5007
1998
7509
6818
8692
229
8141
6284
9208
7851
262
8384
1665
13
5139
1844
7813
3365
5390
9508
8949
359
4933
483
6279
460
9663
2014
8611
6325
492
5470
9628
3119
9131
9209
3374
7510
2554
3005
1121
2285
4944
9044
5866
5568
449
8661
7395
721
527
8973
9124
2898
5625
7855
2947
5651
6625
7346
2042
1771
4492
8385
7683
2439
827
7392
2515
8711
8690
3282
2904
2003
2692
2235
9573
4246
4121
3563
5006
9260
4373
2139
6677
198
2245
6477
5398
8001
6599
5916
2019
1608
3616
1936
6430
7243
7379
2771
5220
3718
1650
4817
8820
5609
8006
5016
2306
6444
4323
8923
7484
2882
3326
5642
577
5698
679
7417
608
7767
1997
4070
7874
8659
452
2032
5528
9915
2972
8198
3588
4022
7368
1424
1415
7888
2848
8798
5635
1759
7955
5647
88
9934
336
6067
1797
2064
5332
9278
251
3264
2009
6821
2471
930
4276
4472
3582
2711
1905
603
476
4435
8100
2008
5714
4999
3121
4263
7971
2563
7759
2859
4810
2321
9664
853
4080
9764
1443
4688
317
9147
8549
783
5168
1482
7964
7853
2740
6198
470
9108
7760
1840
1261
6070
6386
9086
1903
5242
1184
2775
6646
586
7425
4932
1283
7768
9898
4005
4844
5086
1486
9219
530
1438
9931
250
2113
5883
2855
1995
929
3
6639
712
5263
2633
6878
3414
2058
9233
5173
2012
9648
6265
9264
859
1523
8591
3443
7281
7858
2526
8993
5422
2644
392
3073
3291
1230
5244
4226
9270
8724
8641
4056
1049
8124
8083
7290
5773
7644
3840
2660
2262
415
375
8442
847
8918
2773
1606
9113
1505
6756
6919
2743
8614
1249
6804
4021
4862
6071
1945
8978
9329
2897
2388
7296
6873
6272
8306
7590
2271
3106
6921
19
3268
2618
2679
2378
6741
8835
8446
1138
5794
7206
3530
8121
9923
8632
3501
9681
2088
3065
702
4509
7909
2761
3896
2937
4947
6784
7053
2699
2599
1709
4192
9535
3048
5005
7728
4138
3015
1571
4414
970
5950
6459
1500
9518
5391
2624
5941
3452
4988
6600
2364
8233
8880
2858
3143
5966
9356
8927
5214
5893
228
9601
6907
3139
8555
3711
6249
1196
374
508
7159
2674
1048
4410
5999
139
5379
1264
1244
3966
5706
4966
7691
2505
521
8090
671
3727
6963
3978
6967
4148
9484
1433
545
7450
2781
4901
3921
5259
4199
2377
3989
3905
6366
5442
3798
4446
1400
7057
861
613
7270
9250
121
7630
9152
6535
2315
5544
2470
8481
8398
5716
4562
8596
7790
3662
494
9268
1708
573
2329
4646
6596
7726
8221
2234
6586
7037
3765
6575
9614
5616
7905
8417
7232
9099
6485
3521
1527
5887
8492
2128
2454
7846
4602
8048
7787
6442
7244
4143
1692
8076
6999
9432
4151
7013
347
5260
8673
1189
5500
5561
3725
2024
2366
4854
5384
4113
8352
6316
73
2806
2706
1273
118
2283
3932
9127
1848
9837
615
6829
1897
2438
6983
4489
7179
1546
4165
7859
6489
4433
9773
2928
6208
1219
9900
404
1724
4407
8528
6094
2536
1105
7136
6490
5395
5419
4513
9196
9092
872
8059
9724
2566
3335
1076
9501
2504
9378
180
9371
5975
8649
706
2494
6988
1822
5351
8246
4145
238
2677
9720
1016
1799
6354
1758
6010
3631
8234
1843
5817
3203
1721
7562
4503
9820
9706
5377
6252
3308
184
6073
7581
8622
8259
3454
2841
4617
4707
103
9303
8371
3462
1019
3507
9856
5299
1377
1471
7783
1957
4694
4946
2514
2968
7492
1620
9783
8399
7319
510
128
9492
2906
9570
3369
9912
8759
1093
4140
5787
6948
7115
4866
3325
3827
9848
8023
5333
5947
756
7247
2407
1290
805
8463
4919
2400
202
6357
567
6179
1298
6042
2739
8503
6019
9793
8444
5081
2917
1495
1258
9366
4908
280
4783
6571
9913
549
5370
4285
8606
2962
1489
6050
3519
9514
7627
6169
341
2847
1911
562
9049
9304
37
83
485
592
5688
6132
6099
6606
1229
8024
8633
1248
5555
3847
7956
8698
3138
7447
2312
260
6388
7172
8811
125
2093
2193
5810
6881
975
1668
8998
6276
3552
5538
1479
5074
1207
3710
7325
5776
9710
1045
403
6422
4684
1343
2837
2921
852
7403
8804
2931
4292
4662
8097
9155
9445
2960
8224
4984
2326
2719
2120
6176
6565
9093
7210
7946
9220
4745
8936
946
543
3053
2252
1084
8764
9134
4511
9246
3068
6792
8889
9386
5133
9293
5547
3125
2031
9307
2035
6335
9426
8180
4497
1878
2820
5997
1539
5224
7633
8321
9596
7523
2447
6525
2392
1565
3571
3317
5190
3986
9798
5090
7788
5460
9890
7779
5215
9870
2124
2915
2834
1986
2411
6959
5358
1514
4422
1778
7882
7151
6186
4150
8768
6183
2636
8476
2691
7826
4396
4549
1581
481
4568
3220
6465
2247
5952
8702
6991
57
5896
2261
9009
9265
2237
8858
9184
6703
9939
7421
7704
6288
8507
610
7359
1475
9125
1612
2250
9503
9653
5653
6651
1816
1060
8337
6170
1994
3439
3232
9493
4237
1623
7237
9255
383
3076
5553
5105
4137
2648
447
5174
2372
889
4190
6561
591
8323
2112
149
1301
4035
6848
6165
1564
1532
170
2318
8459
9053
3891
9644
3092
2069
1130
4546
8365
8436
3412
6290
7495
3378
9392
9525
3756
2611
5159
5857
2995
8822
9240
4638
9999
3460
8902
2403
934
7024
4207
8568
2499
6759
7552
9717
7434
9148
7556
4940
2728
1055
6657
7366
2096
1726
8589
3252
7003
3593
7591
5757
1224
832
5084
9586
6085
3225
762
6956
3993
8394
1889
4027
2168
7046
2041
8268
3958
7212
9511
9882
5535
8037
871
8279
8381
8338
8733
4284
8985
2083
3406
7982
2302
8256
1900
8736
3786
6053
6551
3791
5724
5768
2363
2799
5581
3630
2189
169
841
9831
8489
3359
7127
5456
247
7871
7072
1907
2513
655
8018
5229
6379
9631
1387
7670
7439
9650
1981
4632
9347
5667
6136
8657
9075
6332
9575
4828
4875
607
4634
5169
353
8937
6110
5818
4593
8135
7218
572
2853
2689
4780
3811
6309
1144
8874
9891
9721
5610
8264
159
177
1092
3819
8195
9776
9210
3779
4631
4294
2107
8617
1340
2703
4995
883
3208
4345
6813
8008
1345
7100
4931
1742
9327
3280
2912
3772
1334
7602
2894
3029
1563
2510
2249
6448
803
7750
3124
7698
1916
3459
7795
4935
9550
8407
5307
764
6236
8062
5160
9591
4341
7843
3655
8687
4856
8422
9333
5156
9607
8040
657
5268
3458
4120
5405
7705
8362
3293
34
961
4742
612
6486
5603
1794
7875
213
6296
5098
1160
2615
7445
7538
532
4600
8974
1956
7186
6078
4158
9991
8217
2586
4420
6159
8349
4521
4612
1531
1367
7962
7545
6243
114
1
3920
9144
1376
5548
1976
8464
6768
2941
4452
6540
905
1833
9739
6836
2354
1195
7502
4608
1730
4651
731
1893
8865
2348
4419
7085
2361
5854
1356
1466
1454
5707
4900
974
274
3256
3566
5570
5761
4899
6336
1777
4770
4548
6576
4516
9742
5423
9777
8439
6166
9949
8761
2518
7103
9784
1683
9331
3088
4567
8928
7009
6936
8515
5899
7337
2812
4965
3307
2980
1522
6225
2229
5644
6173
7515
7560
3961
8404
8765
7422
5505
6373
7047
2787
1808
4068
5600
286
4358
9638
5295
6269
9252
576
2666
6814
6246
8704
5970
7736
4822
5261
5779
7923
8952
3525
9440
16
1575
3014
1720
5022
7521
2657
7525
7006
5426
1649
44
3442
9671
2964
1183
9774
4291
4259
7042
5964
2100
3587
7619
2171
4281
7381
2553
2865
372
7987
2451
6996
9946
7418
6416
6505
4403
4951
9338
3557
1396
4354
1716
2482
9832
1330
9615
711
9812
6572
2565
1441
7573
9532
4754
2098
665
3609
6511
8211
5906
9097
3183
1615
1783
1006
1110
6636
8655
8831
9801
2430
6076
7436
9344
7694
7106
7030
3058
698
627
2311
5562
1914
3997
1913
1257
3878
9399
3405
8056
6349
676
2387
8069
5131
4112
3155
9813
6536
6189
7941
6148
4038
7481
5680
5636
3086
4182
9807
6637
6662
3722
6090
4474
7335
6149
2001
7200
7936
2919
1769
1143
6130
3354
2242
9821
4096
850
1078
3026
4402
4816
1871
7331
1256
9579
6139
7754
5226
5380
8425
2811
1782
1347
8618
5315
8950
8534
2183
7259
9137
9554
2628
5828
8170
6934
8560
541
687
1686
3603
8932
8046
7910
7454
2755
8500
5002
2723
9564
4599
7282
3237
8238
5819
9094
5503
949
4049
9639
8929
4976
2304
9672
2909
106
9734
2450
4362
2360
3384
7791
6062
2754
4676
1038
5091
6977
2852
7724
4713
8085
9403
782
7040
5595
1850
4219
9894
9018
5811
7838
9291
1492
1300
4336
2602
5058
2359
1718
8693
3692
6212
4697
7535
231
8556
9110
5062
940
2399
9179
5102
9808
5035
5545
907
2745
2159
9275
4706
1862
8538
5481
8642
1688
4529
8638
7489
1738
4803
952
330
146
3207
1491
5989
7347
9478
5738
7676
1129
8871
8401
3416
5620
3487
512
3303
3486
5359
6343
3441
1966
327
3965
