9799
2
9798
3
9797
4
9794
6
9793
7
9789
8
9788
12
9786
16
9785
20
9784
21
9783
22
9781
23
9779
26
9776
28
9773
33
9769
36
9766
40
9764
44
9761
47
9756
48
9752
53
9750
55
9749
58
9747
60
9741
61
9739
63
9738
64
9737
65
9732
67
9729
69
9727
71
9726
72
9724
73
9721
74
9719
75
9715
76
9714
78
9711
79
9709
81
9707
85
9705
87
9703
89
9698
91
9696
92
9695
94
9693
96
9690
98
9688
100
9685
101
9684
102
9681
105
9679
107
9677
109
9673
111
9670
112
9668
114
9667
115
9666
116
9664
118
9662
119
9660
120
9656
122
9654
123
9652
125
9650
126
9649
129
9646
130
9642
132
9640
133
9639
136
9637
138
9636
139
9634
140
9633
143
9632
144
9631
146
9630
149
9628
150
9625
153
9624
154
9619
155
9617
160
9616
162
9611
165
9608
168
9606
170
9603
173
9600
175
9596
176
9593
178
9591
179
9588
181
9585
183
9582
185
9579
187
9576
188
9574
189
9572
191
9570
192
9569
194
9568
197
9566
200
9565
202
9564
203
9561
204
9559
205
9556
207
9551
208
9546
209
9545
212
9541
214
9537
216
9533
218
9532
219
9531
221
9530
222
9527
224
9526
226
9525
227
9524
228
9523
230
9521
232
9519
233
9517
236
9515
237
9510
238
9509
240
9507
243
9505
244
9504
250
9500
253
9499
256
9497
258
9495
259
9492
261
9490
266
9486
268
9485
270
9482
272
9481
273
9480
274
9479
275
9477
276
9475
277
9474
278
9471
279
9469
282
9467
284
9465
290
9464
293
9462
296
9461
300
9459
304
9456
306
9455
307
9454
311
9453
312
9451
318
9448
320
9447
324
9446
326
9445
327
9441
329
9439
330
9438
334
9435
335
9433
337
9432
339
9430
341
9428
342
9425
344
9424
346
9422
347
9418
349
9416
350
9414
353
9412
356
9409
357
9407
359
9406
362
9404
364
9402
365
9400
369
9398
373
9396
374
9394
376
9393
378
9391
379
9389
380
9387
381
9384
382
9383
385
9379
387
9375
389
9374
390
9371
393
9370
394
9369
396
9367
399
9364
401
9361
404
9358
406
9356
409
9354
412
9353
413
9351
416
9348
419
9344
421
9343
422
9341
423
9338
424
9336
427
9333
429
9332
431
9331
433
9329
435
9327
439
9326
441
9324
443
9322
444
9320
446
9318
447
9316
449
9312
451
9311
453
9309
456
9308
459
9307
460
9303
462
9300
463
9299
467
9296
469
9295
470
9291
473
9289
475
9287
476
9285
477
9283
480
9282
482
9280
484
9277
485
9276
488
9274
489
9273
492
9272
495
9268
496
9266
497
9262
498
9261
501
9259
503
9257
504
9252
507
9251
510
9250
511
9248
513
9245
515
9243
516
9242
518
9240
520
9238
523
9237
527
9235
528
9232
529
9228
530
9227
531
9225
533
9222
537
9219
538
9216
539
9215
540
9213
542
9212
543
9211
548
9209
550
9207
552
9206
554
9204
556
9203
558
9199
559
9196
560
9194
561
9192
563
9190
565
9189
566
9188
568
9187
571
9186
573
9184
574
9182
576
9181
578
9177
579
9176
581
9175
583
9174
586
9173
587
9172
588
9171
592
9170
593
9168
594
9167
595
9165
597
9161
599
9158
601
9155
603
9154
605
9153
608
9152
610
9151
612
9150
613
9149
616
9147
618
9146
620
9144
623
9143
625
9141
626
9140
627
9138
629
9137
632
9134
633
9132
634
9129
638
9127
640
9125
642
9123
643
9122
645
9120
646
9119
647
9117
650
9115
651
9114
652
9113
656
9112
659
9110
661
9109
663
9106
664
9103
665
9102
666
9100
669
9099
670
9096
672
9095
676
9092
679
9091
681
9089
682
9087
683
9084
685
9081
686
9080
688
9078
691
9076
692
9075
698
9074
702
9072
705
9069
706
9068
708
9066
711
9065
713
9063
715
9061
718
9060
719
9057
721
9054
724
9052
725
9048
726
9046
728
9045
731
9043
732
9041
733
9040
734
9037
735
9034
738
9032
740
9031
743
9028
744
9026
746
9024
747
9021
750
9018
753
9013
754
9012
756
9011
759
9010
760
9007
762
9006
763
9004
764
9002
765
9000
767
8999
769
8997
770
8995
773
8992
775
8990
776
8988
777
8986
781
8985
783
8984
784
8982
785
8978
786
8977
788
8975
791
8973
793
8971
794
8970
796
8968
797
8966
800
8965
801
8964
804
8962
806
8959
808
8958
810
8956
812
8954
813
8953
816
8952
817
8951
819
8949
822
8948
823
8947
826
8945
828
8943
831
8942
832
8940
835
8937
837
8935
842
8934
845
8933
846
8932
847
8931
849
8928
851
8927
853
8926
855
8924
859
8923
863
8920
865
8919
868
8917
869
8916
871
8915
872
8913
874
8910
876
8906
877
8903
879
8901
881
8898
883
8897
885
8896
888
8895
890
8892
892
8891
895
8890
898
8888
900
8887
903
8884
904
8882
906
8881
908
8878
914
8876
916
8873
917
8871
920
8870
921
8868
926
8864
928
8860
932
8854
933
8851
935
8849
938
8847
940
8845
943
8844
946
8842
949
8841
950
8840
951
8839
954
8836
957
8834
960
8832
963
8830
964
8828
965
8826
967
8824
969
8823
971
8819
972
8816
975
8814
977
8812
979
8810
983
8808
985
8806
986
8805
988
8803
990
8801
992
8798
995
8795
998
8792
1000
8791
1003
8790
1006
8788
1009
8786
1011
8782
1013
8780
1015
8777
1019
8775
1022
8771
1024
8769
1026
8768
1028
8767
1029
8764
1030
8763
1032
8762
1034
8761
1037
8759
1040
8758
1042
8756
1044
8754
1045
8753
1047
8752
1049
8750
1052
8748
1053
8747
1055
8745
1057
8741
1059
8740
1060
8739
1061
8738
1065
8736
1067
8732
1071
8731
1073
8730
1075
8728
1077
8727
1080
8726
1081
8723
1082
8721
1083
8719
1084
8717
1085
8716
1086
8715
1087
8712
1089
8710
1090
8709
1092
8708
1093
8707
1095
8706
1097
8705
1102
8702
1103
8701
1104
8700
1108
8697
1109
8696
1111
8695
1113
8693
1115
8692
1116
8689
1119
8686
1120
8684
1121
8683
1122
8681
1125
8680
1126
8678
1127
8674
1128
8673
1129
8670
1130
8669
1131
8667
1135
8666
1136
8663
1139
8661
1143
8657
1144
8653
1145
8652
1147
8651
1148
8648
1151
8643
1152
8641
1154
8639
1156
8638
1158
8637
1161
8636
1166
8634
1167
8633
1169
8632
1170
8631
1172
8629
1175
8627
1177
8624
1179
8622
1181
8620
1182
8619
1183
8618
1184
8617
1185
8615
1186
8613
1189
8610
1191
8609
1195
8607
1198
8605
1201
8602
1204
8600
1208
8598
1211
8595
1213
8593
1217
8591
1220
8587
1222
8585
1224
8584
1226
8582
1227
8579
1228
8576
1230
8574
1231
8573
1235
8572
1236
8571
1239
8570
1240
8567
1243
8565
1244
8563
1245
8561
1246
8560
1248
8557
1251
8553
1256
8551
1257
8550
1258
8548
1260
8545
1261
8544
1262
8542
1264
8540
1265
8539
1266
8538
1271
8536
1273
8534
1275
8532
1276
8530
1277
8529
1279
8528
1280
8527
1282
8524
1284
8520
1285
8517
1286
8515
1287
8514
1288
8512
1289
8509
1291
8507
1293
8504
1295
8503
1296
8500
1297
8499
1299
8497
1300
8495
1302
8492
1303
8490
1304
8489
1305
8485
1307
8482
1308
8479
1311
8477
1312
8476
1314
8474
1315
8472
1318
8471
1320
8470
1322
8468
1324
8465
1327
8462
1330
8460
1333
8457
1337
8455
1339
8454
1340
8451
1342
8450
1344
8447
1346
8444
1348
8441
1350
8439
1353
8436
1359
8432
1364
8429
1366
8427
1367
8425
1369
8422
1370
8419
1372
8418
1376
8417
1378
8416
1380
8413
1382
8412
1383
8411
1384
8406
1385
8404
1386
8401
1388
8399
1392
8398
1394
8394
1396
8391
1398
8388
1403
8385
1404
8384
1406
8382
1409
8380
1410
8378
1412
8377
1414
8376
1418
8372
1420
8371
1423
8369
1427
8367
1428
8365
1430
8363
1431
8361
1433
8360
1434
8358
1439
8357
1441
8356
1443
8351
1445
8350
1449
8349
1451
8348
1455
8347
1458
8343
1460
8340
1462
8335
1463
8334
1465
8332
1466
8331
1468
8328
1470
8326
1471
8325
1472
8323
1474
8321
1475
8320
1476
8318
1477
8316
1478
8312
1481
8311
1484
8308
1485
8306
1486
8303
1487
8302
1490
8301
1492
8300
1495
8298
1496
8296
1498
8295
1502
8293
1503
8290
1506
8288
1507
8284
1508
8281
1509
8280
1512
8278
1514
8277
1516
8276
1517
8274
1518
8273
1520
8270
1521
8269
1522
8267
1524
8264
1526
8263
1527
8260
1528
8259
1531
8258
1532
8257
1535
8256
1536
8254
1539
8250
1542
8247
1545
8245
1548
8243
1549
8242
1551
8240
1554
8239
1557
8238
1558
8236
1559
8234
1560
8232
1565
8230
1566
8228
1568
8224
1570
8222
1571
8218
1572
8217
1574
8215
1576
8214
1577
8213
1579
8211
1580
8210
1581
8209
1584
8207
1585
8203
1586
8201
1588
8199
1590
8197
1593
8194
1596
8192
1599
8187
1601
8186
1604
8183
1606
8182
1608
8178
1609
8170
1610
8169
1612
8168
1616
8167
1618
8166
1622
8165
1623
8164
1626
8161
1628
8158
1631
8156
1632
8155
1635
8154
1636
8151
1638
8150
1641
8149
1644
8147
1648
8145
1650
8143
1651
8140
1652
8138
1654
8135
1655
8134
1659
8132
1660
8131
1664
8128
1668
8127
1670
8124
1672
8121
1675
8119
1679
8117
1682
8115
1685
8110
1688
8109
1692
8106
1695
8105
1696
8104
1697
8102
1701
8099
1704
8098
1705
8097
1706
8094
1710
8093
1711
8092
1712
8091
1713
8088
1716
8084
1719
8083
1721
8082
1724
8080
1728
8075
1729
8073
1733
8070
1735
8067
1736
8066
1740
8065
1743
8063
1744
8061
1745
8059
1748
8058
1749
8056
1754
8052
1757
8050
1758
8048
1761
8046
1764
8043
1766
8040
1767
8039
1768
8037
1770
8035
1772
8033
1773
8031
1775
8027
1777
8024
1779
8022
1780
8021
1783
8020
1784
8019
1786
8018
1791
8017
1793
8015
1794
8014
1796
8010
1797
8005
1801
8004
1804
8001
1805
7998
1807
7996
1809
7994
1812
7992
1813
7991
1815
7986
1817
7983
1819
7981
1821
7978
1823
7977
1825
7976
1828
7973
1831
7971
1833
7970
1836
7969
1837
7967
1840
7966
1842
7964
1844
7962
1846
7961
1847
7959
1849
7958
1850
7957
1853
7955
1855
7953
1856
7951
1857
7950
1860
7947
1865
7945
1867
7942
1868
7939
1869
7937
1871
7936
1874
7934
1879
7932
1882
7929
1883
7928
1884
7926
1885
7923
1887
7922
1890
7920
1893
7918
1895
7917
1896
7916
1898
7915
1900
7913
1903
7911
1904
7910
1907
7908
1910
7905
1912
7901
1915
7897
1917
7896
1920
7894
1922
7892
1925
7890
1926
7889
1927
7885
1929
7883
1931
7880
1932
7878
1933
7876
1935
7874
1938
7872
1939
7871
1941
7868
1943
7867
1947
7866
1951
7860
1952
7859
1954
7855
1956
7853
1958
7852
1959
7850
1961
7848
1964
7846
1965
7844
1967
7843
1969
7839
1972
7838
1973
7836
1975
7834
1977
7833
1978
7830
1980
7828
1981
7826
1983
7824
1984
7821
1985
7819
1987
7816
1991
7814
1994
7813
1996
7811
1998
7810
2002
7805
2004
7802
2007
7798
2010
7794
2012
7793
2014
7788
2017
7786
2018
7785
2019
7783
2020
7781
2023
7779
2024
7777
2025
7775
2027
7772
2032
7771
2034
7770
2037
7767
2040
7765
2042
7763
2046
7760
2047
7758
2049
7757
2051
7751
2052
7748
2053
7746
2054
7743
2055
7740
2058
7739
2059
7738
2060
7734
2062
7732
2064
7730
2065
7727
2066
7726
2068
7723
2072
7722
2073
7720
2075
7717
2077
7714
2078
7713
2081
7710
2082
7709
2084
7708
2086
7704
2087
7703
2088
7701
2090
7699
2093
7696
2094
7694
2096
7693
2098
7691
2099
7690
2100
7687
2102
7684
2104
7682
2106
7679
2107
7677
2109
7674
2113
7672
2116
7667
2118
7664
2121
7663
2123
7659
2126
7656
2128
7654
2129
7652
2132
7651
2135
7647
2139
7646
2140
7644
2141
7643
2143
7640
2145
7639
2148
7638
2152
7636
2154
7632
2155
7630
2156
7628
2159
7625
2163
7622
2166
7621
2167
7619
2170
7617
2172
7616
2175
7614
2178
7609
2179
7607
2180
7605
2183
7602
2187
7600
2188
7599
2189
7597
2192
7596
2195
7593
2197
7592
2199
7589
2200
7588
2201
7586
2203
7585
2204
7584
2206
7583
2210
7580
2212
7578
2215
7577
2217
7575
2219
7574
2222
7572
2223
7571
2225
7570
2226
7568
2228
7567
2229
7564
2230
7558
2233
7556
2238
7554
2239
7552
2240
7551
2242
7549
2244
7548
2247
7545
2248
7544
2249
7543
2251
7542
2253
7541
2255
7539
2257
7537
2259
7534
2262
7533
2265
7531
2267
7530
2269
7527
2271
7526
2275
7525
2277
7523
2280
7520
2282
7518
2285
7516
2286
7513
2288
7509
2289
7506
2293
7504
2295
7503
2297
7502
2299
7500
2301
7496
2302
7495
2304
7493
2307
7492
2308
7487
2309
7486
2311
7485
2315
7484
2317
7483
2318
7480
2322
7478
2324
7476
2326
7474
2328
7470
2333
7469
2334
7468
2336
7467
2339
7465
2342
7464
2345
7463
2348
7462
2350
7459
2352
7458
2354
7457
2355
7454
2357
7453
2359
7452
2360
7450
2362
7448
2363
7445
2367
7444
2368
7442
2370
7440
2371
7439
2372
7437
2374
7435
2376
7434
2380
7432
2383
7430
2385
7428
2387
7425
2389
7424
2392
7423
2393
7421
2394
7419
2395
7418
2398
7414
2400
7412
2401
7411
2405
7409
2406
7407
2409
7405
2412
7404
2414
7402
2415
7400
2416
7399
2417
7397
2421
7395
2423
7393
2424
7390
2427
7387
2429
7384
2430
7382
2432
7381
2434
7379
2435
7375
2436
7374
2437
7373
2438
7370
2445
7368
2447
7367
2448
7366
2449
7364
2450
7361
2451
7359
2452
7358
2453
7355
2454
7351
2455
7349
2459
7348
2463
7346
2466
7343
2471
7342
2472
7341
2476
7337
2479
7335
2481
7332
2483
7331
2485
7330
2487
7327
2489
7325
2491
7324
2494
7323
2495
7322
2498
7320
2499
7317
2501
7313
2503
7310
2504
7307
2505
7306
2506
7303
2507
7302
2508
7300
2512
7299
2514
7297
2515
7295
2516
7292
2517
7289
2519
7286
2522
7284
2524
7283
2525
7280
2526
7279
2529
7277
2530
7276
2533
7275
2535
7272
2536
7270
2540
7269
2542
7267
2544
7265
2546
7264
2548
7262
2551
7259
2555
7258
2557
7254
2560
7250
2562
7248
2565
7247
2566
7246
2569
7245
2570
7244
2573
7242
2576
7240
2579
7237
2581
7235
2583
7233
2586
7230
2588
7226
2590
7222
2592
7219
2594
7218
2595
7216
2596
7213
2597
7210
2599
7207
2601
7205
2603
7202
2605
7199
2607
7197
2608
7196
2610
7195
2612
7193
2614
7192
2615
7190
2616
7189
2617
7188
2618
7184
2620
7183
2621
7181
2622
7178
2623
7175
2625
7172
2626
7170
2627
7167
2629
7164
2633
7161
2635
7158
2636
7156
2640
7155
2641
7152
2644
7150
2645
7147
2648
7146
2649
7144
2650
7142
2652
7141
2654
7137
2655
7134
2657
7133
2658
7131
2660
7130
2661
7127
2662
7124
2664
7122
2667
7121
2670
7119
2672
7118
2677
7117
2679
7115
2681
7114
2682
7113
2683
7110
2684
7106
2687
7105
2690
7104
2691
7102
2693
7099
2694
7096
2697
7093
2698
7088
2700
7086
2703
7085
2705
7084
2706
7083
2707
7081
2709
7078
2710
7076
2712
7075
2714
7072
2715
7071
2718
7070
2720
7068
2722
7065
2725
7062
2729
7057
2730
7053
2732
7052
2736
7049
2737
7047
2739
7045
2740
7042
2742
7040
2743
7039
2747
7038
2748
7037
2749
7035
2751
7031
2753
7029
2754
7027
2755
7026
2757
7024
2760
7023
2762
7022
2765
7021
2767
7020
2769
7019
2770
7017
2772
7016
2774
7014
2776
7013
2780
7011
2782
7009
2787
7008
2790
7007
2792
7005
2794
7003
2796
7001
2797
7000
2798
6999
2800
6997
2803
6994
2805
6992
2806
6989
2807
6987
2811
6984
2813
6983
2815
6980
2817
6978
2818
6976
2822
6972
2823
6971
2825
6968
2829
6967
2830
6965
2832
6963
2833
6961
2838
6959
2841
6957
2843
6955
2846
6952
2849
6951
2850
6949
2851
6947
2854
6946
2856
6942
2857
6939
2858
6938
2860
6935
2861
6932
2864
6931
2866
6929
2869
6926
2870
6925
2871
6924
2873
6922
2876
6920
2879
6919
2881
6914
2884
6913
2887
6912
2888
6910
2889
6909
2890
6907
2891
6906
2892
6903
2896
6901
2897
6897
2898
6894
2900
6893
2901
6892
2903
6891
2904
6889
2905
6885
2907
6882
2910
6880
2912
6878
2914
6876
2917
6874
2920
6873
2921
6870
2923
6868
2924
6866
2925
6865
2928
6864
2929
6863
2930
6861
2932
6859
2935
6858
2936
6856
2938
6855
2939
6851
2940
6850
2941
6847
2944
6846
2945
6845
2946
6843
2947
6841
2949
6840
2951
6838
2954
6835
2956
6834
2958
6830
2959
6828
2961
6827
2962
6826
2964
6823
2965
6819
2966
6818
2967
6816
2968
6815
2970
6814
2973
6813
2975
6812
2976
6811
2977
6808
2978
6807
2980
6805
2982
6802
2985
6798
2988
6796
2990
6794
2991
6793
2994
6791
2995
6790
2996
6787
2997
6786
2999
6783
3002
6781
3005
6779
3006
6777
3008
6776
3009
6773
3011
6771
3014
6770
3015
6769
3017
6768
3018
6767
3019
6766
3020
6765
3022
6764
3023
6761
3026
6759
3027
6758
3028
6756
3030
6754
3032
6750
3033
6747
3035
6746
3037
6745
3041
6743
3042
6741
3044
6738
3045
6737
3047
6735
3048
6733
3049
6732
3050
6728
3051
6727
3054
6724
3057
6721
3059
6718
3061
6716
3062
6714
3063
6713
3065
6710
3069
6709
3070
6707
3071
6706
3072
6704
3073
6703
3074
6701
3076
6700
3077
6699
3078
6698
3080
6697
3085
6696
3087
6695
3088
6694
3089
6692
3092
6690
3096
6688
3098
6687
3100
6686
3102
6684
3104
6683
3107
6682
3108
6681
3109
6680
3113
6678
3114
6675
3116
6673
3118
6671
3119
6670
3120
6668
3122
6666
3124
6663
3125
6660
3128
6658
3130
6656
3133
6653
3134
6652
3137
6650
3138
6648
3141
6646
3142
6645
3143
6641
3145
6640
3146
6637
3148
6636
3149
6633
3150
6631
3152
6629
3154
6625
3156
6623
3157
6622
3159
6620
3160
6618
3162
6615
3165
6613
3167
6612
3168
6611
3170
6609
3171
6606
3172
6604
3175
6602
3176
6600
3179
6597
3180
6595
3182
6594
3184
6593
3186
6592
3190
6589
3192
6585
3196
6583
3197
6582
3198
6581
3199
6579
3204
6576
3206
6574
3208
6573
3209
6570
3211
6567
3212
6565
3215
6564
3216
6561
3218
6559
3219
6556
3221
6554
3223
6553
3224
6551
3225
6549
3227
6548
3229
6547
3232
6544
3234
6541
3236
6540
3237
6538
3239
6537
3243
6535
3245
6533
3247
6531
3248
6529
3250
6527
3252
6524
3254
6522
3257
6521
3260
6520
3262
6517
3263
6514
3265
6511
3266
6509
3269
6508
3270
6505
3271
6503
3274
6499
3275
6497
3276
6496
3278
6495
3279
6493
3282
6491
3283
6489
3284
6486
3285
6483
3287
6479
3289
6478
3293
6474
3294
6472
3295
6471
3297
6470
3299
6469
3300
6468
3301
6467
3303
6465
3305
6464
3307
6461
3308
6457
3310
6455
3313
6454
3315
6453
3316
6452
3319
6451
3321
6448
3322
6447
3323
6446
3324
6444
3325
6442
3326
6441
3327
6438
3329
6435
3330
6434
3331
6432
3333
6429
3334
6427
3335
6426
3337
6424
3340
6422
3341
6420
3342
6417
3344
6416
3346
6414
3349
6413
3350
6411
3352
6410
3353
6403
3357
6401
3358
6400
3360
6399
3361
6398
3363
6396
3364
6393
3365
6392
3366
6389
3367
6387
3368
6386
3370
6383
3371
6378
3372
6375
3373
6373
3375
6371
3378
6370
3381
6369
3383
6368
3384
6367
3385
6366
3387
6364
3390
6363
3391
6362
3393
6361
3395
6359
3400
6357
3401
6356
3403
6353
3405
6352
3406
6350
3407
6348
3408
6347
3412
6344
3413
6343
3415
6342
3416
6341
3417
6340
3420
6339
3421
6336
3424
6334
3427
6333
3429
6331
3431
6329
3433
6326
3436
6324
3438
6323
3439
6321
3440
6319
3442
6317
3444
6315
3447
6314
3449
6313
3451
6310
3452
6306
3453
6304
3455
6302
3456
6300
3457
6296
3459
6295
3460
6293
3463
6292
3466
6291
3467
6290
3469
6289
3471
6287
3473
6286
3475
6284
3476
6282
3480
6280
3481
6277
3487
6275
3489
6273
3490
6271
3492
6269
3494
6268
3495
6267
3496
6266
3498
6263
3499
6260
3501
6259
3502
6256
3506
6253
3507
6251
3509
6250
3511
6247
3512
6246
3514
6244
3515
6240
3516
6239
3517
6238
3518
6235
3521
6233
3523
6230
3526
6228
3528
6227
3530
6224
3532
6221
3533
6220
3536
6217
3537
6215
3540
6213
3543
6212
3545
6211
3546
6210
3547
6209
3548
6208
3550
6207
3551
6204
3554
6202
3556
6201
3559
6197
3560
6195
3561
6194
3562
6191
3563
6189
3564
6187
3565
6186
3566
6185
3568
6184
3570
6183
3572
6182
3574
6179
3575
6177
3577
6176
3578
6173
3581
6171
3582
6169
3584
6168
3585
6166
3589
6164
3591
6163
3594
6162
3597
6160
3598
6159
3600
6158
3601
6157
3603
6155
3607
6154
3608
6152
3611
6148
3613
6147
3614
6146
3615
6145
3616
6144
3617
6143
3619
6141
3620
6140
3623
6139
3625
6136
3626
6134
3629
6133
3631
6132
3633
6129
3634
6128
3636
6125
3637
6122
3638
6120
3640
6118
3642
6117
3644
6115
3647
6113
3650
6112
3652
6111
3654
6110
3656
6106
3657
6105
3660
6104
3662
6101
3663
6099
3665
6098
3666
6095
3667
6093
3668
6089
3669
6088
3670
6086
3671
6084
3672
6081
3673
6079
3675
6077
3676
6076
3677
6074
3679
6071
3681
6068
3683
6067
3685
6066
3686
6065
3687
6064
3688
6061
3690
6059
3693
6058
3695
6057
3698
6054
3699
6049
3700
6048
3702
6046
3703
6045
3706
6043
3708
6042
3709
6041
3710
6039
3712
6036
3713
6033
3717
6032
3720
6031
3725
6029
3727
6027
3729
6026
3730
6023
3732
6022
3733
6020
3734
6019
3737
6017
3740
6016
3742
6014
3744
6011
3745
6010
3747
6008
3750
6007
3752
6005
3754
6004
3755
6001
3757
5998
3761
5996
3762
5994
3765
5992
3766
5991
3767
5988
3769
5986
3770
5985
3771
5982
3773
5981
3776
5977
3777
5975
3779
5974
3780
5972
3782
5970
3784
5965
3786
5961
3790
5957
3792
5955
3795
5953
3798
5950
3800
5949
3801
5947
3802
5945
3804
5944
3808
5943
3810
5941
3812
5940
3813
5936
3814
5935
3816
5934
3817
5932
3819
5931
3821
5930
3823
5926
3825
5924
3829
5922
3831
5920
3833
5918
3834
5916
3836
5913
3837
5909
3839
5908
3842
5904
3845
5901
3848
5900
3850
5899
3851
5897
3855
5896
3856
5893
3857
5891
3859
5890
3860
5886
3862
5884
3864
5883
3868
5880
3870
5878
3871
5876
3872
5874
3875
5872
3876
5867
3878
5866
3879
5864
3881
5863
3883
5859
3884
5857
3886
5856
3888
5855
3892
5853
3893
5851
3894
5850
3895
5849
3897
5847
3898
5845
3899
5844
3901
5842
3904
5838
3905
5837
3906
5834
3908
5831
3909
5828
3912
5826
3916
5824
3917
5822
3919
5821
3923
5819
3924
5818
3926
5815
3931
5812
3932
5810
3934
5808
3935
5807
3937
5805
3939
5802
3943
5800
3944
5799
3946
5796
3949
5794
3950
5792
3951
5791
3952
5790
3954
5788
3955
5787
3956
5784
3957
5782
3959
5781
3961
5779
3962
5778
3964
5776
3965
5775
3966
5774
3968
5771
3969
5770
3972
5767
3973
5766
3974
5764
3976
5763
3978
5761
3980
5760
3984
5759
3986
5757
3987
5755
3988
5753
3989
5750
3990
5748
3992
5746
3993
5745
3997
5742
4001
5738
4003
5737
4005
5735
4006
5733
4010
5732
4011
5728
4014
5727
4016
5726
4018
5724
4021
5722
4023
5718
4026
5716
4028
5714
4029
5711
4031
5710
4033
5709
4035
5706
4037
5705
4038
5703
4039
5700
4042
5696
4043
5694
4045
5693
4046
5692
4048
5688
4050
5687
4054
5686
4057
5683
4061
5681
4062
5680
4063
5677
4064
5676
4066
5674
4067
5672
4070
5670
4071
5669
4072
5668
4075
5666
4078
5664
4080
5662
4081
5661
4083
5659
4084
5655
4085
5654
4086
5653
4089
5652
4091
5651
4093
5649
4094
5648
4096
5646
4099
5642
4103
5640
4105
5639
4108
5637
4109
5634
4110
5630
4111
5629
4113
5626
4115
5625
4117
5624
4120
5622
4122
5621
4123
5620
4126
5617
4129
5615
4131
5613
4133
5610
4135
5609
4138
5607
4139
5605
4141
5602
4143
5601
4146
5599
4147
5598
4150
5595
4151
5593
4153
5591
4155
5590
4156
5587
4158
5586
4159
5583
4162
5580
4163
5575
4164
5573
4166
5571
4168
5569
4169
5568
4171
5567
4172
5563
4173
5562
4175
5561
4176
5559
4178
5558
4182
5555
4183
5554
4187
5551
4188
5549
4190
5548
4191
5547
4193
5546
4195
5545
4197
5544
4198
5543
4199
5540
4201
5539
4202
5536
4203
5535
4205
5533
4206
5532
4208
5531
4212
5529
4213
5527
4215
5526
4216
5524
4217
5523
4219
5521
4220
5518
4222
5517
4224
5516
4226
5513
4228
5511
4229
5509
4231
5508
4234
5504
4238
5502
4240
5500
4242
5498
4243
5496
4244
5494
4246
5493
4247
5491
4248
5489
4249
5488
4250
5485
4252
5484
4254
5483
4255
5482
4256
5479
4258
5478
4260
5477
4263
5475
4264
5474
4265
5471
4267
5470
4270
5468
4273
5467
4274
5465
4276
5463
4278
5462
4279
5461
4281
5457
4284
5456
4288
5455
4290
5453
4291
5451
4292
5448
4295
5447
4298
5443
4299
5442
4300
5441
4301
5436
4303
5435
4304
5433
4307
5432
4310
5429
4312
5428
4313
5427
4315
5426
4317
5425
4318
5422
4320
5420
4323
5419
4325
5417
4328
5416
4329
5414
4331
5413
4334
5411
4336
5410
4337
5409
4340
5408
4341
5405
4343
5404
4344
5402
4347
5401
4348
5398
4350
5397
4353
5394
4355
5391
4356
5390
4359
5384
4361
5383
4364
5381
4365
5379
4367
5378
4368
5375
4371
5373
4373
5369
4374
5368
4376
5364
4380
5363
4381
5362
4383
5360
4384
5359
4386
5356
4388
5355
4390
5354
4391
5353
4394
5352
4397
5350
4399
5349
4400
5345
4401
5344
4402
5343
4403
5342
4405
5340
4406
5339
4408
5337
4409
5336
4412
5334
4415
5331
4417
5329
4419
5328
4420
5326
4421
5325
4423
5323
4425
5321
4427
5319
4428
5317
4429
5315
4431
5314
4434
5312
4435
5311
4437
5310
4439
5309
4441
5308
4444
5307
4445
5305
4448
5302
4450
5300
4451
5298
4454
5297
4456
5294
4460
5293
4464
5291
4466
5290
4468
5289
4472
5288
4474
5286
4476
5284
4477
5282
4480
5281
4483
5279
4484
5277
4486
5276
4488
5274
4489
5273
4490
5272
4493
5270
4495
5269
4496
5267
4497
5265
4498
5262
4501
5260
4502
5257
4504
5256
4507
5255
4509
5254
4511
5252
4513
5248
4516
5247
4519
5246
4520
5245
4521
5243
4524
5240
4525
5238
4527
5236
4528
5234
4529
5233
4531
5232
4532
5227
4533
5226
4534
5225
4536
5221
4539
5220
4540
5215
4543
5212
4544
5210
4546
5208
4548
5206
4549
5205
4551
5204
4555
5202
4558
5199
4560
5198
4561
5196
4564
5195
4566
5194
4567
5193
4569
5192
4570
5189
4571
5187
4573
5185
4574
5183
4576
5182
4577
5177
4578
5175
4582
5173
4583
5170
4584
5169
4585
5168
4589
5165
4590
5163
4592
5162
4594
5161
4595
5158
4597
5155
4600
5154
4602
5153
4605
5151
4606
5149
4608
5148
4609
5147
4611
5146
4614
5145
4615
5144
4617
5142
4620
5141
4623
5139
4625
5138
4626
5136
4627
5135
4628
5130
4629
5128
4630
5125
4633
5124
4635
5122
4637
5121
4638
5120
4640
5117
4641
5114
4644
5113
4645
5112
4646
5110
4647
5108
4649
5105
4650
5104
4651
5100
4654
5099
4655
5097
4657
5096
4658
5093
4660
5091
4662
5088
4664
5086
4665
5082
4666
5081
4671
5080
4674
5079
4675
5078
4676
5076
4677
5074
4679
5073
4680
5070
4681
5069
4682
5068
4683
5067
4686
5066
4688
5064
4691
5063
4692
5061
4693
5059
4695
5057
4697
5056
4699
5055
4700
5054
4702
5052
4703
5048
4705
5045
4707
5043
4708
5041
4709
5039
4712
5038
4715
5037
4718
5035
4719
5032
4722
5029
4723
5028
4726
5026
4727
5024
4728
5022
4729
5020
4731
5018
4732
5016
4734
5014
4737
5012
4739
5010
4740
5008
4742
5007
4743
5006
4744
5003
4746
5002
4747
5000
4748
4998
4749
4997
4751
4995
4752
4990
4753
4988
4756
4987
4757
4984
4759
4981
4760
4980
4761
4978
4764
4975
4765
4974
4768
4973
4770
4972
4772
4971
4773
4969
4775
4968
4777
4967
4778
4965
4779
4963
4783
4958
4784
4956
4786
4953
4789
4951
4794
4950
4795
4949
4798
4945
4799
4943
4801
4942
4805
4941
4807
4939
4809
4938
4811
4936
4812
4935
4813
4934
4814
4933
4815
4930
4816
4929
4818
4928
4820
4927
4821
4926
4822
4925
4824
4923
4825
4922
4826
4921
4827
4919
4828
4917
4829
4915
4831
4913
4832
4910
4834
4909
4837
4907
4839
4906
4840
4904
4842
4903
4847
4901
4848
4899
4849
4895
4851
4892
4853
4891
4856
4889
4859
4885
4860
4884
4862
4882
4863
4881
4867
4880
4869
4879
4870
4878
4871
4877
4872
4874
4237
761
7385
6218
5564
1381
5958
5019
697
687
1197
1694
2292
9197
6090
9674
1573
3701
1039
6711
7711
7675
3356
6107
5423
4181
4436
6895
8291
8103
8244
6748
6037
7856
5914
8893
5094
6487
5437
491
5430
8294
1513
7304
1530
6130
1852
9403
2001
7799
3828
4714
4333
5216
675
8635
5385
3281
6018
6689
8456
9466
2120
5258
4275
8852
5222
355
2332
5656
2147
1830
4352
7668
4060
7408
5541
8628
7906
3739
5581
2237
1841
3058
4044
6647
3103
8381
5902
8304
450
6349
2158
5948
135
6390
7940
6050
5892
8136
7231
5951
7479
2937
5392
2127
39
6552
8879
468
7608
6021
9014
375
6274
1515
6379
9699
3863
4119
4327
2169
8510
1255
8129
4985
9073
7715
2561
4575
9449
5976
9380
9410
780
7232
6241
4430
2391
117
522
7718
4991
1178
2358
8379
1379
1216
7214
7466
3328
2296
3174
7350
2397
2735
3535
7383
8111
7426
6051
6180
6871
8907
7066
3628
931
7902
7803
4554
1739
4643
7365
3891
6188
5111
7415
4581
4763
3040
4954
9641
4931
5200
649
1254
9716
8171
57
9675
3764
1194
152
4852
7120
3877
3155
6799
526
8028
2764
3345
6091
7782
4866
7443
3056
1848
4797
2981
3869
1615
5207
1614
5166
5332
9620
1491
6236
3918
6705
9253
4619
9577
9015
1600
8188
1790
9557
1643
850
7157
7089
4793
7162
9795
925
8359
7266
448
2957
4000
2678
1048
7507
6960
6685
1827
3756
6506
2270
671
3606
9562
2676
6439
7999
4542
1101
4670
1511
1824
11
7497
830
8921
1347
8463
2559
7223
841
6964
7759
8344
3874
2518
5223
2344
1319
2314
6100
2361
7645
5092
7168
93
930
3635
6462
4663
591
5989
7680
9483
1769
6532
3029
9166
1188
9159
3915
6440
6562
5873
6380
8433
4342
7776
5346
4553
2984
9067
3075
7550
655
1971
361
2511
7191
25
8811
3799
8125
3525
2886
4721
2174
9325
7135
4559
9426
167
1494
8513
3630
3084
2165
6330
9757
6915
7185
1358
1613
1595
8623
4251
5665
3890
1621
8172
8658
9463
415
999
3953
2480
6512
723
7356
8616
3646
9506
3549
8044
924
4661
7733
5263
6488
5712
4758
9429
4979
8850
3318
9704
4487
690
2528
5695
6852
3292
7683
7169
4358
929
3830
4294
862
1963
3343
2478
8466
8370
1051
7877
7446
4059
418
2550
9558
1363
2366
9408
4287
2828
1990
4796
8395
1153
2196
8580
2734
7873
2036
5268
7236
3942
5777
7623
678
8742
5603
6784
8599
8204
2773
2243
2639
5885
5927
9304
9601
6904
1700
2564
6676
1064
8233
6981
333
2848
6404
641
5623
2236
4257
8908
6214
562
913
7546
4557
3259
8248
5249
7494
2105
3996
1290
9135
9621
2033
7449
9381
1763
8179
7886
6890
8423
3462
7569
9710
4366
38
9292
5140
5576
4996
1274
6131
1658
7200
5959
7594
7401
6060
3189
1238
2619
239
4900
2865
332
5330
6055
1391
5751
1684
2993
4510
6762
8336
7314
3195
5910
4736
861
8464
611
43
6844
32
5966
9691
3369
6327
1450
9368
4653
6096
6936
7787
5832
1878
4339
1818
9680
4698
4137
2992
6883
8060
2810
2653
8414
494
9751
7238
5616
3031
430
6153
4733
6072
1018
7987
2146
1835
4838
6831
9787
6712
912
1375
1663
7371
6988
5978
4599
46
5946
281
325
3971
6388
6624
7789
9126
2513
9352
4774
617
8396
5266
3520
3046
9345
7965
6875
5713
1678
9185
4730
6621
2347
2696
4607
8208
1036
3450
7633
4694
292
15
2379
1031
4471
4966
2497
580
9612
6285
9077
5556
6550
1934
2913
2338
2209
854
7447
7338
2268
19
5618
8011
6809
440
7898
710
9019
372
2763
113
1461
7565
1894
1924
2488
4745
2872
6425
5868
7603
7176
3590
7125
7790
8480
1442
1395
1165
4678
7227
6009
9001
9339
8112
8071
8364
1928
9534
9246
3207
8843
317
9538
9748
720
4896
148
2388
2863
7837
3411
6530
260
6563
4893
4025
2067
4165
1630
299
3930
3173
4908
5131
6428
8095
792
2728
6958
6717
7251
5747
3599
9472
190
2287
8606
6940
4453
1789
9730
3268
7451
9604
5762
8189
7618
7688
3339
1677
8345
9020
5725
3854
6234
5937
2943
8596
1993
8649
316
1225
8297
4020
9762
2731
4846
4393
2153
3136
7587
9284
755
7822
1489
9700
8568
8225
3410
3238
7079
8424
7488
8872
3068
5271
8235
9457
3178
680
803
4604
1839
6044
340
3389
1873
7997
1547
7455
6943
7481
2752
9376
7372
997
229
8173
1365
8685
8430
5925
368
953
3820
704
2138
1402
9528
8483
9162
6384
4669
2216
2878
4283
5347
6902
4685
7930
5137
2827
1968
1916
8597
6254
8835
1662
164
5486
3785
5209
9362
3724
8313
8442
3338
8783
8535
6708
9742
4167
5697
821
128
1715
7002
8904
9547
557
9385
479
5434
6394
6674
4937
6229
7171
426
1306
5803
2168
9548
6332
2071
14
9725
5259
1138
4114
3760
2422
2411
6030
4819
2953
9260
121
2003
8911
852
4717
8362
8434
3256
6174
4170
5689
7100
4711
3827
4470
1738
5017
1429
8458
4098
4227
8789
6542
2802
5671
7979
5675
3768
2031
3999
2291
9717
271
8437
5971
5860
5756
8894
919
9629
8025
1546
8537
68
4992
9694
4716
1760
5979
5454
696
8654
8041
6586
9411
8249
9070
9217
2837
5577
7581
4180
6669
875
7724
3351
6397
1174
8034
7773
1732
9062
7752
7519
701
5458
8991
2006
8675
4624
5657
4177
5606
1556
8309
6803
9592
5596
269
4107
2011
6626
8743
6297
7795
9195
8583
1459
600
199
3736
7806
8558
5374
2934
1808
911
8703
2482
2057
6257
1979
5228
2306
6167
3194
5921
5749
5690
7211
3458
35
2276
1564
4289
4946
1438
3975
1877
1811
249
5797
1160
6494
902
8855
8162
2258
5322
8076
5087
6800
2134
6691
9191
6358
4947
3064
5911
7097
9055
8655
1362
5501
8205
5150
5174
9498
9647
2426
2821
438
6898
8402
521
9542
411
7741
8383
1070
5449
2462
3446
2151
8996
45
3772
6577
5514
4506
8776
3929
283
7318
5058
3602
5386
8333
4535
2575
5816
1718
3759
622
5650
2702
336
2375
7532
3479
4613
2444
2013
6672
8833
4192
8525
6598
7579
1422
3749
9269
9346
5772
265
2313
2390
3938
2717
6525
7198
9349
6518
978
3470
4804
3534
2916
7820
6092
5472
3428
4841
6751
6278
9139
6630
1017
1374
56
4782
6905
6307
2692
7339
9706
2604
8856
9712
1294
8006
7369
8972
1234
6536
2026
4041
7869
1263
9038
7935
918
3622
6995
2186
3977
7136
6421
7041
5643
3794
4363
9733
1578
7784
2194
2493
9597
637
466
7416
1352
7293
442
9586
8511
2585
2182
7553
639
2191
2039
1605
5244
4684
2972
9323
2137
5480
3716
9549
2443
338
4523
5421
4836
6523
3735
7063
873
310
7924
4324
7615
2470
923
5954
1598
2549
5928
2578
5789
3580
6012
9613
8671
695
6445
8042
9395
3404
8918
8373
4459
805
4918
3922
4102
2606
2125
5983
2312
1742
7521
6198
3177
654
1058
9770
1100
5869
8983
4040
867
8152
2556
1611
3183
4767
3811
493
5106
6052
6354
7653
5684
3034
4833
774
779
7626
9484
3815
3478
2266
4269
6596
9200
3684
2816
2193
577
4189
3258
2523
5858
2490
952
9682
5644
7851
1788
2181
7064
3867
3273
445
8329
159
4610
570
9487
1657
6219
945
1155
3095
8787
9594
6642
59
1759
3161
7006
6651
487
3555
8443
1417
1176
7015
8184
8405
410
2572
9337
7535
5046
7224
2136
7547
1538
585
5736
7540
8979
2804
6126
500
42
8865
8554
5370
2842
4351
3214
4503
4009
8809
84
6677
4346
5881
9355
7498
6526
9728
7829
6443
1157
5804
5793
6318
8036
2420
5213
5261
3399
2724
213
4515
2750
7082
3025
7753
10
1437
5376
5438
8656
834
8899
1753
5835
7090
2960
9589
6062
4130
2814
1620
2404
1137
2009
4948
6423
70
472
1480
6605
8352
4019
3235
3083
1393
6192
8392
1727
8998
1401
982
4382
1454
2279
8549
5877
4101
1107
9518
3723
2532
1691
3889
4792
2666
3242
9442
9244
7050
1114
9488
2157
2675
9417
9443
3036
5239
8861
5503
7165
934
8438
6374
7931
2558
4596
5098
434
4959
1553
264
248
4500
3960
6774
1826
2274
2469
4443
242
3001
2112
2613
6507
1699
7058
395
7482
1332
8062
1079
5973
9313
9049
3903
1168
4145
3728
4414
1647
7186
6475
1413
737
8694
9713
4354
174
6463
3753
2403
7352
4512
4911
1832
5499
7319
9297
9088
3388
3715
1473
3841
8389
8987
8118
3822
5594
6040
4259
3004
5490
1634
2786
9436
6415
4092
9767
392
5582
2689
1292
6725
4017
2820
7974
8603
3866
8679
4306
9689
7413
3880
6405
9493
4976
3513
9388
8237
7460
5466
1737
5754
7471
7514
974
4211
6279
2410
3941
9342
1792
5967
3933
2531
8486
1440
1782
298
7054
709
8902
7255
4458
1501
2793
3505
8885
7138
9239
8282
9686
1229
2305
1310
9587
8445
8327
1569
4890
2571
8938
4781
2674
5875
9734
1038
2492
3738
5870
5846
3253
6545
4810
9683
8195
6075
2122
6990
5115
5528
3151
5505
4508
7524
1690
2554
9489
2164
4449
1050
1669
3477
8711
27
8929
5839
6857
8029
3576
1250
8030
8698
1902
7899
547
9136
9635
3309
8246
2425
858
9254
5887
553
5903
6877
9178
7489
1223
5813
6792
4755
742
2402
9701
590
5627
3432
1041
1066
8200
1731
8420
4993
1870
6391
2022
707
7287
4349
621
6664
6225
2845
944
7290
6365
8555
1207
509
9444
2611
5190
772
1803
3191
391
3824
7472
8317
5476
3127
973
7386
3277
3115
2384
5820
2602
7857
864
2847
6024
8804
6804
9210
7800
8077
1940
7228
3914
3016
4636
6702
1674
7742
4735
6492
2273
6270
5707
2261
9118
3181
1982
8941
1196
517
2875
2880
6264
7840
6490
6916
9440
7475
1210
9220
1587
1575
3249
3392
8877
9104
2475
3055
8057
9093
6305
1444
2433
619
2254
9201
7315
7163
2045
2386
5464
8185
927
1448
3060
8586
6557
2746
5806
2998
4580
2458
9651
3649
5734
8817
8007
6073
5865
703
3362
3853
6351
9580
894
2779
8575
384
1834
7048
5089
5171
8481
2214
7982
5608
5399
7941
1483
2115
8644
9363
3380
386
7735
7909
5382
2177
6917
5600
684
3835
4118
2108
1091
5663
5938
2628
7043
1838
6519
3153
8642
4875
6433
2809
899
2902
9671
3132
9768
4302
328
8137
7582
4293
4034
2202
8089
7749
1426
5912
1146
9290
2553
4418
662
9263
6412
4230
4047
1756
8857
5178
2721
4632
6515
8400
1889
8289
9305
6560
360
5316
2246
9101
5365
5980
34
5366
3707
7538
6667
3661
6832
5739
4547
2716
5570
3531
7249
3907
4803
4924
1419
778
5557
9111
4806
7326
1341
4762
9278
9494
77
6406
4479
6360
9058
8687
5530
6149
5638
860
5341
1493
2382
9771
4233
5123
7559
5704
9310
7441
5984
3588
3135
5929
2539
8081
461
4362
827
4494
4214
8459
5214
6466
9107
455
2922
8848
7179
5773
4225
5030
8815
2632
454
1689
7657
8755
4392
1112
134
2092
6097
6962
2486
6276
9044
7077
9005
5811
486
567
3873
5840
4447
6546
7139
5999
2063
8886
8946
8216
569
1955
3911
8869
2083
7388
987
1336
2221
9163
4883
9780
8662
4725
7705
6116
7946
7059
7510
6325
7347
7308
5933
5783
348
6772
668
689
9035
984
4563
8113
9777
7761
371
9090
5952
9116
8407
4999
5597
7956
5387
541
7301
5327
3203
6899
5578
8521
589
9270
186
4776
2727
7394
8212
8074
8566
2030
8967
6335
5101
5167
3094
9399
3621
9552
8541
172
551
4591
1800
478
2327
2117
2711
4897
6402
3312
7807
584
8285
4079
1625
2785
4049
1534
4858
4411
4326
1008
3241
3979
8793
5004
5224
5459
2812
2038
4379
7861
959
4916
2260
5993
4868
41
3714
3443
2563
3441
5647
9372
2768
3129
8862
897
8255
1799
2457
6801
1368
6782
996
2598
6376
857
3013
9743
991
1005
5313
2016
7321
7689
9598
2836
9676
3910
8368
2874
6785
5888
519
5116
7229
825
7624
8100
9029
3852
5743
5217
3697
83
3010
8180
5439
1950
4200
7501
7660
6222
62
1603
5825
5768
6123
2142
1730
3632
1063
5960
4413
1946
1373
7804
9581
4788
2378
9522
7560
7153
6775
7849
4659
8337
6896
4478
9264
4914
7311
1752
3112
1278
6953
7610
4579
3807
758
3012
4272
319
5798
1298
1500
7281
5510
1377
8765
5031
1206
1937
6108
4642
31
7658
6142
309
6824
8251
3948
289
2114
8496
7173
5473
2050
2883
1110
3394
2413
6638
1405
7719
8448
3426
196
1164
288
437
1323
4704
7676
5519
2784
1106
5861
4886
2408
7333
7239
6436
6322
5506
6956
2029
2446
9314
631
4634
4360
4482
4920
667
7508
8153
3398
6161
5009
7943
3185
4186
3461
9315
2568
2465
8341
730
8588
3624
2745
4977
9614
3111
2673
1124
5060
8487
2665
1425
3593
4467
7010
6715
660
1371
5318
5968
8386
7754
1519
4378
7988
9226
8936
9415
2080
1962
7634
9275
1798
2704
893
2341
9468
3508
9301
966
1171
6473
7036
8241
7984
4069
7766
5285
3840
3542
4562
7212
6281
7561
6119
4442
1163
7933
9160
8604
5915
3086
1142
9255
9753
7263
8944
8645
2695
3558
4865
7944
546
6842
7762
6047
3486
7103
2373
8310
2442
9293
106
8452
7055
9669
1714
7215
8960
8646
9359
9317
3251
5833
6879
7728
4297
3500
1326
7611
86
3419
8116
52
1681
2256
2044
8611
3053
5418
8016
3355
8008
6301
5452
6245
6933
8493
5919
3374
891
6311
5357
4121
3928
2919
3493
5740
7128
8853
4902
9722
9529
2316
8688
3021
5962
1447
4053
8625
4322
1074
7288
8353
9298
9288
8393
6015
1989
4112
408
4140
7056
7755
2538
9365
5109
9386
8085
1150
1021
315
9360
6944
2218
2771
8961
6172
1457
4446
4036
9618
9452
2198
4455
4056
2000
8922
8072
1488
180
9774
1099
3193
5611
5049
9583
7403
9718
4370
3445
1717
3579
4780
2331
1810
6150
5565
6820
2659
7517
5102
962
7635
9294
2407
2220
8314
6634
9782
1909
3448
1253
7217
8866
7927
2428
5075
7101
1945
7721
3648
1726
7893
4469
2232
8526
7132
4800
5159
2577
7989
1270
4013
1988
108
1002
1464
4648
6216
889
2638
5358
7344
844
465
5795
7473
8889
9578
4738
6377
815
5758
8047
1203
6223
1190
7907
1720
7562
976
1014
8559
7273
9334
3166
7825
7511
6006
3485
1533
9202
4104
7208
3983
5827
2211
124
7692
9615
4134
1149
7256
7808
3793
3985
5184
6069
5698
8543
722
3583
8012
7004
8159
8181
8746
5424
7968
3246
5395
7107
5021
2534
4032
3488
3217
7791
1676
458
4964
9735
295
1357
206
5729
4207
6543
9142
7060
6797
948
2224
1589
3131
1771
5678
9286
7912
6510
8461
536
2989
3233
9064
7669
994
7305
8659
7028
856
8501
7499
3797
7862
7914
8699
6973
5894
7963
9022
4128
9590
6810
4944
4817
1723
8146
6528
8770
5042
8160
4052
5440
1892
6587
2527
9392
4357
8724
1563
8781
714
8408
5396
2103
4377
8002
4912
674
5645
8338
2284
5520
2580
3573
4639
8064
5460
6294
5275
9607
1098
7895
2918
1456
1544
3382
1209
4463
9229
5537
2927
3140
2877
1886
1785
3639
4771
4433
6752
1313
8720
5852
9179
2484
9350
1436
5469
8374
4616
9595
3659
5939
607
9563
6927
383
4127
1629
1866
3474
1897
3043
7073
7433
4385
9609
6886
417
6418
1252
8676
9059
3519
9023
5218
836
8950
5050
8621
9256
5051
7129
2337
7282
4210
5990
6985
6226
4769
9520
4239
5324
4157
4713
4982
9208
4106
4440
211
5186
4690
201
7604
833
606
9025
968
5699
5871
7665
1820
4095
5719
736
6661
4179
9775
9401
5292
3067
1633
4530
7328
9279
9330
7598
8307
1747
1693
4845
1329
6476
4002
1864
795
2899
1453
2496
4410
6867
1930
910
7291
2335
1505
4622
8664
3541
1237
5176
6175
4541
5126
4100
4887
7601
8252
7995
799
644
8494
8026
4154
2119
1356
1432
3763
2708
2574
3900
3947
6821
9097
5371
1411
6303
8068
7670
752
2131
6480
6121
95
8713
4550
3491
5211
247
9164
3726
9373
9511
7260
4125
8498
1960
2351
4161
5107
7637
471
8939
3244
6911
7563
5203
8825
3311
1751
1746
6193
4262
7187
5572
8718
1597
4097
8426
5280
1242
5889
2005
6778
1016
4706
3963
8090
6085
8564
2076
1970
2840
7712
1094
7706
7990
5040
1703
8820
3272
6135
1027
7438
3188
7809
331
3317
3995
5817
4314
9042
4194
2035
677
4957
3664
2974
956
1141
3921
4499
4932
9744
4823
7903
2321
6693
1829
717
5278
400
9655
2021
1435
9584
8253
3110
8909
9241
8126
7612
3861
198
1400
3567
8955
2859
24
1680
3719
8883
5033
5641
1802
3982
3093
4116
1646
7528
2766
8484
3314
2456
5987
7948
1876
8261
182
4008
7845
6979
2969
1814
843
1118
3082
4422
3705
5188
6124
9397
6127
9156
6316
8157
1921
9550
848
6481
5969
4236
5367
1215
1187
7148
8569
2950
6753
8612
9258
3927
1649
9382
5829
5809
3553
1035
7796
5552
2461
6610
7220
4565
8292
2647
7091
5769
8053
1859
8577
4124
6616
5691
3081
4218
2537
6272
3472
9745
8397
1845
8101
8608
8905
2365
7477
7613
7456
2545
5604
532
9553
9643
8837
8449
6504
323
6734
499
4785
4505
8516
3658
1283
4631
1919
9347
294
3994
942
6555
2056
2713
9030
9778
4766
9265
7952
4149
9571
7817
9419
3147
2205
4802
4618
3497
1888
2826
6739
8682
4309
9169
4538
4204
4473
354
7673
3678
3704
9128
352
9539
3397
2521
2624
3529
8219
7012
6726
8163
1795
3052
2756
4855
6082
989
8190
3255
7177
9758
8096
7863
5658
1673
8531
3000
4416
9605
8799
5515
7334
1594
2789
739
2686
8226
2669
5701
7111
7695
1078
358
2272
1562
314
5917
4077
947
3569
1072
9420
5412
6627
8800
6156
8283
3228
7271
5848
7522
9335
6053
9508
5444
9223
628
263
824
5612
2795
1397
653
5083
5495
887
7512
572
7285
6080
2723
1390
7697
287
2646
7661
158
8120
6231
4398
2933
5560
9672
2895
7360
5905
8630
6584
2048
432
8051
6884
1529
1062
9321
4857
7831
9754
7201
5534
6028
3722
7074
388
8319
4330
3504
8714
4387
1992
2656
7576
6002
9501
9622
7954
4253
6038
3806
5487
8829
6788
1778
905
1787
1986
7881
8578
2419
6500
6501
5862
3435
1640
2133
1974
166
2101
6996
9281
3202
7149
8813
6578
9230
403
9390
2738
6860
1923
2955
6258
5013
4492
9130
5264
2983
7606
6242
2235
8275
7648
3465
8784
5584
9665
5229
4970
8925
5303
3091
3991
2171
7061
9720
3605
712
8191
8821
4088
5241
6780
1891
6887
2298
1619
2609
1851
4345
3430
9491
8390
8265
9249
6900
4148
7774
7835
9496
1259
1361
3748
3844
9740
818
5780
3775
5963
4960
3682
8794
6482
303
9233
18
6679
749
615
4316
4438
6607
8271
1734
8796
3539
6025
4232
658
2543
1408
3743
6458
6848
3169
7925
6849
7736
3304
2008
2839
3222
8469
2343
8107
4465
1901
7206
4136
8375
7536
3097
1301
3680
2510
5450
7972
4389
9105
4068
7209
8475
490
8505
6087
9008
6437
215
7700
6513
8174
9746
1482
1421
4051
9790
7685
6385
4673
7123
7151
4710
4894
4791
798
6430
5836
1173
4844
3414
6252
1343
2091
4375
1683
4603
2701
907
6760
2330
4720
246
4952
5380
7436
7649
6665
398
2323
8729
8409
6109
8086
1750
4280
6337
1233
1269
1997
245
7764
7801
6601
3809
9405
508
9702
1202
8003
4321
2185
9644
5673
291
4572
8009
7780
6265
7461
2509
2952
8690
3696
5895
8431
3503
8802
8733
7357
7018
9131
8038
1944
66
1762
4462
9427
142
8969
6013
4082
5197
1497
6102
2948
4277
2831
6941
1317
8533
297
3484
2502
3544
3280
2278
6345
6355
4491
2963
8827
2294
6763
5522
169
1725
3741
157
8751
5
8198
5723
5034
7345
3101
6372
7243
4955
6449
9516
6568
5956
6588
5635
2759
2245
5230
3434
9133
5127
9772
2582
7336
2567
6736
7921
6083
8223
5730
223
1537
6539
8589
1140
345
8435
4074
9039
4271
3205
6744
3694
3557
2111
5997
624
2894
1774
6312
8846
514
5585
4588
1656
7949
6484
6248
7221
880
1667
5619
7159
1543
1687
7505
6569
3618
6729
2095
582
7108
8410
2468
4724
1007
5631
7257
4522
7194
3423
8268
6969
4160
2733
464
407
7143
241
30
4055
7145
7891
922
3354
8976
3674
6998
3201
7858
3527
6407
2808
4861
1504
313
7744
402
1200
5095
8114
4332
2853
1510
1205
481
8202
1219
4369
8797
9661
7376
766
636
5320
9623
4185
7298
939
9648
6571
5507
5632
4621
8838
6261
6580
7655
8552
436
1583
156
2441
4268
9016
4319
909
1134
5132
3643
4830
8722
3778
3651
5133
6502
1949
9036
235
1966
2552
2320
1
8354
3970
5179
2208
5538
6603
3552
2124
2310
1666
6288
6346
575
3106
6991
3538
4876
3751
8262
8346
2584
3781
280
1214
9094
6000
8660
7870
768
5191
3079
4475
7182
1872
7818
9145
6950
1899
4338
8196
2987
2909
7864
5103
5143
1499
5242
7590
137
2906
6742
1741
2381
8993
5250
9050
6836
6934
1709
3090
88
1863
9567
252
2369
7778
2758
2799
6730
9082
7252
8286
1567
3425
4396
1328
2893
882
4457
7566
3774
9234
3789
4076
807
2440
535
8518
9478
1686
131
8874
7666
3296
1918
7847
2885
1199
2227
1617
5335
6654
2356
7591
8963
6888
7109
5084
2835
3261
4994
3306
7234
8141
4750
6614
3902
5301
7203
3847
9083
7046
8130
8858
5744
6628
602
5765
1602
9009
6757
4612
8546
9017
981
1387
1001
5251
2541
1661
4022
2070
2283
5015
3592
6908
8725
6566
4835
7362
3803
405
8556
8148
1582
6196
3348
886
3796
8989
2600
452
6237
4424
3464
3958
9765
5338
474
2862
9458
7316
7340
8668
3711
322
5044
866
4696
351
7051
4983
8863
1268
2190
8734
3758
1004
1249
901
8640
6986
1043
4485
6795
4518
5579
302
6094
7140
2467
1806
7747
2637
771
7729
370
694
1957
2671
6151
6837
4261
1881
5752
4296
1755
3587
6283
255
2986
700
7166
3039
3818
7204
8122
5715
8231
9502
9224
2144
8366
6649
377
3596
9236
1088
5785
6419
6477
9692
7768
790
5406
2500
8032
3981
3610
7067
4286
5253
420
5481
8355
8272
5001
5843
840
7126
5633
8772
7417
6249
4012
6205
3359
7116
820
5361
4986
9460
9377
6590
8078
8626
6719
7429
1331
2074
4027
8647
286
7025
9708
7980
343
5219
2069
3454
9540
6599
1360
1180
3612
2150
2911
9
8974
2819
958
2130
1999
564
4395
1335
7756
6937
8900
7180
3379
7698
6817
2097
9378
5377
3936
127
7884
1193
7686
6643
8980
5071
4601
7160
1076
7515
51
5403
7032
4850
9053
4741
9476
9759
8778
1976
7985
7490
8807
8506
2346
1995
7716
8428
6948
7938
9437
7380
9554
5118
8914
9157
4245
1525
4073
5180
4404
9535
4241
1133
6078
8522
604
6853
9421
8220
1914
5156
1816
1627
5181
9423
9124
4221
5636
5295
8912
1334
8519
7253
8749
7353
1948
9340
1624
3998
7294
8069
4209
7098
8440
2418
896
3641
1123
4481
4152
2726
3226
2241
2971
8502
3887
6662
7631
3024
5235
2834
2680
5431
673
6034
6977
1592
5841
2775
3187
2587
285
2882
7391
5679
4843
2744
9357
814
9183
9512
2791
80
2634
1642
8446
6966
254
5906
5667
17
7422
5237
3437
9027
7854
8859
5005
5964
3347
9755
2477
4174
1096
3126
5854
2349
5512
1858
8453
8415
716
8467
8049
151
8013
839
5372
9434
1875
751
7363
937
6459
6655
596
3483
8054
7823
3320
5023
104
2264
1913
6591
8691
1355
9573
5830
7620
2399
9543
50
6450
2931
5708
6308
5299
37
2685
1541
6199
1069
3595
1010
4282
7702
1550
8547
4593
5741
4545
6974
1218
5072
5550
2781
9791
6854
8650
9697
4787
1416
7080
2149
9575
6056
3231
9513
9193
8045
6608
2325
1023
3099
3332
7354
4961
9450
6408
8867
3220
8779
1911
2783
2377
609
5685
4015
7797
5287
2868
1908
1665
5720
1702
1162
4266
4687
6255
7044
5027
3571
6328
8594
787
1645
7241
2085
210
5660
549
6975
2589
7841
6203
6338
3843
4305
3945
3846
9723
4065
3885
7879
7491
534
3267
1309
5995
9687
3230
2162
7069
5823
9180
3586
8421
262
3692
3213
367
4989
5351
5062
6806
6178
7671
8175
2281
4656
2788
2252
7865
3144
2631
7882
1389
9231
4587
13
3858
4598
3718
7420
7812
3003
9056
7725
49
7960
2867
8176
4007
3418
5882
5923
6114
6572
3007
6644
8581
5407
4940
9657
6298
9645
2908
6460
7392
5348
1221
234
5907
1212
7087
6243
1467
6165
6232
9763
1469
5333
8206
2213
4196
7792
6923
5201
9085
5445
3396
9514
6918
8614
5588
3689
8981
4090
7627
6928
4854
147
2778
5942
9470
2173
3377
6395
7296
1880
29
5283
8957
6170
6839
4407
6137
5400
7737
2329
8704
9678
1046
506
5446
8491
8087
217
3298
3422
3200
163
1552
9319
6534
2161
7274
7174
9247
3627
7557
6635
1351
3066
8592
414
9098
103
305
7662
2015
811
5542
6035
2319
2824
3482
9736
838
99
428
555
1025
8880
2547
8665
2474
6262
425
267
7406
6619
2651
3117
9214
1267
3468
9328
4701
5157
363
5164
545
1540
757
3524
1843
3409
397
3376
2630
4308
1765
9086
8766
1424
6720
7731
1906
970
5152
6945
9267
257
8221
6740
809
3302
8403
9610
1241
1415
3105
8818
789
90
3402
829
6632
193
8079
7389
4568
7309
657
8133
7904
525
5053
4087
2855
1247
3164
3645
4672
9366
3882
980
54
1012
5085
5011
4586
2061
5134
8875
2699
2184
6869
8473
741
9205
6498
2688
2290
5628
2464
1637
3788
1822
3655
870
3783
8123
5065
171
1591
9473
1555
2979
9071
2364
2520
8590
7154
1316
748
3510
648
8677
8831
3791
2460
1639
4517
2777
9626
6970
9218
6639
2668
6825
4652
2431
3240
6881
3163
3291
598
7827
7030
2852
2761
693
6954
7268
8023
4808
3123
6309
5786
7650
3925
4235
1936
5119
7529
5721
3386
2043
7769
7396
4898
9003
1781
9760
5388
1033
6862
505
7261
6063
8193
5814
6381
745
6755
2942
2234
5553
9108
524
7112
9658
8144
1854
7975
321
4552
9302
1607
1708
9306
7678
2041
5172
993
2089
4864
9148
6070
8930
8601
8266
7033
6921
7887
5566
1523
6617
7555
3721
1054
1862
4873
7875
6103
5090
699
1905
3967
9544
1272
5389
8478
955
7278
878
4030
8055
2663
1722
8773
5497
2250
2591
5589
782
5036
9653
7398
457
3787
6558
1020
4556
308
8994
3290
231
7034
915
5801
2439
4004
3896
1698
4132
8562
7707
3038
6722
7312
366
2396
9659
8279
8305
6789
5879
3913
5731
5231
6749
220
5592
2176
1338
7919
7431
6190
5682
1232
4689
6822
1105
1321
8108
2643
9051
7888
6485
1159
1776
8315
512
8287
9047
8142
4372
544
3849
9599
6431
2473
483
3288
2642
7900
4335
6657
7681
630
961
7377
5898
2926
9731
7993
9627
4526
8774
4024
4311
6930
5492
5702
7641
2353
82
635
9792
2300
5077
4426
9033
3286
8488
5047
3805
1953
941
5415
3826
1068
4537
3838
2231
9663
1452
6516
5129
1671
4144
6299
6003
2079
4452
7595
110
8387
7815
9431
6138
6659
729
7094
7329
4668
6575
8229
7092
3653
4142
8523
4962
4223
7573
1707
3865
6833
3604
5525
5296
502
8785
3940
184
2160
3522
2110
1132
8737
2263
6206
2303
1861
8735
2741
2340
614
7745
161
8672
5306
3691
3832
97
4754
2207
6993
4058
3210
1281
2593
1561
727
251
3336
6181
6982
3158
2801
5304
6200
7629
8330
141
1345
4514
7378
7225
8508
9602
1653
9198
3731
301
7750
3264
6320
195
2915
8342
7642
1325
802
8760
4667
9079
9503
3746
9638
7832
2719
9536
1942
9221
8139
1399
8757
8339
5717
8324
6382
4285
5160
1407
4905
8322
9121
936
9555
4461
1056
4184
2844
3139
8177
8822
6872
5614
3920
9560
177
2028
4888
1446
8000
1192
4432
3609
9796
145
9413
6829
1349
5393
7410
8227
3121
7095
1117
6731
8299
9271
7427
6409
5025
6456
5574
8744
884
1354
6723
1479
7842
4790
225
