8998
2
8997
6
8994
8
8991
9
8990
12
8988
14
8987
16
8985
17
8982
18
8979
20
8976
21
8973
23
8970
25
8966
27
8964
28
8960
31
8959
32
8957
34
8953
37
8949
38
8946
41
8942
43
8940
46
8938
49
8936
52
8935
54
8931
56
8929
59
8926
64
8923
65
8921
67
8918
69
8916
70
8915
72
8913
74
8912
75
8910
78
8907
80
8905
84
8903
86
8901
87
8897
89
8895
93
8893
95
8892
97
8890
102
8887
105
8885
106
8882
108
8880
110
8878
111
8875
113
8873
115
8868
116
8865
122
8861
125
8858
128
8856
133
8854
135
8851
136
8849
139
8847
141
8843
142
8842
145
8841
146
8840
149
8839
150
8836
151
8834
153
8831
156
8829
158
8826
161
8825
163
8822
166
8821
168
8819
170
8817
172
8815
173
8812
174
8811
175
8809
177
8804
178
8800
180
8799
182
8798
184
8797
190
8796
192
8794
196
8792
198
8790
200
8789
201
8786
204
8783
207
8781
210
8779
212
8778
215
8776
217
8775
219
8771
226
8769
230
8767
231
8765
232
8764
234
8761
238
8759
239
8757
243
8755
245
8752
248
8750
249
8745
251
8744
256
8742
264
8741
267
8739
271
8735
274
8734
276
8732
277
8730
280
8729
284
8728
286
8724
289
8719
292
8715
294
8711
298
8710
300
8709
302
8707
305
8705
309
8703
313
8701
314
8696
315
8694
317
8693
319
8690
321
8689
323
8687
326
8683
327
8681
330
8680
331
8678
335
8676
340
8672
344
8669
345
8666
347
8663
350
8660
356
8658
360
8657
364
8655
369
8654
371
8651
372
8650
374
8649
378
8647
380
8645
383
8642
385
8640
388
8638
390
8635
392
8632
396
8631
398
8628
399
8625
400
8624
403
8621
405
8620
407
8618
409
8616
412
8613
414
8611
415
8606
418
8605
420
8603
422
8599
425
8597
427
8595
429
8591
432
8586
435
8583
438
8581
441
8578
443
8576
446
8574
447
8572
452
8569
454
8567
456
8564
458
8561
461
8557
466
8555
467
8550
468
8547
470
8542
471
8541
477
8539
479
8537
484
8535
486
8534
488
8529
489
8528
490
8526
493
8524
495
8520
498
8518
500
8517
507
8515
512
8514
514
8512
516
8510
518
8508
520
8506
522
8504
527
8500
528
8498
530
8496
533
8492
536
8491
540
8488
543
8487
545
8486
547
8484
548
8483
551
8481
555
8476
557
8473
561
8472
563
8469
564
8467
565
8466
568
8463
569
8462
573
8460
574
8457
579
8452
583
8450
586
8447
589
8445
592
8442
593
8440
598
8439
600
8437
602
8436
606
8433
608
8431
610
8428
612
8427
615
8426
617
8424
619
8422
622
8421
625
8418
627
8414
635
8412
637
8411
639
8408
642
8403
645
8398
648
8397
651
8396
654
8392
655
8391
656
8388
657
8387
659
8384
662
8382
665
8378
667
8376
669
8373
670
8371
672
8369
673
8366
675
8365
678
8361
681
8359
684
8358
685
8357
689
8353
691
8348
692
8346
695
8342
697
8338
699
8335
700
8331
702
8328
704
8326
708
8324
709
8321
710
8320
713
8319
715
8315
718
8311
720
8306
721
8303
723
8300
724
8299
725
8296
727
8295
728
8292
730
8291
731
8288
734
8284
735
8281
737
8278
741
8276
744
8272
747
8270
748
8266
749
8265
751
8263
753
8262
754
8258
756
8257
758
8253
761
8252
762
8249
766
8245
769
8243
770
8240
771
8237
772
8234
773
8233
776
8229
779
8227
784
8225
787
8222
790
8217
792
8214
793
8212
795
8210
797
8208
800
8204
803
8202
805
8198
810
8197
811
8194
814
8191
817
8189
818
8187
820
8185
824
8182
828
8177
830
8173
833
8171
834
8170
837
8168
838
8166
841
8164
842
8161
845
8160
848
8159
849
8157
852
8155
853
8153
856
8151
858
8149
862
8148
869
8147
871
8145
874
8142
876
8140
878
8137
880
8136
881
8135
884
8133
887
8132
890
8130
891
8128
892
8126
894
8125
895
8123
898
8121
900
8119
903
8117
904
8116
906
8112
909
8109
910
8106
911
8103
913
8099
914
8096
916
8093
919
8090
920
8089
923
8087
926
8084
928
8083
932
8082
934
8080
936
8078
938
8076
940
8075
943
8074
944
8069
946
8067
951
8063
952
8061
955
8059
956
8056
959
8055
960
8052
963
8047
965
8045
968
8041
969
8039
970
8038
972
8033
974
8031
975
8028
978
8025
980
8024
982
8023
985
8021
987
8019
994
8016
999
8013
1001
8011
1002
8009
1003
8005
1006
8001
1011
8000
1012
7999
1015
7997
1016
7994
1018
7993
1022
7992
1024
7990
1027
7987
1029
7983
1030
7978
1032
7976
1034
7974
1038
7972
1040
7971
1043
7969
1046
7967
1050
7966
1051
7964
1056
7960
1057
7956
1060
7953
1061
7951
1064
7949
1065
7946
1067
7943
1068
7941
1069
7940
1071
7938
1072
7937
1074
7933
1076
7932
1078
7931
1081
7930
1082
7926
1084
7925
1086
7922
1087
7920
1090
7918
1093
7915
1098
7913
1101
7909
1105
7907
1109
7906
1112
7903
1115
7901
1116
7899
1120
7898
1122
7896
1124
7895
1126
7892
1127
7889
1129
7887
1131
7885
1133
7884
1134
7883
1137
7880
1139
7878
1142
7869
1146
7868
1148
7867
1151
7865
1152
7862
1154
7858
1156
7857
1158
7854
1161
7853
1163
7851
1165
7850
1166
7847
1168
7845
1171
7843
1173
7840
1176
7838
1177
7834
1182
7832
1186
7830
1187
7828
1189
7826
1191
7824
1193
7821
1195
7820
1196
7819
1198
7817
1200
7815
1203
7814
1205
7813
1207
7811
1210
7810
1213
7808
1216
7807
1218
7805
1220
7804
1224
7801
1225
7799
1226
7796
1227
7793
1229
7792
1231
7790
1233
7786
1235
7783
1238
7781
1241
7780
1243
7779
1244
7778
1245
7776
1246
7774
1249
7770
1251
7764
1252
7760
1255
7758
1257
7753
1262
7752
1263
7750
1265
7749
1266
7746
1268
7745
1271
7744
1272
7743
1273
7741
1275
7739
1277
7735
1278
7734
1281
7730
1282
7728
1284
7727
1286
7724
1289
7722
1292
7720
1293
7716
1294
7715
1295
7712
1296
7709
1300
7708
1302
7705
1303
7703
1305
7701
1308
7700
1311
7697
1314
7695
1319
7692
1320
7691
1322
7687
1324
7685
1326
7683
1329
7679
1331
7678
1333
7675
1336
7673
1337
7671
1338
7669
1340
7667
1342
7663
1343
7659
1346
7657
1347
7655
1348
7652
1349
7649
1353
7646
1357
7641
1358
7640
1359
7639
1360
7638
1363
7636
1365
7634
1367
7633
1369
7632
1373
7630
1374
7629
1375
7628
1377
7626
1378
7623
1380
7621
1381
7619
1383
7617
1384
7615
1385
7614
1387
7611
1389
7608
1393
7607
1396
7605
1397
7603
1399
7601
1401
7600
1403
7599
1405
7598
1406
7594
1408
7591
1411
7589
1413
7588
1415
7586
1417
7584
1418
7583
1419
7581
1421
7578
1423
7576
1424
7574
1426
7573
1428
7570
1430
7567
1431
7564
1433
7561
1436
7559
1441
7557
1443
7556
1446
7553
1447
7549
1449
7546
1451
7544
1452
7537
1454
7535
1456
7534
1458
7533
1461
7531
1463
7529
1466
7528
1468
7527
1469
7524
1472
7520
1474
7519
1476
7516
1477
7514
1479
7513
1481
7511
1483
7510
1487
7508
1490
7507
1493
7503
1494
7502
1499
7500
1501
7498
1502
7496
1507
7494
1509
7491
1511
7490
1512
7487
1515
7484
1517
7483
1519
7480
1521
7478
1522
7477
1524
7476
1525
7474
1526
7471
1528
7470
1530
7469
1531
7468
1532
7466
1533
7464
1538
7461
1541
7460
1543
7459
1546
7457
1548
7452
1549
7450
1552
7448
1553
7446
1555
7442
1560
7440
1562
7438
1563
7434
1565
7433
1568
7431
1569
7429
1572
7426
1575
7425
1576
7422
1580
7418
1582
7416
1584
7415
1586
7412
1588
7409
1589
7408
1592
7407
1595
7405
1597
7401
1601
7399
1603
7398
1606
7395
1610
7394
1612
7390
1615
7388
1617
7386
1618
7383
1619
7381
1621
7378
1624
7375
1628
7374
1630
7371
1632
7369
1635
7368
1637
7365
1639
7362
1640
7360
1643
7358
1645
7354
1647
7353
1648
7352
1650
7349
1652
7347
1656
7345
1659
7342
1663
7340
1665
7337
1666
7335
1668
7333
1671
7331
1672
7329
1673
7328
1679
7326
1680
7322
1681
7320
1682
7318
1683
7317
1684
7313
1688
7312
1690
7311
1691
7309
1694
7307
1696
7304
1698
7301
1700
7299
1702
7298
1705
7295
1706
7293
1708
7289
1710
7286
1712
7283
1714
7282
1719
7280
1724
7275
1727
7273
1729
7269
1731
7268
1733
7265
1735
7263
1738
7260
1739
7259
1741
7256
1743
7254
1745
7253
1747
7250
1749
7249
1750
7246
1751
7242
1752
7241
1755
7237
1758
7234
1759
7233
1760
7230
1761
7228
1763
7227
1765
7224
1767
7221
1770
7219
1771
7215
1772
7211
1774
7208
1777
7207
1779
7204
1780
7202
1783
7199
1787
7197
1788
7195
1789
7192
1792
7190
1794
7186
1796
7183
1800
7180
1802
7178
1803
7175
1805
7174
1808
7173
1812
7171
1814
7167
1816
7166
1819
7163
1820
7158
1823
7157
1826
7156
1829
7154
1833
7152
1836
7150
1838
7148
1840
7146
1843
7145
1845
7143
1847
7141
1850
7140
1851
7134
1853
7131
1855
7129
1857
7124
1859
7122
1862
7120
1865
7116
1868
7113
1869
7112
1871
7111
1872
7109
1875
7108
1877
7106
1879
7103
1881
7101
1883
7098
1885
7096
1887
7095
1890
7093
1895
7090
1898
7089
1904
7085
1906
7083
1907
7082
1908
7080
1911
7079
1912
7078
1914
7076
1916
7073
1920
7070
1922
7067
1924
7066
1927
7065
1930
7062
1932
7061
1934
7059
1935
7057
1937
7056
1939
7055
1940
7052
1942
7050
1945
7046
1948
7045
1954
7043
1957
7041
1959
7040
1960
7037
1964
7035
1966
7034
1967
7032
1969
7030
1974
7029
1977
7027
1979
7025
1980
7022
1984
7019
1987
7018
1988
7016
1991
7015
1994
7013
1997
7012
2000
7011
2001
7009
2002
7007
2003
7005
2005
7004
2007
7002
2008
6999
2009
6998
2011
6994
2013
6992
2014
6991
2017
6989
2020
6988
2024
6983
2027
6980
2029
6978
2031
6977
2033
6974
2035
6972
2038
6968
2040
6967
2044
6963
2046
6959
2048
6954
2049
6952
2053
6950
2055
6945
2057
6943
2058
6942
2061
6938
2064
6936
2065
6934
2067
6933
2071
6932
2072
6931
2073
6928
2075
6925
2076
6921
2077
6920
2078
6917
2081
6915
2084
6914
2086
6911
2089
6909
2090
6908
2091
6906
2093
6905
2095
6902
2099
6899
2102
6898
2106
6895
2109
6894
2113
6892
2114
6891
2117
6890
2118
6888
2120
6885
2122
6884
2123
6882
2125
6876
2126
6872
2127
6869
2128
6865
2129
6864
2133
6862
2134
6859
2135
6857
2137
6856
2138
6854
2139
6849
2141
6847
2145
6844
2146
6843
2148
6842
2150
6839
2152
6838
2153
6836
2155
6835
2158
6830
2159
6829
2161
6827
2162
6825
2163
6822
2167
6821
2168
6818
2170
6815
2172
6813
2173
6810
2177
6809
2179
6808
2181
6805
2184
6802
2185
6800
2186
6797
2189
6795
2190
6793
2191
6789
2193
6787
2194
6785
2198
6783
2199
6780
2200
6779
2202
6776
2203
6774
2204
6770
2207
6768
2209
6765
2211
6762
2214
6759
2216
6757
2218
6752
2219
6751
2222
6750
2225
6749
2226
6747
2230
6744
2234
6743
2236
6741
2238
6738
2242
6736
2247
6733
2248
6731
2249
6730
2251
6729
2252
6725
2253
6724
2256
6721
2261
6720
2263
6718
2266
6716
2267
6714
2271
6712
2274
6710
2276
6708
2281
6706
2285
6704
2286
6703
2288
6698
2290
6697
2292
6696
2293
6694
2296
6693
2297
6691
2298
6689
2300
6685
2304
6684
2309
6683
2311
6682
2312
6681
2313
6680
2314
6679
2315
6678
2317
6676
2318
6675
2321
6672
2324
6671
2327
6668
2329
6666
2331
6664
2335
6662
2338
6661
2340
6660
2343
6657
2346
6655
2347
6654
2348
6652
2350
6647
2353
6645
2355
6644
2358
6640
2360
6638
2362
6636
2363
6634
2365
6627
2367
6626
2368
6622
2369
6620
2373
6617
2376
6613
2377
6612
2379
6609
2382
6608
2383
6607
2385
6605
2386
6602
2388
6600
2390
6598
2393
6595
2394
6594
2395
6592
2397
6589
2398
6587
2400
6585
2401
6584
2403
6581
2406
6580
2407
6578
2408
6576
2410
6575
2413
6572
2416
6569
2419
6568
2421
6567
2422
6566
2425
6565
2426
6564
2429
6562
2430
6560
2433
6558
2436
6556
2438
6553
2443
6552
2445
6551
2447
6550
2448
6548
2449
6546
2451
6545
2453
6544
2455
6543
2456
6541
2457
6539
2460
6537
2462
6536
2463
6533
2466
6531
2469
6529
2470
6527
2473
6525
2474
6522
2477
6520
2479
6519
2482
6517
2483
6512
2485
6509
2487
6508
2488
6506
2490
6503
2492
6502
2495
6499
2499
6498
2502
6497
2505
6495
2508
6492
2510
6490
2512
6488
2513
6485
2515
6483
2517
6481
2519
6479
2521
6476
2523
6473
2524
6469
2525
6467
2529
6465
2531
6463
2533
6460
2534
6458
2535
6456
2537
6453
2543
6449
2545
6448
2546
6447
2548
6443
2552
6441
2554
6439
2559
6436
2560
6434
2562
6431
2565
6429
2567
6428
2568
6427
2569
6425
2572
6423
2575
6420
2576
6417
2578
6415
2582
6413
2585
6411
2590
6409
2591
6407
2595
6403
2597
6402
2599
6401
2600
6399
2602
6396
2603
6394
2609
6391
2613
6389
2615
6387
2619
6386
2620
6384
2623
6383
2624
6381
2628
6377
2631
6374
2632
6372
2633
6371
2634
6370
2639
6367
2642
6365
2644
6363
2645
6360
2646
6357
2648
6355
2650
6353
2654
6351
2657
6349
2658
6347
2661
6345
2665
6343
2666
6339
2667
6338
2669
6337
2671
6335
2673
6333
2674
6331
2676
6327
2678
6326
2679
6324
2680
6322
2681
6321
2684
6318
2685
6315
2686
6313
2687
6311
2688
6310
2690
6307
2691
6306
2693
6303
2698
6301
2700
6300
2701
6297
2702
6295
2703
6292
2707
6289
2713
6287
2717
6285
2718
6283
2721
6280
2724
6278
2725
6277
2726
6273
2727
6271
2729
6267
2732
6266
2734
6264
2737
6263
2739
6258
2742
6257
2743
6255
2745
6252
2747
6248
2749
6247
2750
6246
2752
6245
2755
6240
2759
6237
2760
6234
2761
6232
2763
6230
2768
6229
2769
6227
2770
6225
2771
6224
2773
6222
2777
6221
2779
6217
2782
6215
2783
6210
2784
6207
2786
6203
2788
6202
2792
6200
2796
6199
2798
6194
2799
6193
2802
6190
2805
6187
2807
6184
2809
6182
2812
6180
2818
6177
2820
6175
2823
6174
2826
6172
2827
6170
2828
6169
2831
6166
2835
6165
2836
6162
2837
6161
2839
6158
2840
6155
2841
6154
2845
6151
2846
6147
2848
6146
2850
6142
2851
6140
2852
6138
2854
6134
2855
6131
2856
6128
2859
6125
2860
6122
2862
6119
2866
6116
2868
6115
2871
6113
2873
6109
2875
6108
2877
6104
2880
6103
2882
6099
2884
6098
2885
6095
2888
6093
2890
6092
2895
6089
2898
6086
2901
6085
2904
6083
2905
6081
2907
6080
2909
6077
2914
6074
2915
6070
2916
6067
2918
6063
2920
6058
2921
6056
2926
6055
2928
6053
2931
6052
2933
6051
2934
6050
2935
6049
2937
6045
2940
6040
2944
6038
2946
6035
2948
6034
2950
6031
2954
6028
2958
6025
2959
6024
2962
6021
2964
6018
2967
6014
2969
6012
2972
6010
2975
6006
2979
6004
2980
6002
2983
6000
2984
5998
2986
5997
2989
5995
2990
5994
2991
5990
2994
5987
2996
5985
2998
5980
3001
5979
3004
5975
3006
5972
3008
5970
3010
5968
3012
5967
3013
5963
3016
5960
3017
5959
3018
5957
3020
5953
3022
5952
3024
5951
3025
5949
3028
5946
3031
5942
3034
5939
3036
5937
3038
5936
3041
5934
3042
5933
3043
5931
3044
5929
3046
5927
3049
5922
3050
5920
3051
5919
3052
5916
3053
5912
3057
5909
3058
5907
3060
5906
3061
5901
3063
5899
3064
5898
3065
5896
3067
5895
3069
5891
3073
5890
3075
5888
3077
5885
3078
5883
3080
5881
3081
5878
3084
5876
3085
5873
3086
5871
3087
5869
3090
5867
3092
5865
3094
5861
3096
5859
3097
5857
3099
5854
3100
5853
3105
5849
3107
5846
3112
5845
3114
5844
3117
5841
3118
5838
3122
5835
3124
5834
3125
5833
3127
5831
3130
5828
3131
5827
3133
5825
3134
5823
3139
5822
3140
5821
3143
5819
3144
5816
3145
5813
3147
5810
3149
5808
3153
5806
3155
5805
3156
5803
3158
5801
3161
5798
3162
5797
3164
5796
3166
5793
3167
5790
3169
5789
3172
5785
3177
5782
3179
5780
3183
5777
3187
5775
3189
5772
3193
5769
3194
5766
3196
5763
3199
5762
3200
5760
3202
5758
3203
5754
3205
5751
3208
5750
3213
5747
3216
5744
3218
5740
3220
5738
3225
5735
3229
5733
3232
5731
3233
5729
3236
5726
3237
5724
3240
5722
3242
5721
3245
5718
3246
5715
3248
5713
3250
5711
3251
5710
3252
5709
3255
5708
3257
5703
3259
5701
3261
5699
3262
5696
3265
5695
3267
5693
3268
5691
3270
5687
3275
5686
3277
5683
3278
5681
3281
5679
3283
5675
3287
5673
3290
5672
3293
5671
3295
5669
3297
5668
3298
5667
3300
5665
3301
5662
3304
5660
3306
5656
3307
5653
3311
5652
3312
5651
3315
5650
3320
5646
3321
5644
3324
5642
3325
5641
3326
5640
3328
5635
3330
5632
3331
5631
3334
5628
3336
5626
3337
5623
3340
5618
3341
5615
3343
5613
3347
5612
3350
5610
3351
5605
3354
5603
3356
5600
3357
5597
3358
5595
3359
5591
3361
5589
3363
5586
3365
5584
3368
5582
3370
5581
3372
5580
3373
5577
3375
5574
3378
5571
3380
5568
3383
5566
3385
5563
3387
5561
3389
5557
3390
5554
3392
5551
3393
5549
3394
5547
3397
5545
3400
5544
3402
5542
3405
5539
3407
5535
3408
5529
3411
5525
3412
5523
3414
5521
3418
5517
3419
5514
3422
5511
3425
5508
3429
5506
3432
5504
3434
5503
3436
5502
3439
5501
3441
5499
3442
5494
3443
5492
3448
5489
3450
5488
3452
5487
3454
5484
3459
5481
3460
5478
3463
5476
3467
5475
3470
5474
3473
5470
3474
5468
3477
5466
3479
5464
3482
5462
3483
5460
3485
5456
3488
5451
3489
5450
3490
5446
3492
5445
3495
5443
3498
5441
3502
5439
3506
5437
3507
5436
3514
5433
3516
5431
3517
5430
3521
5428
3523
5426
3524
5423
3525
5420
3529
5418
3532
5417
3534
5412
3537
5409
3540
5405
3541
5402
3543
5398
3545
5396
3546
5394
3548
5391
3551
5390
3554
5387
3555
5384
3559
5382
3561
5381
3563
5380
3566
5378
3567
5375
3569
5373
3571
5370
3573
5365
3574
5361
3576
5359
3579
5356
3580
5353
3583
5350
3586
5348
3589
5347
3590
5345
3591
5343
3593
5342
3596
5339
3598
5338
3600
5336
3602
5332
3605
5329
3606
5326
3607
5322
3611
5319
3613
5314
3615
5311
3616
5310
3617
5306
3620
5304
3623
5303
3624
5302
3626
5300
3628
5298
3630
5294
3634
5291
3637
5289
3639
5288
3642
5286
3644
5285
3645
5284
3647
5280
3651
5277
3652
5275
3654
5272
3657
5270
3659
5268
3661
5266
3664
5262
3665
5261
3672
5258
3677
5256
3680
5251
3682
5250
3684
5246
3686
5245
3688
5243
3690
5239
3692
5237
3694
5233
3695
5227
3696
5225
3699
5223
3705
5220
3706
5216
3711
5214
3712
5212
3714
5209
3718
5208
3719
5207
3722
5205
3724
5202
3728
5201
3731
5199
3734
5196
3738
5192
3741
5191
3747
5190
3749
5189
3753
5188
3756
5186
3758
5183
3760
5179
3762
5177
3765
5176
3767
5172
3770
5171
3773
5168
3774
5167
3775
5166
3777
5164
3780
5162
3782
5160
3784
5159
3786
5158
3789
5157
3792
5155
3795
5153
3797
5150
3798
5148
3799
5146
3801
5145
3803
5143
3808
5140
3809
5137
3810
5135
3813
5132
3815
5130
3818
5128
3819
5126
3823
5122
3825
5121
3826
5118
3830
5116
3831
5114
3833
5111
3835
5109
3837
5105
3838
5103
3840
5100
3841
5098
3842
5097
3844
5095
3845
5094
3846
5093
3847
5091
3849
5088
3851
5086
3852
5084
3853
5082
3856
5076
3857
5074
3858
5072
3860
5070
3863
5067
3866
5065
3868
5063
3871
5062
3875
5059
3876
5056
3879
5053
3882
5050
3888
5048
3890
5045
3892
5043
3893
5038
3894
5035
3895
5033
3896
5031
3898
5030
3900
5029
3903
5027
3904
5024
3906
5023
3909
5022
3911
5021
3912
5020
3915
5018
3917
5016
3918
5012
3921
5010
3923
5007
3925
5005
3927
5002
3930
5001
3931
4998
3933
4995
3935
4990
3936
4988
3937
4987
3938
4983
3939
4980
3940
4978
3941
4976
3943
4975
3945
4974
3949
4972
3950
4968
3952
4964
3953
4962
3955
4959
3957
4957
3958
4952
3959
4949
3962
4948
3964
4946
3965
4944
3966
4941
3967
4939
3971
4937
3973
4935
3974
4931
3975
4929
3978
4924
3980
4923
3981
4921
3983
4920
3985
4919
3988
4917
3990
4913
3994
4912
3996
4910
4000
4909
4003
4908
4007
4907
4008
4906
4012
4904
4014
4902
4017
4901
4020
4900
4021
4896
4022
4894
4025
4891
4028
4887
4029
4885
4030
4884
4034
4882
4037
4881
4040
4878
4043
4877
4044
4876
4047
4873
4050
4870
4051
4868
4052
4866
4056
4864
4061
4863
4063
4861
4064
4859
4068
4857
4069
4853
4070
4852
4072
4851
4074
4848
4077
4846
4080
4843
4084
4839
4085
4838
4088
4836
4092
4835
4095
4833
4097
4832
4100
4830
4102
4828
4103
4826
4104
4824
4105
4821
4108
4820
4109
4818
4111
4816
4114
4815
4116
4812
4119
4810
4123
4807
4124
4805
4126
4804
4128
4803
4129
4801
4133
4800
4135
4799
4139
4796
4142
4794
4146
4793
4148
4792
4151
4789
4153
4787
4155
4783
4157
4780
4158
4777
4160
4774
4163
4773
4164
4771
4165
4769
4166
4768
4170
4767
4172
4764
4176
4763
4179
4756
4182
4754
4185
4753
4189
4751
4192
4749
4194
4748
4198
4745
4199
4743
4202
4741
4205
4739
4207
4738
4208
4735
4210
4734
4212
4733
4216
4730
4220
4728
4221
4726
4223
4724
4225
4722
4227
4720
4230
4717
4233
4716
4234
4715
4236
4712
4240
4711
4242
4710
4244
4708
4248
4706
4250
4702
4252
4700
4256
4698
4260
4697
4262
4693
4264
4691
4267
4690
4270
4689
4272
4688
4274
4687
4275
4683
4277
4680
4279
4676
4281
4675
4283
4671
4285
4670
4286
4669
4289
4666
4291
4665
4293
4664
4297
4663
4298
4662
4302
4661
4304
4658
4309
4656
4310
4655
4312
4652
4315
4647
4316
4645
4318
4644
4321
4641
4323
4640
4325
4637
4329
4636
4330
4634
4331
4632
4334
4629
4336
4626
4337
4625
4339
4623
4341
4622
4343
4621
4345
4618
4346
4616
4349
4614
4351
4612
4353
4610
4358
4608
4360
4606
4361
4601
4363
4599
4365
4596
4369
4595
4371
4593
4372
4589
4374
4588
4375
4587
4376
4583
4377
4582
4380
4579
4382
4577
4385
4575
4387
4573
4390
4571
4391
4570
4393
4569
4394
4567
4395
4564
4397
4562
4399
4560
4400
4559
4401
4557
4403
4556
4404
4553
4405
4552
4406
4549
4409
4548
4415
4546
4417
4542
4418
4540
4420
4538
4421
4534
4422
4532
4423
4531
4427
4527
4429
4525
4431
4522
4433
4520
4435
4518
4436
4516
4438
4514
4439
4510
4441
4508
4446
4506
4447
4504
4449
4503
4451
4500
4452
4499
4454
4497
4456
4495
4457
4492
4458
4489
4461
4487
4462
4485
4465
4483
4468
4481
4469
4479
4471
4478
4472
4477
4474
4476
1687
2032
8110
6686
4699
683
6673
7995
5240
8172
8372
7650
5452
8562
8199
5106
1132
7968
2132
2303
3595
7284
1192
2229
5697
2594
395
6211
8629
5614
7074
1609
4862
4627
3447
2176
1321
8743
2776
1362
3658
3671
694
6001
4308
3612
5624
5066
2246
2668
6256
937
5688
4925
3748
6510
912
8932
1728
2418
8339
2925
5694
339
6635
3676
2131
7391
7389
2817
4597
6117
3451
1240
2392
2459
1033
8673
5770
8389
4055
2280
4543
6794
121
1723
7965
2816
4076
3428
1125
408
8720
8965
2953
836
6984
4348
2016
2208
668
4314
5073
8859
8911
5616
6981
5440
6903
8886
6504
6068
2528
4813
2446
752
922
2746
4703
4307
6319
1734
7754
7026
4694
3079
3779
1965
7051
2627
3796
8543
6075
4013
7765
6328
2865
1440
4414
3970
3710
349
5173
6486
6745
1867
7110
7806
8316
1261
8881
5558
7698
3558
6790
1903
4590
8614
5461
7376
8205
1100
7172
2039
3231
7363
3769
5287
3636
8974
5991
2736
5882
3427
1049
2481
6094
7387
5778
7713
8805
4784
7343
2647
7504
8200
2157
5767
1467
3914
5039
5273
5862
2265
5276
5981
5200
4572
7538
2372
3969
8587
8312
794
6929
3289
104
7676
7539
2415
5598
6404
346
1356
6623
796
7927
5973
24
6791
8057
2026
5457
1242
7366
1722
7243
2442
379
2328
3207
3228
6665
109
1414
1953
4667
7495
2144
3433
2378
7435
7151
5490
3850
3327
8183
5536
5274
1199
7910
8493
8684
515
6860
1254
8837
229
2542
499
3557
6296
7436
7344
5842
6766
8184
634
7784
7176
1185
827
3656
4619
5716
1460
6152
1815
211
6249
5089
5843
7693
308
1894
270
816
3515
7382
8434
6185
1223
6559
7117
5518
4672
1616
2484
5530
3788
5068
8558
4222
8002
8600
73
4648
8307
8577
8736
7276
8521
120
868
3878
1181
1571
6265
8042
4874
2080
8064
6344
5636
3239
3553
5123
789
1542
5866
4002
6195
7664
5863
5349
7294
3286
539
1564
5161
4204
2870
6059
7302
2527
8607
5930
1077
4482
3520
1670
469
2808
1352
3891
3513
5567
3247
8293
8034
2883
8035
722
2507
511
2526
791
8639
8464
2903
5060
7053
6648
4362
7771
7521
7142
8947
5366
7000
5540
3129
3254
5512
6845
2758
7766
3704
5804
3021
2160
8740
4565
4568
7680
6316
5847
3458
2930
680
4019
3834
2323
5371
5
2608
2143
1832
6975
5575
3023
7372
1993
8131
6926
7688
4181
2683
3360
2706
5040
5213
4718
8716
5327
8453
237
5552
437
7562
4342
7665
7624
7373
2098
7595
1807
8565
8862
132
7660
4067
2486
578
8770
883
3552
8174
3977
8708
7686
4979
1600
8670
2405
7625
4883
3274
3505
5814
4723
6873
460
1947
203
5385
247
7379
4224
6907
2514
8175
8582
1386
6955
2342
6753
8362
5101
1473
4219
2993
6274
476
510
993
1439
1048
3457
7472
4384
4303
8393
3737
5874
1075
1884
7144
7939
5330
2255
5741
5513
6477
3273
624
1649
1828
2043
882
263
4313
2781
3761
7870
8313
621
4811
7881
7063
6846
3772
661
3104
3456
556
494
475
984
2830
355
3453
3446
1097
6973
269
1037
3717
5976
3056
2074
5413
8659
1364
3556
1045
363
823
101
1096
666
8679
4324
847
616
8308
77
7517
8250
6238
743
4150
2299
1990
4936
2924
6837
3224
8633
3698
3314
4829
5969
1427
387
7797
2124
402
2731
5509
3766
199
3188
362
4657
6792
967
3610
2060
4320
8246
3113
5717
8279
4490
1902
1870
4235
5410
5714
2712
7361
2339
6603
451
8914
4822
7277
4638
3934
8559
2672
8753
2618
4340
1422
3106
5886
4505
119
8695
6896
8525
3807
1400
1718
2660
2697
5689
4528
2853
8874
2641
1237
582
1786
8285
4977
2341
474
4247
2175
5414
6468
1717
3424
822
4501
2437
8325
3264
7155
3219
6534
3822
3963
6176
5046
614
5654
5019
786
4778
4180
760
8097
6019
3733
2275
3481
3987
6060
992
7334
1438
6057
8349
7902
3072
2364
8085
8079
5399
6314
5017
2056
4306
5193
6542
7606
8937
1080
3986
7419
8746
4865
3497
2675
6173
3802
7928
5826
4149
2738
3905
1849
3877
7670
597
4844
2435
2822
5910
8995
775
2361
8835
6699
3836
3691
6064
5572
7740
4854
389
1498
513
4649
6858
5682
8617
6886
6939
8343
3599
478
7231
6748
214
1570
618
2088
2939
8017
3487
633
8029
5606
674
774
6912
5482
8747
4757
8725
546
7423
8961
3730
7767
6590
384
4947
8070
5755
5829
4333
8927
707
4819
2815
6450
3469
7979
8830
6663
7330
8317
2961
550
4681
844
5583
3374
6178
1492
1599
8104
7863
4445
7747
3404
6123
4011
2105
962
2748
5961
1620
5344
7809
4544
8309
7427
8301
2900
5601
4305
5943
1092
2034
3999
329
6290
7923
6385
660
1989
8630
7300
8310
5403
1587
7481
851
4989
7947
4953
4684
5003
1762
273
2589
1835
8264
4169
1518
5820
4373
1395
8760
5559
5977
6141
4138
5315
1104
6105
8544
8190
4392
671
6850
7975
2966
2767
5054
3993
8235
8489
840
3727
4668
4197
2180
7731
8273
3794
7831
7787
690
1267
8048
609
5295
626
855
6922
7
1239
3377
5165
5629
1901
6877
2664
3121
3650
1638
7841
8733
1036
6482
8247
3806
759
3920
3223
1164
1119
8697
2241
7278
6610
3272
591
2441
7064
7571
8404
301
3276
8584
7270
2116
30
7187
698
1933
424
2037
8869
7732
6397
3638
4419
7540
7225
8930
6900
8522
644
7305
401
434
8454
1773
3353
4024
2006
1206
526
7104
7582
6259
5832
8954
1662
809
6286
377
7453
3740
1579
3249
6171
8698
2465
4039
1180
6032
5180
6361
11
5432
7058
1658
6120
255
7957
4808
4758
4278
6378
4759
5397
719
1608
7068
4576
1471
2801
3578
171
5485
3138
5592
8737
497
5360
8816
2381
6628
5434
4770
2653
6507
5351
3438
1923
5593
1559
48
7454
5340
225
4523
7451
6811
2978
4742
2778
1910
1591
7212
7086
7879
1956
2887
1121
3178
4602
79
7350
2849
140
6505
5032
6426
1897
4677
2564
40
2414
4630
560
8922
2310
7934
320
8538
3522
3413
2250
7777
1919
3303
5151
4269
6129
6763
5619
2375
2844
8863
7871
3401
7384
5964
3128
5647
5477
7835
7396
2320
124
6513
8943
8827
3902
1693
2923
1172
2988
8551
3095
8622
991
8924
5982
2412
2943
8336
5992
7114
7897
8322
2795
8996
8641
6930
2622
1918
2240
6883
2574
8721
1184
601
6218
7413
1605
6191
5748
5902
5965
7568
4775
8327
5486
6806
4357
7306
1973
8748
4888
2938
4280
2273
5811
2663
3536
304
2108
4370
3961
3103
983
4440
6995
5263
4603
2942
5085
1307
1209
2270
8238
1623
5362
8379
8588
3867
5337
7370
8585
6087
8832
1811
6036
4175
7785
411
3793
2957
4328
1909
3519
559
7238
7244
2042
5637
6358
506
5187
4046
2696
5684
1437
788
6570
4386
2019
8178
1726
7482
925
4797
8516
3484
8415
2476
5320
2581
6219
4673
1627
7220
5723
873
2638
7952
1462
7125
8933
1222
7118
8259
6964
613
4001
5064
7842
5210
6275
7554
8754
2949
419
5947
3504
7168
6061
3349
63
4954
431
2997
8260
2509
3260
5221
2897
1170
7558
7706
5954
7485
58
2491
8722
839
3120
8347
3045
4996
6831
5087
706
3752
664
6851
1085
6840
6220
7184
3238
6432
5099
1285
4296
100
5620
3919
826
5764
3998
1952
1114
8277
8971
588
5141
4027
3176
2201
6953
5633
8784
1274
7488
3942
465
6901
3703
2913
5690
2025
8477
8474
1388
3839
1831
4788
3751
5269
3154
3709
632
8652
5252
4434
7033
1607
8241
2083
6624
8280
6208
5993
6163
5903
1089
7296
2506
4368
1160
7107
4428
4760
5704
6591
5215
3874
813
6153
2454
8813
6480
2262
3111
2992
7047
4239
7859
1035
688
6658
1604
4444
5773
1537
7958
596
7872
867
5855
1514
886
5025
6690
2588
5006
2612
7873
2371
7935
1497
5657
998
979
6340
368
1801
3066
4761
5783
4367
2960
2295
924
5247
4831
6923
8289
8626
505
1554
7689
5316
8904
819
2308
5479
6260
4785
1626
5104
6433
6956
8100
6046
224
445
3386
167
8527
7486
1854
2547
3362
3384
7755
6996
8717
6437
118
4653
4122
5354
3222
450
6375
6737
504
6276
8354
4511
6379
228
5026
5163
1695
7980
3954
2354
7852
4364
8917
6669
964
5296
5312
755
5388
6960
6148
6924
4430
5290
693
6100
5307
6965
703
8833
4765
1958
6101
2352
7397
4932
6969
2720
6007
5424
1972
6629
88
1536
6946
6649
406
7105
1697
1425
7159
7160
1785
7545
3000
5427
1721
8615
4238
6719
3814
1167
650
5923
3783
4347
1355
8399
2166
6889
4255
740
897
8643
8036
8718
8756
8113
7428
3319
4678
4273
4115
2919
8380
7205
3609
554
7188
5940
1581
1260
2188
2637
7462
3110
3625
7367
1159
4858
4535
5564
8864
4507
7216
7596
538
6003
8192
7998
6424
3901
6241
729
961
8432
6611
2444
5147
3102
611
7668
5257
2489
5809
1644
483
5036
7169
2728
6084
6526
5955
2169
8955
6041
3829
6121
6042
5228
765
3146
5966
1578
5531
4096
367
2424
5913
2149
3342
7509
8810
4779
935
6538
8967
7627
2154
1328
918
954
4695
5602
3910
8801
4969
4659
636
6870
4642
2766
8712
8956
6078
889
5453
3466
5323
888
4604
7555
6470
8674
2652
3339
6700
931
832
1655
6204
7560
6514
7489
5308
7193
6308
2206
4600
1088
8405
394
804
4897
6444
2337
2804
8501
7200
2659
244
3269
3721
6212
5069
1376
2504
7126
875
8777
1818
4218
2775
2711
5491
6656
8592
6547
8568
5850
6760
3824
3256
6614
8989
7597
112
7944
7102
404
5004
7377
1301
3755
677
3547
5730
3681
7661
5774
283
8814
8179
8671
6186
1318
5727
1103
275
6937
5877
4611
2541
8573
4674
8211
3723
6114
6106
8162
6535
8992
7694
4
5621
1535
3785
3817
4060
6466
8608
1858
3585
3003
6196
2741
1513
1654
3687
7775
8094
4750
4229
6029
3702
8419
1776
2307
8150
2330
3862
6935
1221
8053
8977
8120
4719
2899
1540
5136
6646
1506
138
8329
5152
7071
8360
6143
8494
2384
5154
5666
7338
6250
1313
6606
3649
4389
2601
3465
5229
1392
3641
4713
348
2345
1
5851
5604
8206
373
370
3310
3501
2366
7512
1236
8223
7348
7748
325
783
7492
492
1259
5071
8107
5471
2596
5532
5333
4174
3206
1642
1264
950
268
7768
866
1202
285
3040
5447
2045
5996
6754
1567
5037
4091
3376
899
3881
949
5799
5587
4237
7213
5077
1905
2028
2079
6764
4171
7707
7020
7048
7822
7279
7385
165
4467
7587
6451
4232
6268
2334
5839
6771
8939
6947
5944
6197
2614
8968
990
4855
6474
4416
3778
8239
2440
4448
4075
5197
6459
6159
4263
1951
1145
8704
47
4867
5864
7023
5515
3098
4574
2941
1614
3132
3746
6079
6181
1725
4259
8545
2279
1744
4624
1291
5771
3972
5248
2333
3152
6515
1270
4704
6090
6878
7232
1442
8003
6135
1099
4660
8138
5034
4413
7710
6982
2399
5178
5392
1188
3622
4311
5383
997
45
577
7239
5698
4631
4327
3318
3171
6722
782
7547
521
3729
6803
7336
6253
6008
1646
7541
7542
6478
4696
6144
7653
3848
99
4790
7890
3151
2420
5522
7441
1810
1486
5217
8049
4984
3294
5194
7618
908
6639
733
4193
2598
2611
553
5363
2289
3367
1361
7631
6020
3007
4526
599
1197
6487
3791
1354
5317
2985
5752
6156
4408
2971
6976
2101
4113
1634
6430
4692
8852
7217
36
7499
8218
4412
4958
8785
8236
6826
6348
2912
1978
1793
7812
6816
739
7443
206
5786
7772
2626
2651
7522
1453
5569
1026
1963
1520
7612
6390
7800
5765
3338
781
1368
989
3922
164
3346
3192
2374
8806
7579
1505
2834
4650
1799
3109
3805
3577
5301
4512
4558
2468
3348
5253
3512
6132
3828
8274
8523
4073
2302
7149
3292
7893
5169
4137
1234
3345
958
1516
8762
1111
1880
4383
7473
5935
3689
4991
6755
8702
7590
1332
3633
4486
3399
2689
3071
8294
307
6235
4251
2929
5800
1583
328
4639
933
4871
1039
8860
7147
2922
4529
3812
549
6354
1500
8030
7121
8054
7761
4301
567
8844
1283
5510
8451
3764
3398
5739
6209
1448
3074
1465
6496
4992
2695
71
6368
605
5879
4731
6897
1866
4466
620
1613
8254
1276
2607
6659
127
8563
6641
7290
440
2004
5745
7725
8088
5107
2023
361
1108
5254
8807
2165
8980
5622
8919
1996
4802
316
1594
1813
4464
4849
2858
2269
2070
7565
6944
8006
2787
2187
2349
1893
532
8908
5573
1834
8870
5495
5630
7194
1545
1382
7961
5454
6179
5950
6784
8122
6940
6369
3449
4159
1485
2336
5988
552
5174
7054
1450
7742
3150
5958
6026
8176
1412
3575
5400
846
7314
3037
4453
4746
808
3317
2889
6739
4099
6677
5852
3059
2751
3388
7392
354
7444
7410
218
815
6124
6043
8552
2520
8536
8706
5463
8950
3101
921
8114
2593
6650
3979
8619
4942
1212
1066
6475
742
6618
6530
7836
5458
7580
4721
6065
1754
5815
4889
3285
2022
4584
7613
4266
1299
464
3768
1999
2151
266
517
8394
4965
322
4006
7911
1900
7569
6893
3771
6341
915
3640
8661
5676
6226
2498
4970
5924
1622
2881
66
3204
7402
4845
312
6695
8677
7642
8409
4814
8213
2140
6102
2228
6726
4840
5406
4132
3632
176
893
4246
8410
4841
1986
977
3601
6887
7733
7550
8609
3462
8478
4545
7855
531
8713
1175
2221
1410
2213
4121
4615
421
829
4066
5553
4178
6985
8124
5170
3604
643
393
1169
927
2370
291
4898
3550
6734
4231
5264
6015
7310
2894
525
8290
865
4480
6772
8479
6812
2041
3582
3685
1837
1508
1323
8499
6216
7970
5142
5133
1107
5627
604
8219
1248
4432
5705
7455
3832
4825
4065
2825
4981
6767
4530
799
8502
872
4926
1402
5469
5948
821
1709
7844
3865
917
2380
3843
5244
254
3212
8570
2710
3627
2210
1457
2963
1379
4162
7802
1416
7091
7355
6918
8381
585
3282
2475
4010
7185
5297
6251
5367
8201
8448
189
4772
6814
6037
7886
8043
6769
98
3316
6188
288
4443
8726
1678
896
334
1312
5917
7662
1290
7894
3549
2235
5892
5092
8163
7209
5658
5661
3570
1325
8648
8169
279
8894
4033
2563
7240
6577
3713
7888
8623
491
8782
2819
4463
4338
4847
524
542
1551
8141
2245
6746
8530
8468
8086
7424
8400
717
1136
1306
1629
682
7856
1317
4539
2015
1842
3544
2606
242
2100
2518
5230
4519
213
7736
5472
2965
4633
7229
6874
3670
6941
7818
8503
835
1716
8828
7291
148
6615
2047
5226
3736
7656
5706
3631
8111
8060
1194
6405
8627
4736
3323
7017
2316
4120
4999
7364
5444
6711
5374
2947
8604
8850
5794
287
2956
123
930
2461
3511
8332
5784
8429
5590
7251
157
1055
5184
4591
6279
5083
4188
3669
2803
6395
2094
6532
8374
6284
5331
1025
8395
7315
2952
4112
4045
2260
162
3693
5055
2478
5787
2610
3948
3757
6500
83
5541
1023
7077
2087
7647
7346
7592
449
1432
92
1936
864
4322
3679
463
6281
4890
4679
4211
3142
7684
5732
2800
2112
8022
8154
8556
1106
5425
3371
6554
4206
3396
4971
6596
3168
2522
8195
8323
6445
2694
7181
1732
5448
444
1256
6715
3697
7575
1976
6701
5746
1391
5238
1809
8667
1269
6713
7247
8768
6916
3745
338
453
1769
5407
3221
7420
359
4359
2012
5856
33
5379
1938
3899
8772
5334
5817
6927
5061
3198
4940
6157
8969
8610
863
8906
3668
324
3355
4895
1496
6201
3421
6761
4098
5467
3137
382
413
2864
7762
5638
7319
3726
7864
5013
1715
299
1217
8509
3565
1757
1686
7006
1310
2503
6016
439
3299
631
3410
8105
7916
1162
535
3333
4809
1768
4776
6421
2147
5305
4131
3716
7257
5483
253
8215
3629
2977
6528
1017
8876
3217
8127
1247
7226
337
4578
544
1825
4388
1435
7833
3708
8986
5281
3175
3027
1047
2811
1091
4886
4094
7210
7637
8566
6440
1215
6997
8455
6336
7798
5108
5419
3855
5648
3409
953
8791
8363
8367
5893
2791
6848
1558
1677
7179
5894
4938
802
2558
6461
3379
8751
732
8593
1372
6126
6879
4326
7449
8820
3781
7666
6586
107
6088
3535
6599
7132
3068
879
6910
7222
2402
1201
5051
541
1316
3369
5411
3108
35
7677
5222
5231
8423
5802
6107
2982
3472
6735
1874
2494
4651
1005
8143
2617
1782
1998
3033
1351
3437
1144
5415
1864
7729
3720
3344
572
4049
2387
5526
246
5389
7756
6272
6727
6325
861
7285
5781
4914
2224
3391
62
6728
8749
3435
8044
4960
4258
1228
3395
2069
5057
366
2428
5904
1539
5112
5028
562
7359
1817
7411
223
5562
2814
2587
8482
3992
8282
8787
4837
1661
971
44
2557
4083
3956
4276
5324
6493
5078
3186
4985
1304
2259
4042
4950
6919
2540
2896
4059
2097
4903
2636
8962
1653
8416
5546
1899
3230
5041
7024
4550
2171
3126
4795
1298
7532
3426
4493
1429
1962
4496
8773
2584
3445
7726
5795
6823
131
7115
4145
3083
2264
566
7674
2516
117
1371
3471
2772
4701
6957
8413
4288
738
8350
1550
8507
311
7721
948
2861
8485
4054
2278
202
2130
8808
3947
5599
1219
7900
1827
5224
8020
3235
343
2197
3932
8871
638
8925
4284
241
8465
8302
6875
687
1150
2391
8012
5868
4709
1434
2174
2580
3480
5496
8203
3913
5119
262
482
5198
3468
1327
4290
1926
5900
7874
1704
3510
1566
2178
7403
7717
4982
4598
5117
7829
1174
5442
5075
712
3170
2357
7164
3119
7135
7042
587
3039
7421
7816
2107
5788
8267
4536
5401
8286
5645
807
4241
4141
5565
5042
7981
3291
976
7566
457
6540
5550
5818
1764
8101
2212
4300
8731
4118
603
216
1042
5393
8026
5989
3675
2326
1143
2968
1841
4933
8050
8598
6406
6462
3136
3725
6804
6796
885
8385
4268
7875
7206
4009
2733
3614
4585
4541
1941
1010
5014
3951
5175
843
7223
8531
2656
2838
6516
8951
4752
7912
8519
5768
2682
5728
8425
7303
5634
4455
8928
3082
5761
7658
4295
4294
6304
5267
4356
6979
7072
3032
8062
653
902
1149
7445
6961
4682
6491
5265
4048
8983
3619
8027
7924
8497
3496
2592
2301
6145
1830
996
2306
5127
4249
6786
5110
5860
5986
2616
261
8532
4215
5138
4537
2450
2716
3660
5011
6096
8318
6489
1070
2121
5911
5505
6773
5527
147
5318
6261
8688
3732
7264
1839
4344
2857
8934
4173
8612
114
3715
6097
3182
2579
8115
91
6167
686
5884
2874
8226
8230
5742
1795
6986
4254
768
5124
2539
4058
3494
1214
4460
3929
2872
2111
7891
3089
7281
7447
1961
6231
3663
4986
1985
3005
3476
4515
155
4781
5680
6828
3382
2287
1123
227
8511
8406
8758
1561
3030
3431
5978
1711
1128
663
7962
5974
6346
6410
7984
5421
51
7292
3560
7463
5368
6948
5422
5195
6242
2284
2790
8071
3701
8944
8766
6305
2205
6334
2806
7751
1886
5830
8823
519
233
8793
6071
3897
3148
4930
1781
1689
8993
5044
391
6841
4834
2142
2709
5999
195
1021
4214
4879
5655
5096
652
2810
4993
3191
2571
5203
2085
3266
6824
5617
5473
1335
6446
3584
8872
6442
2467
8220
3643
6705
558
5299
5206
154
973
860
4945
2036
6400
8216
6282
4817
8879
4016
57
6667
3908
430
6130
1009
4355
4494
8129
5576
8475
8575
5607
3887
5528
7003
8449
576
222
7297
7356
2480
4366
3889
6471
2789
6573
6110
534
2879
7577
6454
3135
6962
6118
6243
8344
2843
3181
6653
4152
5408
1585
1983
5218
4554
481
1059
8802
3475
649
3816
5058
8196
5736
4580
1510
3528
584
353
8691
857
5585
5543
5352
8091
7759
8898
7543
8981
7622
2577
6777
701
5271
8032
4317
6091
2833
8333
5497
2630
8446
8010
3029
8156
7010
7327
6687
8896
7497
2220
2196
50
3280
942
8945
6852
3886
2030
5090
8589
7465
7245
8888
7948
1766
8664
3667
3160
6136
7130
2472
2911
6819
7515
5079
6382
3302
8818
6775
3763
3062
2640
3076
1737
6149
2551
3195
5282
2974
5047
7028
5611
2878
4332
2423
240
8883
1707
134
6521
1054
6342
6880
736
2621
6642
7794
4732
3759
1889
485
2605
1031
4729
6392
1053
209
4245
4144
2708
1720
3503
6987
966
5234
3190
2283
436
8975
4217
8231
2244
2976
1253
7704
3015
2254
1944
1232
4093
8304
2156
6164
7959
2876
7921
7945
6205
5459
2670
5707
1190
152
4740
306
1784
4110
8948
1971
5249
6630
6832
6523
4484
3885
7274
8072
1118
82
4196
7985
5737
4090
2635
160
4628
7161
5395
2780
2719
8877
8355
7773
859
4594
1756
1044
1775
4253
3648
5836
5480
6072
4299
5875
1113
4228
8763
4963
2233
3707
7919
5204
459
1631
8553
8461
7839
7036
236
7432
8513
7170
7123
1491
352
1155
7904
7182
6309
5594
2082
3332
8560
7255
8699
5259
7563
2705
2735
3880
676
4156
7261
8228
4089
7525
5649
2411
6563
3486
6601
1470
7087
7551
8046
5570
2829
3509
4041
94
6494
2573
8723
6047
8209
2824
1574
8351
6798
1703
595
8458
6833
6254
8435
5260
5524
7827
6189
1008
3305
5335
26
1063
4184
2699
8548
3002
1740
2910
318
6723
8401
5080
7475
6418
8014
901
8884
3674
1484
2556
8656
333
2955
3093
1345
3533
6320
2704
159
3174
8193
778
4287
6758
4488
5925
6044
7936
6801
6262
4026
7287
6674
7737
8305
4032
310
3461
7977
5516
630
7493
4107
7982
8682
5926
5429
4509
6033
7031
7788
6871
4470
6198
2389
4823
4943
5404
1946
7008
647
6631
7848
1657
3787
5956
6408
6742
8978
7136
2356
5113
4744
8118
8636
496
509
3597
941
3173
6511
5357
705
801
5232
6082
1664
6913
7137
2586
6579
3527
7341
3440
8853
4087
4350
6625
3873
5008
4265
8007
2692
1407
4147
3997
4426
2439
1052
8144
4502
4425
5355
4398
3241
4685
6009
130
6457
2730
3055
4973
6817
7127
7081
7044
2136
1211
2237
7616
3735
6293
7021
2794
5278
6688
5386
6317
6137
8158
4961
6054
4762
1083
6861
1250
85
8899
6438
8824
4725
5181
4402
764
2493
5908
4437
6781
8780
4635
3288
2195
7643
3197
1925
6419
4475
8051
2550
1230
1798
7479
4517
6501
183
7271
3284
8480
5211
8866
8867
3944
8232
8287
4036
7696
5235
2059
42
3700
1590
4609
5596
798
7908
7690
3234
4850
4955
2164
6294
3750
2813
6398
4934
3253
8857
1596
641
8838
2404
5897
2532
1147
5416
1557
825
2239
8340
1892
1891
6022
1896
7332
2351
2847
7963
5102
5537
4555
250
939
5309
5824
5009
8352
4203
6582
8546
1861
473
5759
6778
8275
581
640
2973
4130
3811
7654
3322
2417
6350
410
1778
3491
2538
8102
6233
3673
3653
1179
4498
8255
1791
7929
297
4079
6604
1915
8441
4396
7954
6866
3754
6867
3048
2052
462
7198
607
4201
7038
1073
2458
7536
4966
7014
4737
2452
6555
6168
3455
6868
1280
4161
5700
1846
2217
3666
4892
1651
2054
169
68
2629
5791
2232
5125
3683
8505
6356
2359
4125
5346
726
1534
5052
7162
3009
7133
3588
4106
3564
2530
2319
594
1982
6782
8952
2867
358
523
7973
4183
6637
6597
6323
1824
3478
4967
2536
5519
5807
3976
3313
8845
1095
6192
8224
8490
1000
442
397
179
7699
6557
3381
5049
5608
5848
6073
4563
8456
194
6414
5921
5756
8407
1028
1860
2291
181
5757
3776
5779
7099
2192
8601
2908
4140
7458
3960
3201
1079
4071
3518
1398
472
3924
3227
2294
503
7526
1676
8727
7917
3157
8533
8662
4191
4607
8095
4154
1995
1804
8134
3141
986
303
8602
6958
7308
2774
2936
3646
6329
61
3618
8345
7825
336
2555
6756
3531
1943
1856
386
8902
6239
2995
8040
4586
6302
1806
2471
8972
260
5792
4643
3244
4524
7323
7518
4190
8248
2927
8549
4951
8334
7404
3243
6027
5219
6416
7782
5538
7235
8420
1742
1822
877
7393
7795
7955
8788
2104
8390
4086
5139
6970
4038
4755
4592
1020
7988
81
4459
8180
8596
750
5236
5241
2906
2715
7439
4411
6702
1713
995
1445
6069
1748
8920
5372
2501
6376
197
1797
3968
5560
7119
3870
4875
2497
4209
5743
1527
6062
4918
981
4915
4257
1041
6966
7400
5376
4143
8356
7644
7620
6571
4747
8891
1876
144
8438
2549
3946
4292
2643
4015
5498
537
3329
571
7100
3678
5670
3335
2231
4078
1062
1633
5455
1288
6364
8386
4566
8068
5131
1968
5702
4533
8297
1341
3464
5182
4707
8443
5887
5677
2723
5872
7991
39
5678
3662
6740
1577
3211
1660
5156
2765
8251
426
8653
4282
60
6472
4727
2981
8058
3991
7084
5292
7648
4927
7258
4714
4261
19
8594
7414
8941
7849
5449
8590
8167
265
4916
3859
8646
3417
103
3047
6039
2063
3539
1110
7714
2893
8634
4319
2553
5293
90
188
342
4200
1675
4442
3123
5555
4786
4354
5625
2722
7201
5255
376
6030
2892
1459
6111
1730
4521
8637
7996
3403
1917
3926
4005
2917
3790
53
1019
5081
8298
7406
2655
6366
4057
7585
5115
5914
8330
6422
590
5015
22
6330
3296
5548
4101
282
7272
8540
1547
4856
129
5840
1746
1287
3500
4872
8579
2110
8685
6788
6588
7316
5712
6951
3592
4168
2427
1970
7905
5639
2842
3581
8015
5880
1523
3989
8037
7791
259
258
7681
6484
4379
433
2869
6269
96
4491
2434
1183
8271
5918
2797
2566
8375
8065
5870
7097
8186
1848
7989
5962
8244
3603
2754
3215
5753
7501
7456
3907
2018
5983
5984
4806
10
629
341
8686
3995
4646
4053
6183
3416
6291
3655
2821
2096
3420
3744
6288
7001
6393
7860
2496
1701
1573
3928
2561
6127
455
6855
1330
235
8152
3499
5328
746
745
1404
290
187
417
7324
8314
1344
4271
2051
2757
6621
2396
8364
5120
3279
6834
5369
8092
5812
5663
6863
2119
570
4561
3982
7803
7128
480
6549
7505
8377
5945
3019
7214
2272
7437
3185
6820
6388
8077
3406
6223
5719
3309
3210
8848
3091
4617
3088
945
6373
854
1444
1455
3821
3271
5185
3542
947
3608
6799
4004
2464
5643
1258
8738
423
5734
4605
6352
2649
7357
5588
2344
257
428
4243
4842
8675
448
5941
3508
8984
2258
6561
2432
7075
2021
7846
3011
3116
7530
5435
1157
8644
2544
4928
8554
7189
1334
8018
3364
5692
7069
5659
5283
3035
4134
29
7321
351
3820
1882
1685
6435
4410
6574
365
2257
6452
7153
3115
4335
6632
7823
7196
1309
1480
7645
4782
907
5507
1394
6524
7523
7604
6455
2740
8370
8714
8383
1736
55
4378
4136
1753
6133
3538
4922
4705
7039
1489
1495
8665
3743
711
5720
2183
2662
5674
5685
2583
5134
4187
4352
5971
1544
8495
8008
988
5533
7339
785
1141
8668
870
8337
2987
5578
2325
2945
4905
2010
8692
6464
1007
3263
7191
6853
4686
2431
4997
7914
3054
4911
1913
3493
502
2932
7718
2677
8430
296
8268
3530
1602
4031
6651
4213
6971
6048
5242
2227
5438
7876
1556
5377
4117
3827
7572
4424
6518
646
7138
3184
5889
6904
4827
6709
4654
2762
4473
763
1279
6583
5321
4791
3587
6017
1004
5776
4581
7837
3739
6732
7417
5279
2753
1929
3742
5500
929
6206
4226
2891
1370
5129
5144
1140
3430
777
143
2951
7789
5938
7218
1138
1641
8444
2714
7325
6160
3572
4062
8909
4082
6298
205
7877
5749
7203
8165
2970
8900
3209
6807
2068
3165
6112
8963
8459
7288
4513
3800
2223
8269
8774
5341
7882
501
3366
4994
1475
4899
3854
4880
252
2243
8188
6011
281
1204
1699
7252
2115
1873
7702
6150
7177
3352
5325
1130
767
1790
5928
1878
1420
2511
7506
1178
8242
8146
6139
7861
6633
2332
3984
7942
1844
6881
3568
2066
6619
831
8221
8571
508
2793
4798
4381
1014
2182
1928
6299
6244
3308
7467
3869
7266
2268
278
7719
1950
957
3
6213
2863
529
1058
8341
4893
3423
5858
5364
4177
812
3159
1636
1315
7165
575
6362
7593
1482
3872
7248
7609
6380
4956
76
295
5556
5534
137
8846
7060
4186
186
1931
7723
7602
679
3415
3562
6593
905
1339
6670
7757
8855
8580
8417
5609
6076
4613
8795
3014
6066
7950
1598
4860
1955
8066
5915
2103
3916
8261
2500
8402
6013
487
7262
3258
1350
6332
3635
4407
2744
3884
8889
2832
5493
7139
2886
1504
7763
8181
8098
5905
7635
4547
3226
8004
623
4018
7351
7552
8207
1625
1692
6643
1409
8139
5725
6236
3070
780
8470
3444
4620
7049
8700
1529
208
6023
2092
8958
2785
6412
1135
1366
1863
1593
6990
7092
7738
1674
191
6214
5000
1667
2282
357
7430
5932
2570
1013
1975
1153
7682
1208
221
3621
2625
1992
4167
5837
8471
2604
1102
7548
7866
7094
1390
3864
4023
6312
2322
381
716
13
3526
3214
1981
4450
1888
193
757
3180
126
1669
5664
8081
4551
8368
2050
628
6717
658
6993
8803
2277
8073
8108
4035
293
7769
7380
3804
1921
3594
1949
6228
7711
4081
6707
4869
7610
220
2902
7986
5465
6005
8283
2764
806
15
580
1478
185
714
2215
2062
5579
4127
5149
6616
7088
3883
6692
416
272
7236
2756
1611
4766
1117
2305
2999
3861
4195
6359
7267
1821
1094
332
8256
696
3163
850
7672
6949
1503
5358
1297
5313
375
1464
1852
3026
5520
1488
7651
6270
2409
