2
8000
3
7998
4
7996
7
7992
8
7991
10
7990
12
7988
13
7986
15
7983
16
7982
18
7981
19
7980
20
7978
21
7977
22
7975
23
7973
24
7972
25
7970
28
7969
29
7968
30
7967
31
7964
33
7963
36
7961
39
7960
40
7959
41
7957
44
7956
45
7954
46
7953
47
7949
48
7947
49
7946
50
7943
52
7941
55
7938
56
7937
58
7935
59
7934
60
7933
62
7931
65
7930
67
7927
69
7926
70
7924
72
7923
73
7922
74
7921
75
7919
76
7917
77
7915
78
7912
80
7911
81
7910
83
7908
85
7907
87
7905
88
7904
90
7903
92
7902
93
7900
95
7898
96
7895
97
7894
100
7893
101
7891
103
7889
104
7888
105
7887
107
7885
108
7884
109
7882
110
7881
112
7880
113
7879
116
7878
118
7877
119
7876
121
7874
122
7873
123
7870
125
7868
126
7866
127
7865
128
7864
129
7863
130
7862
132
7860
135
7859
136
7857
137
7854
138
7852
140
7850
141
7849
142
7848
144
7846
147
7845
148
7844
150
7842
152
7841
153
7839
155
7838
156
7837
157
7835
159
7831
160
7829
161
7826
162
7825
163
7823
164
7822
166
7821
168
7819
169
7818
170
7817
172
7816
176
7814
178
7813
179
7812
182
7811
185
7810
188
7807
189
7806
190
7803
191
7801
192
7799
195
7798
197
7796
198
7795
199
7793
200
7790
201
7789
204
7787
206
7785
207
7783
209
7781
210
7779
212
7778
214
7777
215
7776
219
7774
220
7772
222
7768
224
7767
228
7766
229
7764
230
7762
231
7761
233
7760
234
7758
235
7757
236
7756
237
7755
238
7754
240
7753
242
7752
243
7751
245
7749
247
7748
248
7746
249
7744
250
7742
251
7741
255
7740
256
7738
258
7736
260
7734
261
7733
262
7732
264
7731
265
7730
266
7729
268
7728
270
7725
271
7722
272
7721
273
7719
274
7718
275
7716
276
7714
277
7712
278
7711
280
7710
285
7708
287
7707
288
7705
289
7704
291
7702
292
7700
293
7699
294
7697
295
7693
296
7691
297
7689
298
7687
299
7686
300
7683
301
7682
305
7681
307
7680
308
7679
309
7677
310
7676
311
7675
313
7673
314
7669
316
7668
318
7665
319
7663
320
7662
321
7661
325
7659
327
7658
329
7657
330
7655
331
7654
333
7653
334
7651
336
7649
338
7647
339
7645
342
7643
344
7642
345
7640
346
7638
348
7635
350
7633
352
7631
354
7630
357
7629
360
7626
362
7624
365
7622
367
7618
371
7617
372
7616
373
7614
375
7613
376
7610
379
7608
380
7607
381
7605
383
7604
384
7603
386
7602
387
7599
388
7597
389
7595
392
7593
395
7590
396
7589
397
7588
399
7585
401
7582
402
7581
403
7579
406
7578
408
7577
410
7576
412
7574
416
7572
417
7570
418
7569
419
7568
421
7567
422
7565
425
7562
426
7561
428
7558
429
7557
430
7556
433
7555
434
7554
435
7553
436
7551
437
7547
440
7545
442
7544
443
7543
445
7541
446
7539
448
7537
449
7535
450
7534
451
7532
452
7530
454
7529
455
7528
456
7526
458
7524
459
7521
460
7519
462
7518
463
7514
464
7513
466
7512
467
7511
468
7510
470
7507
471
7506
473
7504
474
7502
476
7501
478
7500
479
7499
480
7498
481
7497
482
7493
483
7492
484
7490
485
7489
486
7487
488
7484
490
7483
491
7482
493
7479
494
7477
496
7475
497
7473
499
7471
500
7469
501
7467
503
7465
505
7464
506
7461
507
7460
508
7459
509
7458
511
7457
513
7453
515
7452
516
7450
518
7448
520
7447
521
7445
523
7443
524
7442
525
7439
526
7437
528
7436
529
7435
531
7433
532
7432
534
7430
536
7429
537
7425
538
7423
539
7422
541
7419
542
7417
543
7415
546
7413
547
7412
548
7411
549
7409
551
7408
552
7406
554
7405
555
7402
557
7401
560
7400
561
7399
562
7398
563
7397
565
7396
567
7395
569
7394
570
7392
572
7391
574
7389
575
7384
577
7383
578
7381
579
7380
580
7378
582
7377
583
7376
584
7372
585
7370
587
7369
588
7366
590
7364
591
7362
593
7360
595
7359
596
7358
599
7355
600
7352
601
7350
602
7349
604
7347
605
7344
606
7343
609
7342
610
7340
612
7339
614
7337
616
7335
618
7334
622
7332
623
7331
625
7329
626
7328
628
7325
630
7323
632
7321
634
7320
635
7318
636
7315
637
7313
639
7311
640
7310
642
7308
644
7306
645
7305
648
7302
651
7300
654
7299
656
7297
659
7296
661
7294
663
7293
665
7292
666
7289
668
7288
669
7285
673
7283
674
7282
676
7278
678
7276
679
7275
681
7273
682
7270
684
7268
685
7267
686
7266
687
7265
689
7264
690
7263
691
7261
692
7258
695
7257
698
7256
702
7254
703
7252
704
7250
705
7248
707
7246
710
7244
712
7243
713
7241
715
7240
716
7237
718
7235
719
7233
720
7232
721
7228
722
7225
725
7224
726
7223
728
7221
729
7219
731
7218
733
7217
735
7215
736
7213
737
7212
739
7211
740
7208
741
7206
742
7205
744
7203
745
7199
747
7198
748
7196
749
7195
752
7194
753
7192
756
7191
757
7188
760
7187
764
7186
765
7185
766
7183
767
7182
768
7181
769
7180
771
7178
772
7177
774
7176
775
7175
778
7174
779
7173
780
7171
784
7169
787
7168
788
7167
789
7166
790
7164
791
7161
792
7159
794
7158
795
7157
797
7155
798
7154
801
7151
804
7150
805
7149
808
7148
809
7146
810
7145
812
7143
813
7141
814
7139
817
7138
819
7136
822
7135
823
7133
824
7131
825
7129
827
7128
828
7125
830
7123
832
7121
833
7120
834
7118
836
7116
839
7115
841
7114
842
7110
843
7108
845
7107
846
7106
847
7103
850
7102
852
7100
854
7099
856
7098
857
7096
858
7093
860
7092
861
7089
862
7087
864
7085
868
7083
872
7080
873
7079
875
7077
876
7076
878
7074
879
7073
880
7072
881
7070
882
7069
883
7068
886
7067
890
7065
893
7064
894
7062
897
7060
898
7059
901
7057
903
7055
904
7053
906
7051
908
7050
910
7048
912
7047
914
7045
917
7042
918
7040
921
7039
922
7038
925
7037
927
7036
928
7035
929
7034
930
7033
931
7032
932
7031
933
7029
935
7028
937
7025
939
7024
942
7023
944
7021
945
7020
947
7019
948
7018
949
7017
951
7016
953
7015
956
7013
957
7012
960
7010
962
7008
963
7007
966
7006
968
7005
970
7004
973
7003
974
7001
975
6999
977
6998
980
6997
981
6996
982
6995
983
6994
985
6992
987
6991
990
6988
991
6984
992
6983
995
6982
997
6980
999
6979
1002
6978
1005
6976
1006
6974
1008
6971
1010
6970
1011
6969
1013
6968
1015
6967
1017
6966
1020
6965
1022
6964
1024
6963
1025
6959
1026
6957
1027
6955
1028
6953
1030
6952
1031
6950
1032
6948
1033
6946
1035
6945
1037
6942
1041
6940
1042
6939
1044
6938
1046
6934
1047
6931
1049
6930
1050
6928
1052
6925
1054
6922
1057
6921
1058
6920
1060
6917
1061
6916
1062
6915
1063
6912
1066
6911
1068
6910
1069
6908
1070
6906
1071
6905
1073
6904
1075
6903
1078
6900
1079
6899
1082
6898
1084
6896
1086
6894
1087
6893
1088
6891
1091
6889
1093
6887
1095
6886
1097
6884
1099
6880
1101
6878
1102
6877
1103
6876
1104
6875
1105
6874
1106
6872
1108
6870
1109
6869
1112
6867
1113
6865
1115
6864
1116
6862
1117
6861
1119
6860
1121
6859
1124
6858
1125
6856
1127
6852
1128
6850
1129
6849
1131
6848
1136
6845
1138
6844
1140
6842
1143
6840
1145
6839
1146
6838
1149
6836
1152
6833
1154
6831
1157
6829
1159
6827
1160
6826
1161
6825
1164
6824
1165
6823
1167
6822
1168
6821
1171
6819
1172
6817
1174
6814
1176
6811
1177
6809
1179
6808
1181
6807
1183
6805
1184
6802
1185
6801
1186
6799
1187
6797
1188
6796
1189
6794
1190
6793
1193
6791
1194
6790
1196
6789
1198
6788
1199
6787
1200
6786
1201
6783
1202
6781
1204
6780
1206
6778
1208
6777
1210
6776
1212
6775
1214
6773
1216
6772
1217
6771
1218
6770
1219
6768
1220
6766
1221
6763
1223
6761
1224
6760
1225
6759
1226
6757
1228
6756
1231
6754
1232
6753
1233
6751
1234
6750
1235
6748
1236
6746
1239
6745
1241
6744
1242
6742
1243
6740
1244
6737
1245
6736
1247
6734
1248
6733
1249
6731
1251
6730
1252
6729
1254
6727
1255
6725
1257
6724
1258
6723
1260
6721
1263
6720
1265
6719
1266
6718
1267
6717
1269
6714
1271
6713
1272
6711
1274
6710
1275
6706
1276
6705
1278
6704
1281
6703
1282
6701
1285
6699
1287
6697
1292
6696
1293
6693
1294
6692
1295
6690
1297
6689
1299
6688
1301
6687
1302
6684
1303
6683
1304
6681
1305
6679
1306
6678
1307
6676
1308
6673
1309
6671
1311
6670
1315
6669
1316
6668
1317
6667
1319
6665
1322
6664
1323
6663
1325
6661
1326
6660
1327
6658
1328
6657
1330
6654
1331
6653
1334
6650
1335
6649
1337
6647
1338
6645
1340
6643
1341
6641
1343
6640
1344
6638
1346
6637
1347
6636
1349
6635
1351
6632
1353
6631
1354
6629
1356
6627
1357
6625
1360
6623
1361
6622
1363
6621
1364
6620
1366
6619
1368
6618
1369
6617
1372
6614
1374
6613
1377
6611
1378
6610
1380
6608
1381
6607
1382
6605
1384
6603
1385
6602
1387
6601
1390
6600
1393
6598
1395
6595
1397
6593
1398
6592
1402
6591
1405
6589
1406
6586
1408
6585
1409
6583
1410
6581
1411
6579
1412
6575
1414
6573
1416
6571
1418
6567
1420
6566
1421
6565
1423
6562
1425
6561
1428
6560
1430
6559
1432
6558
1433
6557
1434
6555
1436
6554
1438
6552
1440
6551
1442
6548
1443
6545
1444
6544
1445
6541
1446
6540
1448
6539
1449
6538
1450
6537
1452
6536
1453
6533
1455
6532
1456
6531
1457
6530
1459
6529
1460
6528
1461
6527
1464
6526
1465
6525
1466
6522
1467
6521
1469
6520
1470
6519
1471
6517
1472
6516
1474
6515
1477
6514
1480
6512
1482
6510
1483
6509
1485
6508
1486
6506
1488
6503
1491
6500
1495
6498
1496
6496
1498
6495
1499
6494
1501
6491
1502
6490
1503
6487
1506
6486
1509
6485
1510
6484
1511
6482
1514
6480
1515
6477
1517
6475
1518
6473
1523
6471
1524
6470
1525
6469
1526
6468
1527
6467
1529
6465
1531
6464
1533
6463
1535
6461
1536
6459
1538
6458
1539
6457
1540
6456
1542
6455
1543
6454
1544
6453
1545
6452
1546
6451
1549
6449
1551
6446
1552
6444
1554
6442
1555
6440
1557
6437
1559
6435
1560
6434
1562
6432
1565
6430
1566
6428
1567
6427
1570
6425
1572
6422
1573
6420
1575
6417
1576
6415
1578
6412
1579
6411
1581
6409
1582
6408
1584
6406
1587
6404
1588
6402
1591
6401
1592
6400
1593
6399
1594
6395
1595
6394
1598
6393
1600
6390
1601
6387
1604
6382
1605
6381
1607
6380
1608
6378
1609
6377
1610
6375
1611
6374
1614
6373
1615
6372
1618
6370
1619
6367
1620
6366
1621
6365
1622
6363
1623
6362
1627
6359
1632
6358
1633
6356
1635
6354
1636
6353
1637
6351
1639
6349
1640
6347
1642
6346
1644
6344
1646
6342
1648
6341
1649
6340
1651
6338
1653
6337
1654
6335
1655
6334
1656
6333
1659
6331
1660
6330
1661
6327
1663
6325
1664
6324
1666
6323
1667
6321
1668
6320
1670
6319
1671
6317
1672
6314
1673
6313
1674
6312
1676
6310
1677
6308
1679
6307
1680
6306
1683
6305
1685
6304
1686
6303
1687
6302
1688
6299
1689
6298
1690
6297
1691
6296
1694
6294
1695
6291
1696
6290
1698
6288
1699
6286
1700
6285
1701
6281
1703
6280
1705
6279
1707
6278
1708
6276
1709
6274
1711
6272
1713
6271
1715
6270
1717
6269
1719
6268
1720
6267
1721
6266
1724
6264
1725
6263
1726
6262
1727
6260
1728
6257
1729
6254
1731
6251
1733
6248
1734
6247
1735
6244
1737
6242
1739
6240
1741
6239
1742
6237
1744
6235
1745
6234
1747
6232
1748
6231
1749
6230
1750
6228
1753
6227
1756
6224
1759
6223
1761
6222
1762
6220
1763
6218
1764
6217
1766
6216
1767
6214
1769
6213
1770
6210
1771
6209
1772
6208
1774
6207
1779
6205
1781
6204
1782
6203
1783
6201
1784
6200
1785
6198
1787
6196
1788
6195
1789
6194
1790
6192
1791
6191
1792
6188
1793
6187
1794
6186
1796
6184
1798
6182
1799
6180
1800
6178
1802
6177
1804
6176
1805
6175
1808
6173
1809
6171
1810
6169
1811
6168
1812
6167
1813
6164
1815
6161
1819
6160
1822
6159
1824
6158
1825
6157
1828
6155
1829
6153
1830
6151
1831
6149
1833
6148
1835
6146
1838
6145
1842
6143
1844
6142
1848
6139
1849
6138
1850
6135
1851
6134
1854
6132
1855
6131
1856
6130
1857
6129
1860
6128
1862
6127
1864
6125
1866
6124
1868
6123
1871
6120
1873
6119
1874
6118
1876
6116
1877
6114
1879
6113
1880
6111
1881
6108
1883
6107
1884
6106
1885
6104
1886
6102
1887
6101
1888
6098
1890
6095
1892
6094
1894
6092
1896
6088
1897
6086
1899
6084
1900
6083
1901
6082
1903
6080
1904
6079
1906
6078
1908
6076
1910
6074
1911
6071
1912
6069
1914
6067
1916
6065
1917
6063
1920
6062
1922
6061
1924
6060
1926
6059
1927
6056
1929
6055
1932
6054
1933
6053
1935
6050
1936
6048
1938
6047
1941
6044
1942
6043
1943
6042
1945
6041
1948
6039
1949
6038
1950
6037
1952
6036
1953
6034
1956
6033
1959
6031
1961
6030
1963
6028
1964
6027
1966
6024
1967
6023
1968
6022
1969
6020
1971
6019
1972
6018
1973
6016
1975
6015
1976
6014
1977
6012
1980
6009
1981
6008
1983
6007
1984
6005
1985
6003
1986
6002
1987
6001
1989
5999
1990
5997
1991
5996
1993
5994
1994
5991
1996
5990
1997
5989
1999
5987
2001
5986
2003
5985
2005
5982
2007
5979
2009
5978
2010
5977
2011
5975
2012
5973
2013
5972
2014
5970
2015
5969
2016
5966
2019
5964
2020
5962
2021
5961
2023
5959
2024
5958
2025
5955
2029
5953
2030
5952
2034
5950
2035
5948
2036
5947
2038
5946
2042
5944
2043
5942
2044
5941
2045
5940
2046
5939
2048
5938
2049
5937
2052
5935
2053
5934
2055
5932
2057
5930
2059
5929
2060
5928
2061
5925
2062
5924
2063
5921
2064
5920
2067
5919
2069
5917
2071
5915
2073
5914
2074
5912
2075
5911
2077
5910
2078
5909
2080
5907
2081
5906
2082
5904
2083
5902
2084
5901
2085
5900
2087
5899
2089
5898
2090
5897
2092
5896
2094
5895
2095
5893
2097
5891
2098
5890
2102
5889
2103
5886
2105
5884
2109
5882
2113
5881
2117
5880
2120
5878
2121
5876
2123
5873
2124
5871
2125
5870
2127
5866
2129
5864
2132
5863
2133
5862
2136
5860
2138
5859
2139
5858
2141
5855
2143
5852
2144
5850
2145
5849
2147
5848
2148
5847
2149
5846
2151
5845
2155
5844
2157
5843
2158
5842
2160
5841
2161
5839
2162
5838
2163
5837
2165
5836
2166
5835
2168
5834
2169
5833
2174
5831
2177
5830
2180
5828
2182
5827
2184
5824
2186
5822
2187
5818
2189
5816
2191
5814
2194
5813
2195
5812
2196
5810
2198
5809
2199
5808
2200
5807
2201
5806
2202
5804
2203
5803
2207
5802
2209
5801
2211
5799
2213
5797
2214
5796
2217
5795
2218
5794
2220
5792
2221
5791
2223
5790
2225
5789
2226
5787
2228
5784
2229
5782
2230
5781
2231
5780
2232
5778
2233
5776
2234
5775
2236
5772
2238
5769
2239
5766
2241
5765
2242
5764
2243
5763
2246
5761
2247
5760
2248
5759
2250
5757
2253
5756
2254
5755
2255
5754
2257
5753
2259
5750
2261
5748
2262
5746
2265
5745
2268
5744
2269
5743
2270
5741
2274
5740
2275
5738
2276
5737
2277
5735
2278
5734
2279
5733
2280
5731
2281
5730
2282
5728
2284
5726
2285
5723
2286
5722
2288
5720
2289
5719
2290
5718
2293
5716
2294
5715
2296
5713
2297
5711
2298
5710
2301
5709
2306
5706
2308
5705
2309
5703
2311
5702
2313
5701
2315
5700
2316
5699
2317
5697
2319
5696
2320
5695
2322
5694
2324
5693
2326
5692
2327
5691
2329
5689
2330
5688
2331
5687
2333
5686
2335
5685
2337
5684
2338
5682
2339
5678
2340
5677
2341
5676
2342
5673
2343
5671
2344
5670
2347
5669
2349
5667
2350
5665
2352
5664
2354
5662
2356
5661
2359
5660
2361
5658
2364
5655
2365
5654
2366
5653
2367
5652
2368
5651
2370
5649
2372
5648
2373
5645
2376
5643
2377
5640
2378
5638
2379
5636
2380
5634
2382
5633
2384
5631
2385
5630
2386
5625
2387
5624
2388
5623
2389
5621
2390
5620
2392
5619
2393
5618
2394
5617
2395
5616
2397
5613
2399
5612
2400
5611
2401
5609
2402
5608
2403
5605
2405
5603
2406
5602
2408
5600
2409
5598
2413
5597
2414
5595
2417
5593
2418
5591
2419
5590
2422
5588
2423
5585
2424
5584
2426
5583
2427
5581
2428
5579
2429
5577
2431
5576
2432
5574
2433
5572
2434
5571
2435
5570
2438
5569
2440
5568
2442
5567
2443
5566
2445
5562
2446
5560
2448
5559
2449
5558
2450
5557
2451
5555
2452
5553
2453
5551
2455
5550
2457
5548
2458
5547
2460
5546
2461
5544
2463
5541
2466
5540
2470
5538
2471
5537
2472
5535
2474
5534
2475
5532
2476
5531
2479
5528
2481
5527
2483
5526
2484
5525
2485
5524
2489
5522
2490
5520
2491
5519
2493
5518
2494
5516
2495
5515
2496
5514
2497
5511
2498
5510
2499
5509
2502
5507
2504
5504
2506
5502
2507
5501
2508
5499
2509
5498
2510
5497
2511
5496
2512
5494
2513
5492
2515
5491
2517
5490
2519
5489
2520
5487
2521
5485
2523
5483
2524
5482
2525
5481
2526
5480
2527
5478
2528
5477
2529
5476
2530
5474
2531
5473
2533
5470
2534
5468
2535
5466
2537
5465
2539
5463
2540
5461
2541
5458
2543
5455
2545
5454
2546
5452
2548
5450
2549
5449
2551
5448
2552
5447
2554
5446
2556
5445
2558
5444
2559
5441
2562
5440
2563
5439
2564
5437
2566
5434
2567
5432
2570
5430
2571
5428
2572
5426
2575
5424
2576
5423
2577
5422
2578
5420
2579
5419
2581
5417
2582
5416
2583
5415
2584
5413
2587
5411
2588
5409
2590
5408
2592
5405
2593
5404
2596
5403
2597
5402
2600
5400
2601
5399
2603
5397
2604
5395
2606
5394
2607
5392
2610
5390
2611
5389
2614
5387
2615
5386
2617
5385
2618
5383
2619
5382
2620
5381
2623
5378
2625
5375
2626
5374
2627
5372
2628
5370
2629
5369
2631
5366
2632
5365
2633
5364
2634
5363
2636
5362
2637
5361
2638
5360
2641
5359
2644
5356
2646
5355
2647
5353
2648
5352
2649
5351
2651
5348
2653
5347
2656
5344
2659
5343
2661
5342
2662
5341
2663
5340
2664
5339
2665
5338
2667
5337
2669
5336
2671
5335
2672
5333
2673
5331
2676
5330
2679
5329
2681
5328
2682
5327
2683
5326
2684
5325
2685
5320
2687
5319
2689
5318
2690
5314
2692
5313
2693
5312
2695
5311
2696
5310
2698
5309
2699
5307
2701
5305
2702
5304
2703
5302
2705
5300
2706
5299
2707
5298
2708
5296
2709
5295
2711
5292
2713
5290
2715
5289
2716
5286
2717
5285
2719
5284
2721
5283
2723
5280
2724
5279
2726
5276
2727
5273
2729
5272
2730
5271
2733
5270
2734
5268
2736
5266
2737
5264
2740
5263
2741
5262
2742
5261
2745
5259
2747
5258
2749
5257
2751
5256
2752
5255
2753
5254
2755
5252
2756
5251
2757
5250
2759
5249
2761
5246
2764
5243
2766
5241
2767
5239
2769
5235
2770
5234
2772
5233
2774
5232
2775
5230
2777
5228
2780
5226
2781
5223
2782
5221
2788
5219
2789
5217
2790
5216
2792
5214
2793
5213
2796
5212
2798
5211
2800
5210
2801
5209
2802
5208
2804
5206
2806
5204
2807
5203
2808
5201
2810
5200
2811
5199
2812
5198
2814
5196
2815
5195
2816
5194
2817
5193
2818
5189
2819
5187
2821
5186
2822
5185
2824
5183
2827
5181
2828
5179
2831
5178
2832
5177
2833
5176
2836
5175
2837
5174
2839
5171
2841
5169
2845
5168
2846
5167
2847
5166
2848
5165
2849
5164
2850
5163
2851
5161
2852
5159
2853
5158
2854
5156
2855
5154
2857
5152
2858
5151
2859
5149
2860
5148
2862
5146
2864
5145
2866
5143
2868
5141
2870
5140
2871
5138
2872
5137
2873
5136
2876
5135
2879
5133
2880
5131
2881
5129
2882
5127
2883
5125
2884
5123
2885
5121
2887
5120
2889
5119
2890
5118
2893
5116
2894
5114
2895
5113
2896
5112
2897
5111
2898
5109
2900
5108
2901
5106
2902
5104
2903
5103
2906
5102
2907
5101
2908
5100
2909
5099
2911
5097
2912
5096
2913
5094
2914
5091
2915
5089
2917
5087
2918
5086
2921
5085
2922
5083
2923
5081
2925
5080
2926
5078
2927
5076
2928
5074
2930
5073
2931
5072
2932
5070
2933
5069
2934
5067
2935
5065
2936
5063
2939
5061
2942
5060
2943
5059
2944
5058
2945
5056
2946
5054
2947
5052
2948
5051
2949
5050
2950
5049
2951
5048
2953
5047
2956
5045
2957
5043
2958
5041
2959
5039
2960
5037
2962
5036
2963
5034
2966
5033
2967
5031
2968
5030
2969
5028
2971
5027
2972
5025
2973
5024
2975
5022
2976
5021
2979
5020
2980
5018
2982
5016
2983
5015
2984
5014
2985
5012
2987
5011
2989
5010
2990
5009
2991
5008
2992
5007
2993
5006
2995
5005
2997
5004
2998
5003
2999
5002
3000
5001
3001
5000
3002
4997
3004
4996
3005
4995
3006
4994
3007
4993
3008
4990
3009
4989
3010
4987
3011
4986
3013
4985
3014
4984
3016
4983
3019
4981
3020
4980
3022
4978
3023
4977
3024
4976
3027
4975
3028
4973
3029
4971
3031
4970
3032
4969
3034
4968
3036
4967
3037
4965
3038
4963
3039
4962
3040
4961
3042
4960
3043
4959
3045
4958
3046
4956
3048
4955
3051
4954
3052
4952
3053
4951
3055
4949
3056
4948
3058
4947
3062
4946
3063
4944
3064
4943
3068
4942
3070
4941
3072
4939
3074
4938
3076
4937
3078
4936
3079
4935
3080
4934
3081
4933
3083
4932
3084
4931
3086
4930
3087
4929
3089
4928
3092
4927
3093
4926
3094
4925
3095
4922
3096
4920
3099
4919
3102
4918
3103
4916
3104
4914
3105
4913
3107
4911
3108
4909
3109
4907
3110
4905
3111
4904
3112
4902
3113
4900
3115
4899
3117
4898
3119
4897
3120
4894
3121
4891
3123
4889
3124
4888
3126
4887
3127
4886
3128
4885
3129
4884
3130
4883
3132
4880
3134
4879
3135
4877
3137
4876
3138
4875
3139
4874
3140
4873
3141
4871
3142
4869
3144
4867
3148
4866
3151
4865
3152
4863
3153
4862
3156
4859
3158
4856
3159
4854
3160
4853
3161
4851
3162
4850
3163
4847
3164
4845
3165
4842
3167
4841
3169
4840
3170
4838
3171
4837
3173
4835
3174
4834
3175
4833
3177
4832
3180
4831
3182
4829
3184
4826
3187
4823
3189
4821
3192
4820
3193
4818
3195
4817
3197
4816
3199
4814
3201
4813
3203
4812
3204
4811
3205
4808
3206
4805
3207
4804
3210
4801
3211
4799
3213
4796
3214
4794
3216
4793
3218
4792
3220
4791
3221
4790
3223
4789
3224
4786
3226
4785
3227
4784
3229
4781
3230
4780
3231
4779
3234
4777
3235
4776
3236
4775
3237
4773
3238
4772
3240
4771
3241
4770
3242
4769
3244
4768
3245
4767
3247
4766
3249
4765
3250
4764
3251
4763
3252
4761
3253
4759
3254
4758
3255
4757
3256
4756
3257
4755
3258
4754
3259
4753
3261
4752
3263
4751
3264
4750
3265
4748
3267
4747
3269
4746
3271
4744
3274
4742
3276
4741
3277
4738
3280
4735
3282
4733
3284
4732
3285
4730
3287
4728
3288
4727
3289
4726
3291
4724
3293
4723
3296
4720
3297
4718
3299
4717
3300
4715
3301
4714
3302
4712
3304
4710
3305
4709
3306
4708
3307
4707
3308
4704
3310
4703
3311
4701
3313
4700
3316
4699
3318
4697
3319
4695
3322
4693
3324
4692
3325
4691
3327
4690
3328
4689
3330
4687
3331
4686
3335
4685
3337
4683
3339
4681
3340
4680
3341
4678
3343
4677
3344
4675
3345
4674
3347
4673
3350
4671
3353
4670
3355
4668
3356
4667
3357
4666
3359
4663
3360
4661
3361
4659
3362
4658
3363
4657
3364
4654
3365
4653
3366
4652
3367
4651
3368
4650
3369
4649
3370
4648
3371
4646
3373
4643
3375
4641
3376
4640
3377
4639
3379
4636
3380
4635
3381
4634
3384
4633
3387
4631
3390
4630
3391
4629
3392
4627
3395
4626
3397
4625
3398
4622
3400
4621
3401
4618
3402
4617
3403
4616
3404
4613
3407
4612
3409
4611
3410
4609
3411
4608
3413
4607
3417
4604
3418
4603
3419
4601
3420
4600
3421
4599
3423
4595
3424
4593
3425
4591
3427
4589
3429
4588
3430
4587
3432
4586
3433
4584
3435
4583
3436
4582
3439
4581
3440
4580
3442
4579
3443
4578
3445
4575
3447
4574
3448
4573
3450
4570
3452
4569
3453
4568
3454
4565
3456
4563
3457
4560
3458
4558
3460
4556
3462
4555
3464
4554
3466
4552
3467
4549
3471
4547
3472
4545
3473
4542
3474
4541
3475
4540
3476
4537
3479
4535
3480
4534
3481
4533
3482
4532
3483
4531
3484
4529
3485
4527
3487
4526
3488
4525
3489
4524
3490
4521
3492
4519
3493
4517
3498
4516
3499
4515
3500
4513
3501
4511
3503
4510
3504
4509
3505
4507
3507
4504
3509
4502
3511
4501
3512
4499
3513
4497
3514
4493
3516
4492
3517
4491
3518
4489
3521
4488
3522
4487
3525
4486
3526
4482
3527
4480
3528
4477
3529
4475
3531
4474
3534
4473
3535
4472
3538
4471
3540
4469
3541
4468
3543
4466
3546
4465
3548
4463
3549
4462
3550
4461
3551
4459
3553
4457
3557
4455
3559
4454
3560
4453
3563
4451
3565
4450
3566
4449
3567
4448
3568
4447
3570
4445
3571
4444
3573
4442
3575
4441
3576
4440
3578
4439
3580
4438
3582
4437
3583
4436
3584
4435
3587
4433
3588
4431
3589
4430
3592
4428
3593
4426
3595
4425
3596
4423
3597
4421
3598
4420
3599
4418
3600
4417
3601
4416
3602
4415
3604
4414
3605
4413
3606
4412
3607
4411
3608
4407
3610
4405
3611
4404
3613
4403
3614
4401
3616
4400
3619
4399
3620
4398
3622
4397
3623
4395
3625
4394
3627
4393
3628
4390
3629
4387
3630
4386
3631
4384
3633
4383
3634
4382
3635
4381
3637
4380
3638
4379
3639
4378
3640
4376
3641
4374
3643
4372
3644
4371
3645
4369
3646
4368
3648
4367
3649
4366
3650
4365
3651
4364
3653
4361
3656
4359
3659
4356
3661
4355
3662
4354
3663
4353
3664
4352
3666
4351
3669
4349
3671
4348
3672
4347
3674
4346
3677
4345
3679
4344
3680
4343
3682
4342
3684
4340
3686
4339
3690
4338
3692
4337
3693
4335
3695
4334
3697
4331
3698
4330
3699
4329
3700
4326
3701
4325
3702
4322
3703
4321
3704
4320
3705
4319
3706
4317
3707
4315
3708
4314
3709
4313
3710
4310
3711
4308
3713
4306
3714
4305
3715
4303
3716
4301
3718
4300
3721
4299
3724
4298
3726
4296
3729
4295
3730
4294
3732
4293
3733
4292
3735
4291
3736
4289
3738
4288
3739
4287
3740
4285
3741
4284
3742
4283
3743
4282
3745
4281
3746
4280
3747
4279
3748
4278
3749
4275
3750
4274
3751
4273
3752
4272
3754
4271
3756
4270
3757
4268
3758
4266
3759
4265
3760
4263
3764
4261
3765
4260
3767
4258
3768
4257
3770
4253
3772
4252
3774
4251
3775
4250
3778
4249
3779
4248
3780
4247
3783
4246
3784
4245
3785
4243
3786
4242
3788
4240
3790
4236
3791
4234
3793
4232
3795
4230
3796
4227
3798
4224
3800
4222
3801
4220
3802
4218
3803
4216
3804
4215
3805
4213
3806
4212
3808
4211
3809
4210
3810
4209
3811
4207
3813
4206
3814
4204
3815
4201
3816
4200
3817
4198
3819
4196
3820
4194
3821
4192
3823
4190
3824
4189
3826
4187
3827
4186
3828
4184
3830
4183
3832
4179
3833
4178
3835
4176
3836
4174
3837
4171
3839
4167
3843
4164
3845
4161
3846
4159
3847
4158
3850
4156
3852
4155
3853
4154
3855
4150
3857
4148
3858
4147
3860
4146
3862
4145
3863
4144
3864
4143
3866
4142
3867
4140
3868
4138
3869
4137
3870
4134
3871
4133
3873
4130
3876
4129
3878
4128
3879
4127
3880
4124
3881
4122
3883
4121
3886
4118
3888
4117
3889
4116
3890
4115
3892
4114
3895
4113
3897
4112
3898
4111
3899
4109
3900
4108
3902
4107
3905
4106
3907
4103
3910
4101
3912
4099
3913
4097
3914
4095
3915
4094
3917
4093
3918
4091
3919
4090
3923
4088
3924
4086
3927
4085
3929
4084
3930
4082
3932
4080
3935
4079
3937
4078
3939
4077
3942
4075
3945
4074
3946
4073
3948
4071
3949
4069
3951
4068
3953
4066
3954
4065
3955
4062
3957
4061
3958
4058
3959
4056
3961
4054
3962
4053
3964
4052
3965
4050
3968
4048
3969
4046
3970
4044
3973
4043
3974
4042
3976
4041
3978
4040
3979
4038
3980
4037
3981
4036
3983
4033
3984
4032
3986
4030
3987
4029
3989
4025
3991
4024
3993
4023
3994
4019
3995
4018
3997
4015
3998
4014
3999
4012
4001
4010
4002
4009
4003
4008
4004
4007
4005
4006
2222
4585
5231
4478
4011
364
2041
5825
7485
1040
498
7119
394
1454
4892
4327
5274
6890
5817
7259
6388
4083
6691
7627
2070
3295
7454
5293
4729
2994
3972
2355
3545
6112
6396
4637
6871
2888
7226
3349
7632
5396
5084
5641
5170
4528
4026
7552
2645
2128
3386
550
3564
6563
7338
3642
2974
1355
6960
5599
5321
6576
1795
6133
2245
5556
4070
4590
3510
6624
4596
6881
7326
6497
755
5190
1853
6812
1463
4219
859
3773
3406
3385
7875
6762
1213
1479
6853
7097
366
7314
4550
5227
5147
6806
5988
7830
6949
1365
6735
3552
205
4696
7365
6309
5162
7307
3728
5294
7531
1336
1419
6075
5512
6343
1765
2292
7165
4881
7455
2728
3720
3125
1513
1359
6587
115
573
5287
2643
892
6436
1350
7684
653
3673
1682
5856
5155
1404
1841
7440
181
1590
1925
3497
2809
1818
7030
5414
7765
7993
871
2425
405
863
5549
829
2691
1379
2325
3003
5785
4402
7892
7309
1329
4860
2310
7788
4168
5724
68
1919
5126
5071
7596
7855
4057
5811
4323
821
6057
4991
6410
1564
5222
826
4655
415
5874
1439
4676
5666
7769
341
611
2970
5679
4373
1561
7373
996
1240
530
1861
7324
5291
221
4498
867
1909
2066
6926
4151
3681
1462
6466
535
3183
3122
7508
2557
5875
6646
6364
1631
6897
6774
7351
6258
5601
1135
1415
2488
6738
4597
3334
3372
4388
3283
6462
589
4893
5188
2176
1665
1827
356
7583
5945
5062
3524
2173
1553
7611
7883
1558
4297
5905
5926
353
7612
4269
4059
6820
4225
7393
6961
662
3012
2469
1207
5379
820
4104
3198
5128
3200
763
3982
465
3960
3085
3061
432
1195
7316
6087
3689
4895
5751
5672
5974
2905
7984
1451
7688
4332
7723
5124
6572
4341
2137
2981
4760
803
7950
1192
2305
5980
5967
3188
5373
514
5418
2652
6460
3647
1597
4302
6273
1437
6677
4878
2863
5798
1718
6644
4199
4328
3849
324
5879
6755
941
3769
1840
2468
3696
608
6534
1778
241
2688
82
7152
5968
1586
940
2830
6492
3333
6764
3315
3842
3618
1494
727
326
3882
6907
2237
7896
284
4824
3901
1012
4736
1988
1134
6407
1259
802
5594
3047
7600
2487
4903
1965
286
6615
5218
7279
5663
811
7994
6478
1348
6348
4162
2447
2300
3688
3172
7538
7156
7948
4264
7563
6017
724
723
3856
4276
1643
5956
7403
631
6674
7791
7330
6685
1126
4259
5144
6156
4795
816
7623
647
2797
7636
4711
6021
3416
6782
6828
158
6686
7109
6854
677
1992
965
3033
7290
7200
2503
3755
7944
382
3118
3909
4429
4664
2267
1837
2569
3015
3394
4446
7486
2955
1081
2249
7054
5334
5732
2803
3591
4830
4231
7363
916
6117
11
7336
5412
424
1710
7063
5604
5345
2613
2334
5057
2988
5872
6885
697
4610
5456
1074
4125
7619
3470
2892
2076
4202
3270
6553
3967
1019
5322
672
815
7286
4868
2826
492
2179
2167
64
6913
2480
4908
907
94
38
3904
2501
5578
32
5725
4672
6769
2150
2116
5892
5586
1958
4214
3777
244
1484
6185
5626
7084
1094
2965
5053
146
5247
1493
1505
7209
6956
7456
1847
4688
4188
2181
2609
5563
7341
3396
3834
2608
213
2655
754
6328
3891
6501
1401
2332
738
2104
5267
5582
4185
838
5457
177
5903
124
2844
2550
1422
3150
3776
2704
1170
6943
7101
489
3586
5767
3114
3687
3147
227
6085
349
4548
3934
2140
9
4135
6507
849
840
2748
6241
5505
7124
4290
2714
6518
7804
1291
5438
7317
3609
1777
4360
7939
7525
6888
6089
7808
3558
6698
4034
6255
3212
7899
2421
4494
5150
4408
6935
4389
2952
3067
889
7488
7690
540
6707
1215
3753
7374
4452
5269
1148
6985
5883
5357
6855
7928
7824
866
5253
6639
1662
2624
4045
5680
1111
938
6846
1891
1137
3273
994
5260
6732
545
6010
2101
2002
4713
3926
4131
3825
6609
2028
6352
4500
1280
6702
3562
6975
7920
4316
5244
7836
7238
5592
5918
3461
1645
3763
2216
759
194
2986
2273
2763
2056
2612
165
4205
694
5805
6596
2252
2779
257
1270
7794
99
7356
717
7951
1205
7639
5079
3612
5659
3358
5433
1563
658
701
7201
5650
7147
2580
6211
1755
2867
3272
3215
1107
2206
254
7737
439
4479
6140
3636
3217
1178
3762
6172
7002
7202
1918
6170
6630
5029
1684
7656
6895
777
3066
4495
6989
2787
5668
2398
7319
1821
4055
1403
2407
7573
2843
3428
3405
6300
3766
706
4456
2561
1490
5707
5635
5908
3408
4852
5092
2047
6633
6972
7856
7438
2492
17
3303
149
3451
4638
7925
5427
359
3520
5459
61
7542
7692
1487
6275
6682
730
6152
4172
5245
807
3496
581
4623
4126
54
1238
7780
7782
5471
5523
1065
7750
652
7620
6549
2018
370
3279
1786
2678
7932
3574
3075
3202
4782
955
7153
5105
1262
7509
6109
2054
1036
3533
1907
7715
378
3782
1934
7958
7418
900
3455
568
4193
3246
5236
246
7470
1268
1114
477
6219
5117
5346
3841
6909
6282
6000
4614
2654
6243
4662
7371
5453
7540
2670
6147
2135
5545
1051
2595
5674
4357
4721
6238
6199
4592
1944
2178
5517
2599
2791
420
5323
6339
6136
5332
5981
2444
2700
7763
6577
3157
7832
2146
7295
1923
2586
4566
2668
2441
4136
5681
2164
4787
2033
2371
4049
7809
7441
3971
1758
2126
5184
7239
4571
7913
5971
734
7678
1626
2072
7515
7271
1064
4072
4020
4698
891
909
1427
7566
2100
1072
472
3719
2307
2591
5698
1473
553
5484
5288
2346
4470
594
4522
1290
4409
851
7134
6443
6708
5469
5421
6368
5044
3136
7694
1133
1658
1738
1021
5013
2188
3676
239
2235
3383
6936
332
4523
4762
355
6582
6259
4972
6292
4505
3181
1630
2920
5529
1508
4719
2686
218
6369
2712
5786
5064
259
5191
2910
3018
806
5367
3243
5038
1386
1144
4087
6990
3465
7634
7253
1080
469
2358
5768
1652
7747
6958
7081
6847
2244
1548
3988
2375
4318
4802
2486
5229
4725
7674
3887
4132
6295
1803
102
7420
1937
1098
7367
5819
5130
5435
4309
1875
3975
4857
870
3399
1606
3194
7421
979
4233
1289
203
1371
4119
7536
3896
5564
7516
444
1839
7056
2119
3537
936
3478
7745
4152
2500
2542
5182
1776
3352
6326
7522
5656
6843
5773
2454
7312
3652
5410
35
2065
2193
4945
3155
7625
1230
959
7184
7222
969
2739
91
4605
5017
6389
6672
2516
1940
7385
4825
1814
7770
2478
4096
7979
5495
1915
4039
414
1173
211
4734
7011
2134
7505
3378
993
1004
171
7474
3228
117
4546
7890
3317
263
2190
1237
1396
1431
7906
3569
746
6249
4858
2856
2357
3797
783
7999
5493
1889
865
3422
3209
2437
6233
4047
7965
6986
1516
5388
2710
2374
7664
5398
2266
3477
53
1077
1001
5248
1859
1400
1895
1704
7494
1085
762
3761
6383
4530
4632
4153
4169
989
6655
2514
323
7117
5376
4669
3146
1264
988
4843
2360
4027
1476
6675
946
1284
4561
4628
2008
7644
5358
7234
6011
1191
4490
2172
2650
4157
3035
3495
2799
5815
5867
3734
6597
1629
5747
7111
4520
7962
5349
1628
6726
5552
4160
4619
2465
6722
1018
7773
5639
5377
7759
3494
5035
4778
3382
5157
6225
4819
6564
4743
6499
1376
6447
671
6813
6081
3807
2825
6594
1507
1277
1740
2675
4998
377
2088
361
6767
6977
1928
6126
3547
6423
1638
1256
6064
7743
2924
3655
7527
2283
786
5823
7446
441
1872
3017
6077
413
2838
3675
7637
2640
6413
7272
2171
3536
2040
3233
2574
4458
2538
7851
1504
3585
1429
4921
3262
5055
950
5237
3737
5224
2205
6798
1043
5642
1211
5922
6488
770
3441
3539
4175
5965
5075
3678
315
6072
7606
1613
2099
1641
3542
4576
6068
504
3438
7026
7601
5739
6379
617
7357
5475
1826
6293
2746
6360
6049
2112
5539
4855
1481
4979
1180
924
5500
5242
5308
3336
6923
2635
954
3179
7548
7726
4809
1367
5095
4221
1424
964
7792
7739
2941
5406
4915
544
5315
6834
1090
6987
4999
71
5472
2017
958
7580
1139
385
1807
5840
586
3668
7786
2439
7987
2765
1314
1882
6361
7287
4503
6040
5207
3829
5530
6025
1389
3321
3166
6493
1407
4848
1110
1732
576
7594
6835
1435
4906
393
688
2032
3789
7995
4577
7061
335
7670
7375
5561
6099
650
7210
2875
1995
2786
3154
4694
4923
1596
4716
888
7179
6803
3248
1834
2754
4870
290
711
2170
5704
5832
2891
98
6376
3374
6810
6429
6287
7172
7546
559
2227
400
2396
5614
5998
1096
1151
3101
3506
3329
6800
6918
3911
6662
5622
6424
7130
111
972
3309
374
6743
3840
6179
967
2027
1574
6795
6700
7303
7771
1392
7416
6837
5868
184
1865
5770
139
660
6189
693
5350
6523
7434
2006
2785
4910
6830
6315
7833
3875
2473
1324
283
1426
2477
3844
7641
5954
5960
7480
2666
196
7386
1951
5675
7043
1253
5281
14
3624
2459
4076
7348
2835
934
4882
2639
3603
6962
7090
3026
34
6403
887
3654
7517
5277
3133
2154
7262
7269
5486
6479
6384
3065
6336
7985
2131
6474
5479
4861
2744
3071
7549
3444
4538
7478
6137
4982
131
5142
2697
5042
7871
5610
4092
5533
2353
6804
2773
2318
6162
6301
3041
6426
961
2565
4567
1197
7840
7361
5936
3219
7204
2732
5082
6568
3389
4120
1974
714
7936
5644
4788
7550
4598
304
6857
4514
3446
1333
6914
5023
7404
1852
7027
1898
4311
5401
208
7564
3838
6110
3594
3822
4324
1279
7291
328
5762
3077
2553
1182
6642
134
3544
5708
1321
2842
6029
4774
885
874
773
6651
5536
2000
5297
4953
411
2771
1603
6634
2929
3723
6355
343
6550
7918
7523
2996
2938
1375
1870
2336
495
1045
6105
667
7867
1836
3908
7666
1960
3865
7495
3332
5771
5717
2795
1801
3933
7088
51
180
603
2886
5820
7735
655
7952
2130
5436
4180
6882
899
4896
915
3944
4665
2351
649
3426
7685
5316
7162
2805
1313
1569
5464
6212
2068
2547
3523
6418
1550
398
5606
1931
2039
5637
1156
4543
2594
2916
1752
7189
2264
6481
6
2589
2467
7333
7695
2462
2725
7720
3874
269
1522
3577
4890
2954
6502
4836
3098
7082
923
4481
7298
175
1712
4391
183
4722
3278
5026
5992
1056
5442
4181
7858
7648
7533
5829
646
971
2680
7046
7449
1497
7387
6121
6226
6103
4564
5
4606
4051
5887
2573
6181
3191
6202
1000
7382
7431
3667
633
3916
2776
926
4123
5627
6604
6093
1979
2720
6929
4110
2153
5565
1612
5040
6815
6779
3722
1132
607
3502
4100
114
6901
6628
2323
5090
5407
3298
4964
1342
7426
5632
1669
174
1286
6183
5927
7827
7897
800
1345
6051
6391
4307
358
167
6163
5683
2937
1534
5443
6973
5628
7091
1362
2456
2108
1878
5205
4195
223
4562
7989
7942
896
6574
3744
312
5110
4013
3286
3116
2152
5220
7713
4803
3877
5324
5752
4647
4644
4312
1537
7784
7104
1500
5139
7805
2585
1298
5943
2321
2314
5931
3021
7260
1312
4551
2430
743
3106
7086
3314
4483
3050
5916
1246
2658
7609
2256
7701
2142
2258
5429
5451
6045
1675
5877
3186
1300
3060
2204
1780
1288
7974
5317
487
2304
2107
3665
7628
1817
1571
4434
457
732
920
6283
6758
6405
5721
4460
173
6265
6252
6694
5371
6542
3290
43
1723
3088
3632
6445
5727
2219
3727
6883
337
3348
2762
1175
621
3459
154
6329
4149
5865
1775
4362
6739
2694
5303
5629
4797
3354
3922
3351
709
5368
5736
6416
6284
4375
7390
7901
7197
2750
7160
5265
1441
6941
1722
3168
2295
6174
2829
5758
3812
4512
6472
3848
4660
3232
7207
4572
1273
3556
6046
6371
4396
2159
4197
1921
1893
3950
4988
943
571
6433
7368
2115
7284
1547
2616
1023
6680
1714
3449
4966
1296
1163
7559
5278
2251
7444
1913
5240
1370
3936
6154
3615
6289
5093
1089
6332
3185
2544
3225
6588
6868
3059
7466
2598
2735
2348
317
2208
657
7940
2919
7163
1599
7717
3131
3781
1512
1261
2096
6715
5122
522
3393
5077
6981
5508
2111
2118
5951
4254
1029
2464
6606
4827
1039
5462
7706
3281
1352
1706
2240
4864
3717
6035
4739
5957
2813
5993
1492
3906
3626
3091
7414
7724
6165
5172
2110
6932
5425
6193
7071
3572
4427
6792
5976
7955
7971
3658
4363
1034
6483
6546
120
6438
3239
1038
3992
782
7997
2869
3903
6144
2738
1014
6648
7945
6656
5197
629
6476
7078
7591
84
1003
4798
4737
1478
4165
347
7427
1055
2185
4358
5098
7872
6070
952
7277
4467
4940
3292
3196
6073
2874
7652
6450
1585
7909
3415
2420
2482
4912
1846
7242
1634
6784
3555
3794
641
7797
877
2784
5913
2722
3885
3657
1768
1955
7481
4226
5046
7820
1743
6712
4806
6419
4518
1657
4102
3938
1339
3469
3025
1602
4191
5742
1059
517
6052
2416
4255
564
5238
3145
1009
303
226
6511
2865
4235
5963
2899
6141
3831
4182
4620
7214
7041
4544
4464
5861
1577
6924
4443
6245
4702
566
4262
700
3275
232
2303
407
1318
4089
3463
1158
2302
6709
4173
2412
2156
1970
2783
1092
512
2026
5729
3621
7144
5615
2731
761
3554
7646
7229
6397
3532
4432
3294
6919
7105
5354
1048
7142
1320
1760
391
2058
1203
3326
708
4553
7703
2794
2415
4237
533
6747
282
502
5068
6122
1530
3312
7671
4000
2536
4060
1521
2568
3437
5587
7379
3931
7586
7255
5749
905
306
7049
1647
3921
267
7044
7929
4277
2834
42
5580
145
217
3952
279
7476
6612
3590
5460
57
848
1169
3515
6058
7491
986
6866
5821
5800
4484
4163
6504
3694
818
1155
4016
1998
6236
4063
5869
2743
1229
2964
7122
7227
699
5779
5132
853
758
6666
453
6197
2411
322
1757
4419
7800
670
1130
1528
351
7251
7280
1016
2505
4684
3792
3928
63
683
1617
6385
5393
3787
627
613
7496
2183
1736
6322
5506
5983
1863
4815
1520
6993
6741
7696
7353
6902
6431
7137
7190
6004
1358
3178
615
1310
5431
2312
7388
3941
2197
37
3342
6569
4098
7345
4267
3057
7236
2051
3222
3712
1982
1489
978
3268
4800
363
2820
7914
3818
1843
4705
3320
3044
2291
1751
3491
1007
4706
4828
4286
1962
6150
7560
6215
7428
3731
5714
3388
1394
2050
624
7802
2878
5589
4992
6513
1162
3617
855
302
4615
2210
844
6947
1475
6229
7598
5851
6357
5088
4228
7170
3561
3691
7468
4974
1693
5160
3414
1123
1568
5554
793
3963
1053
5542
4807
919
6927
4539
1541
2758
6752
6032
4139
5984
751
3670
202
7327
1681
1373
423
5894
4081
6421
7621
2345
5853
5107
5134
3996
6535
7230
2560
151
461
4021
6590
2642
2768
5777
1947
902
3431
4557
1147
1458
1227
1580
3323
7322
6090
4849
5657
6439
2299
3990
4170
409
4745
7000
5888
7304
4508
7815
6091
4035
2674
5019
1076
2961
2532
4810
7472
6816
1332
7660
225
1399
3468
4203
1519
696
79
369
4783
6311
5826
3097
1820
2031
2404
5646
4336
598
895
2555
6448
1939
5788
7916
4740
7861
3346
3143
597
7847
4256
4839
4385
7828
680
6006
7698
6547
3799
3894
216
4924
1532
27
3685
6818
3947
7843
1083
3581
187
3090
7410
143
6851
1692
6398
1806
3859
3434
3683
6892
7126
5857
984
6863
2215
7424
796
431
4223
4238
5793
1166
89
2718
1625
6832
6190
4536
638
3854
4496
4642
4244
2602
4917
5521
368
6392
4392
5282
2630
1946
133
6716
1746
1650
1583
1122
2657
4333
66
5301
6013
2287
799
2272
837
6580
7058
3884
1067
281
2391
6785
3861
193
2260
7094
7231
3486
5783
7709
4901
3100
2093
3054
4217
7966
7354
7575
2224
3925
1797
6524
5543
7216
2192
7112
6570
643
4377
5380
7451
106
7281
2263
5180
3985
831
3508
1153
2605
1388
4485
3338
6253
2760
5995
1905
4822
4166
1954
2978
6246
6578
5467
1773
6206
4950
4229
3956
2904
4424
1209
1589
4177
6695
4022
1118
2363
5854
3190
2022
2362
4476
6250
7571
835
1702
2436
6659
4031
3725
7140
7132
3530
6944
7245
404
4872
4602
1468
3893
26
3966
6937
1858
1816
5573
7113
620
1142
7584
7587
4559
2660
1250
6096
7615
4645
1417
4957
6954
7193
781
750
2778
5173
4064
911
427
2861
510
7009
1867
1823
2977
3977
998
4656
6489
3872
6556
2212
3851
5488
1391
5885
6616
2004
2037
3412
1978
447
1869
6345
5202
7220
2622
1120
776
3940
1754
7976
592
3176
7022
7346
2114
6652
5115
4304
4406
1
2877
5513
6318
2106
1556
3660
2823
785
869
5503
2381
1150
6316
1678
7052
527
913
4624
1141
5192
4105
3771
6026
6765
3082
1716
438
7095
5066
4239
7462
7463
5391
558
2383
2271
6115
6933
6626
519
3260
4028
1383
1845
6414
7520
3049
6350
884
4350
86
253
5607
7672
7014
6097
6951
5647
7853
5384
7650
6100
5690
1957
6256
675
6505
4208
3519
7249
7075
2410
7407
2840
3030
1616
6879
7667
1413
1697
7274
5575
2522
1624
5215
5712
4846
2518
7503
5225
7127
5933
3920
1930
2940
1902
4506
5306
5596
4141
6277
6728
3149
186
7247
6543
390
976
340
1730
7727
7869
4679
1100
3943
6166
2122
7775
6841
5923
4067
2086
4682
6873
7301
1283
1447
4731
2328
2175
6441
6261
4410
7834
7066
6749
2621
6221
2079
3266
3208
6066
2369
1222
5153
619
3579
4017
4749
7886
3069
252
475
5275
5949
1832
6584
3073
7592
4422
6386
4594
556
664
2091
4844
2677
5774
4370
6599
4241
5032
