5000
4
4994
7
4988
14
4984
19
4976
26
4972
31
4968
36
4960
40
4954
44
4951
48
4946
56
4943
59
4938
64
4936
65
4930
69
4924
73
4918
79
4913
84
4910
87
4907
92
4902
93
4901
100
4895
105
4891
110
4887
115
4884
116
4880
121
4874
128
4866
133
4862
138
4860
141
4854
145
4848
150
4844
154
4836
160
4830
165
4829
171
4824
173
4819
182
4816
189
4811
195
4806
203
4801
209
4796
215
4791
221
4787
224
4778
227
4774
229
4770
236
4764
240
4758
244
4754
248
4752
255
4745
259
4736
262
4726
266
4721
270
4715
275
4711
279
4707
285
4700
290
4694
294
4689
301
4684
309
4679
315
4672
320
4667
323
4658
328
4655
332
4652
337
4649
342
4643
347
4642
350
4637
355
4633
357
4628
365
4626
370
4622
378
4617
385
4610
389
4606
393
4600
396
4591
402
4585
405
4577
409
4574
413
4572
418
4566
425
4555
431
4549
436
4542
440
4537
445
4533
452
4527
458
4521
463
4515
467
4513
472
4509
480
4505
486
4501
493
4496
494
4492
501
4489
508
4480
512
4475
516
4469
520
4466
524
4461
528
4459
536
4454
543
4446
548
4444
552
4438
556
4436
560
4431
568
4427
571
4426
583
4421
587
4416
593
4412
597
4409
602
4403
606
4400
612
4394
618
4388
622
4379
627
4375
631
4372
637
4369
643
4365
648
4360
653
4358
658
4353
663
4350
668
4347
674
4342
676
4337
679
4332
684
4328
690
4326
696
4324
701
4320
710
4316
716
4311
721
4308
726
4304
729
4299
732
4291
740
4286
744
4278
751
4273
755
4268
760
4261
768
4258
775
4252
781
4251
783
4246
785
4241
790
4234
794
4230
800
4222
808
4217
811
4213
819
4208
824
4204
828
4200
836
4195
838
4193
843
4190
848
4184
855
4176
857
4171
860
4163
867
4158
876
4147
882
4142
886
4139
891
4135
899
4129
905
4120
912
4115
916
4107
920
4102
924
4099
931
4094
935
4090
939
4085
943
4080
949
4076
956
4072
961
4067
965
4058
971
4055
976
4050
980
4046
984
4041
985
4037
991
4033
997
4027
1000
4019
1010
4015
1016
4010
1021
4006
1027
4003
1031
4000
1035
3995
1038
3991
1042
3985
1052
3980
1057
3975
1061
3971
1065
3963
1070
3956
1075
3951
1082
3947
1089
3942
1096
3937
1103
3934
1106
3930
1111
3926
1115
3921
1127
3920
1131
3916
1135
3911
1142
3904
1147
3898
1152
3890
1157
3888
1166
3883
1171
3878
1173
3871
1176
3869
1182
3862
1185
3855
1189
3849
1194
3841
1197
3837
1202
3832
1210
3829
1213
3824
1219
3819
1223
3812
1230
3809
1238
3805
1240
3800
1246
3798
1254
3794
1260
3787
1263
3782
1270
3779
1276
3774
1282
3769
1288
3765
1294
3762
1299
3757
1303
3756
1307
3751
1317
3743
1321
3741
1323
3737
1326
3730
1330
3724
1334
3718
1337
3714
1344
3708
1349
3701
1351
3696
1354
3694
1362
3690
1364
3685
1366
3684
1370
3677
1380
3673
1381
3667
1384
3665
1388
3660
1394
3657
1400
3653
1405
3647
1409
3642
1413
3636
1419
3634
1423
3629
1426
3624
1429
3618
1433
3611
1438
3606
1442
3603
1449
3596
1451
3590
1454
3582
1459
3579
1464
3574
1470
3567
1478
3562
1485
3560
1487
3557
1492
3550
1493
3545
1496
3541
1502
3534
1503
3529
1509
3525
1513
3521
1516
3514
1523
3509
1525
3501
1528
3497
1531
3492
1536
3491
1541
3486
1543
3477
1546
3470
1552
3465
1557
3460
1561
3454
1565
3450
1568
3446
1572
3440
1574
3433
1576
3426
1578
3423
1582
3421
1587
3414
1590
3412
1597
3406
1602
3399
1604
3396
1609
3388
1612
3383
1618
3378
1623
3374
1631
3367
1635
3359
1641
3356
1643
3350
1645
3347
1650
3340
1656
3335
1663
3327
1664
3324
1670
3321
1677
3314
1683
3308
1690
3298
1693
3294
1698
3286
1702
3278
1709
3275
1717
3268
1724
3266
1726
3260
1733
3253
1740
3250
1744
3244
1750
3234
1755
3230
1760
3225
1763
3219
1765
3213
1769
3206
1774
3200
1780
3195
1782
3188
1787
3185
1791
3181
1795
3178
1800
3174
1806
3167
1810
3164
1814
3158
1818
3154
1826
3148
1830
3141
1837
3135
1842
3131
1845
3125
1850
3118
1855
3113
1857
3110
1862
3105
1867
3102
1872
3098
1876
3093
1884
3088
1887
3086
1892
3079
1895
3072
1900
3065
1905
3060
1914
3054
1922
3049
1927
3041
1938
3035
1943
3030
1951
3025
1955
3019
1959
3015
1964
3011
1966
3005
1969
3001
1972
2999
1974
2996
1978
2991
1986
2987
1991
2985
1994
2980
2000
2975
2003
2968
2009
2961
2013
2954
2018
2952
2023
2947
2032
2945
2037
2941
2044
2937
2052
2933
2056
2926
2061
2917
2066
2912
2074
2906
2080
2902
2086
2898
2097
2895
2100
2891
2105
2880
2112
2879
2118
2875
2127
2868
2134
2859
2140
2856
2144
2851
2150
2848
2154
2843
2158
2839
2161
2830
2167
2829
2169
2826
2176
2821
2180
2815
2186
2811
2191
2805
2201
2802
2211
2795
2217
2789
2224
2783
2232
2779
2241
2777
2244
2773
2248
2770
2253
2765
2258
2760
2262
2758
2270
2756
2277
2753
2287
2746
2294
2744
2299
2738
2303
2729
2309
2723
2314
2721
2320
2716
2323
2710
2328
2705
2335
2704
2339
2700
2344
2696
2347
2691
2352
2685
2358
2683
2362
2679
2368
2673
2373
2662
2378
2656
2381
2651
2386
2646
2389
2643
2394
2634
2400
2629
2405
2626
2411
2622
2414
2615
2419
2610
2424
2601
2427
2592
2435
2587
2439
2583
2443
2581
2445
2575
2450
2568
2456
2561
2460
2557
2466
2551
2469
2541
2476
2536
2480
2531
2486
2526
2488
2523
2492
2512
2499
2506
2503
4121
715
1662
1875
507
2216
3207
208
300
4516
898
2298
1913
2073
3136
3036
2210
938
4439
4140
3400
4218
1170
261
1601
3674
4185
1805
4247
1501
260
859
4011
3842
3451
2745
2918
4191
4995
2319
4973
1412
2680
1141
1567
2717
4855
2404
4759
523
2149
1387
4690
1596
2927
4007
1926
1697
1999
1937
3917
1329
4506
4395
3006
1762
2498
3952
1218
3643
592
1921
1287
4059
2418
4122
923
2403
2085
3510
120
91
3843
3478
2175
1790
799
1448
930
194
1866
1825
2806
720
2686
1571
424
4047
4775
3856
1894
314
2215
170
1586
3992
3375
104
1630
2502
2190
451
25
4746
2343
1566
4091
3119
4287
2017
4432
2434
4644
3702
313
2185
83
1088
4338
1015
2079
4422
188
4219
1418
3031
683
4556
1051
3986
3678
4354
2635
1904
4557
3137
1095
364
408
4253
2761
1708
4292
377
1134
4914
3996
2455
2174
4659
1883
2454
3106
2774
207
3619
4048
4164
1759
3744
299
247
3763
312
4130
4837
2357
2099
4305
2663
798
3922
1768
2674
4490
1844
4300
2184
4329
479
4863
4086
3336
3384
3360
904
2602
3697
4004
2438
1535
99
1500
1245
206
1102
2487
3471
35
2036
2780
1477
2240
903
1920
2969
3261
3987
2919
3186
2504
1495
1009
2790
2623
4317
1306
1958
3295
2611
1034
3026
1469
2524
1575
3891
4103
4558
4867
4660
750
2410
3309
807
542
2417
4755
1353
1749
2183
2762
3328
3988
2200
2701
3668
2542
1229
1379
4148
1228
4051
239
2988
220
164
3810
3515
4623
127
450
3434
2840
1854
3806
1081
444
810
4068
308
621
3953
4262
4201
942
4467
319
4202
4433
3189
4073
3351
4123
1748
3844
2111
4404
4108
4661
4820
2955
2327
3850
4849
1629
1985
3235
1689
2697
4507
4293
3138
725
2812
2513
4788
2479
2269
1716
3597
238
3190
4607
4645
4124
3073
289
999
4760
2612
2402
2657
1856
4186
1126
376
673
3648
3698
2117
3452
4343
1298
3927
4481
4077
3107
3788
4016
2449
1378
1297
2784
3591
1739
2209
4977
3583
1209
695
4875
4881
369
3598
2084
3074
4038
2104
3329
1669
3612
1050
3245
392
2043
897
2664
4109
4462
3957
3699
4087
4937
3851
4294
4052
1484
1333
1008
911
3625
535
4476
1993
2475
739
3738
4747
1849
4680
724
3236
1094
919
2293
3415
1476
1208
3279
2051
1977
2627
1432
2616
1253
979
2807
4925
3114
3981
1033
3766
2377
709
3080
2989
2133
404
3820
506
4969
1014
4081
2380
3466
478
2658
4508
1950
2593
2552
4231
2981
2297
3208
3055
2617
2892
4592
1899
3132
3948
2831
3007
3502
2766
4116
202
3872
738
4463
3620
78
1617
4629
1903
485
1512
2899
2562
477
2008
1325
1114
2208
1522
2553
806
1140
47
3719
4691
3993
4611
3231
1244
1393
4060
2514
4301
4214
534
1723
368
1101
4955
2356
910
214
4765
4685
226
1747
298
2173
896
2426
4756
2881
1201
1020
457
2474
1622
3220
4559
4149
1848
2785
388
866
2841
3592
1813
4417
4242
4333
3845
1181
3262
3089
1521
246
636
2473
2207
1437
3090
3530
2644
4100
902
4348
4845
1847
1836
2687
4223
4447
1707
103
4956
3825
3037
2652
4567
4802
2157
2065
2072
3455
119
4248
4150
4722
4528
3352
1125
3863
582
2692
3310
1508
3221
395
3416
2239
901
2675
1007
3020
4716
865
2132
4177
2832
2515
3000
2031
4952
2110
311
1146
4896
387
63
1316
1882
4254
62
890
1891
1019
4748
4136
2532
471
4723
3389
1207
3923
4361
3658
3935
4761
1738
1475
449
1990
1030
153
2448
1963
4593
2833
789
689
1399
2318
672
4482
3892
1139
3637
889
2569
3165
4803
2286
3864
990
3456
3179
2393
1383
4249
163
3833
3341
3997
2739
3758
2276
4903
4302
4695
3214
708
3686
4151
1315
484
1458
476
723
617
4701
1447
2767
1336
4817
2016
407
483
4522
4362
1902
835
586
2786
4259
1886
149
4673
3
1281
4370
3531
3884
1835
1446
2844
4534
1133
1006
1377
2268
4205
1222
3348
1196
169
2724
3187
970
4206
1898
3846
854
4418
4961
4749
3120
3789
1156
77
3795
2962
3155
1942
3196
2563
2718
3103
386
1515
181
3928
3401
3503
2588
39
2822
1595
4028
3061
3504
3209
731
346
114
1715
3568
2860
6
3361
4926
1758
793
3522
1408
2558
2997
4762
4543
3376
964
4493
4957
3232
4274
2740
3197
2882
834
3630
3472
2468
2907
354
4646
90
3142
4235
1976
4996
341
3337
4712
4012
500
2659
466
2083
2096
780
4396
2516
293
1138
1343
616
1417
3362
4389
4601
1890
4674
581
1041
2719
2698
3038
3964
929
4618
515
1314
1628
2326
2148
2920
928
1369
2199
2741
2660
109
2725
998
349
2385
1649
864
4380
779
4737
1113
567
707
767
4224
3385
3838
1328
137
657
3342
2116
642
24
3379
635
4944
2007
2147
1936
3467
766
4095
4295
580
2507
3056
2594
3368
2948
4110
3251
331
3299
3390
927
3066
4529
1032
30
1165
1600
55
601
3325
4523
1124
2823
1013
2970
3254
1431
3873
4279
3613
4275
345
1252
417
937
2570
2302
2223
678
1843
566
3599
4029
1824
3575
3094
2554
2883
3857
688
3649
284
4627
4838
4082
1682
2630
989
706
4792
2676
837
3269
2433
1164
126
3551
1049
1416
1275
3427
2453
274
3700
4143
749
4178
89
2505
2537
1110
1676
4497
652
4931
3191
2497
4789
3050
269
3002
3095
2238
1445
969
1483
1320
3745
1259
555
2285
2182
1200
626
1206
2361
4568
2179
694
2178
541
1457
4236
2367
4215
2730
700
2913
132
1968
4020
1313
2938
4757
2559
4280
1912
3487
3661
3626
3918
1376
1998
651
82
4339
4619
2284
2631
3012
3255
1005
3447
3505
3417
3311
3108
3669
4232
1132
5
4344
1722
1004
2747
3558
4638
102
3330
4727
579
3287
1286
3473
3270
3965
2796
4381
1967
3813
4263
3182
3801
2992
748
1973
2711
412
3032
3369
3972
2030
1989
384
4269
101
4535
1540
4919
1123
4578
1675
1251
1871
3237
1368
1188
3905
2636
2029
4276
1556
1296
1193
527
3516
3428
3517
687
3966
1122
4483
98
4738
1482
383
4061
875
205
3493
2131
2206
600
4034
1302
4152
1935
3027
915
3156
570
3338
4159
1732
2060
4612
4179
1564
344
3893
4382
3662
2237
3288
3746
2603
1841
2693
2754
3938
1779
2444
1386
219
1056
1441
1428
3238
4498
1151
1962
611
2095
4448
3407
4831
4405
1494
2624
3834
3363
3008
4383
1105
955
4281
847
963
747
4702
3621
2956
3380
4096
1655
180
2971
4321
4117
1809
4180
1250
3552
526
3894
1520
435
2376
3943
4575
3593
3569
1486
4812
3435
2976
3175
615
4696
2198
3498
4053
1519
656
511
292
1654
4530
2706
3654
533
204
853
2501
1155
1150
4255
1794
3280
1375
1934
4069
258
4517
4477
3276
243
2797
2861
1781
3976
1374
2042
1511
4264
934
895
551
4021
737
1870
3874
1594
1274
1925
2813
4397
2055
4908
3143
4470
3256
2757
983
4766
4312
4196
2126
4888
1911
4945
4510
3402
3144
2543
3296
4544
1834
3062
3263
4763
2041
1217
4334
662
2637
3847
4434
3226
4384
3638
610
3691
1799
2078
1018
3752
647
353
1087
2465
3051
46
1373
3967
2399
2632
3133
1949
1560
499
3826
3339
3725
728
3687
3474
4137
4717
2398
1910
505
996
4022
3168
4779
382
719
1040
2613
2257
4203
1491
3989
4793
605
3939
4550
336
3441
609
2366
2604
4681
492
3958
608
1874
968
3099
1221
2146
578
4471
3370
667
1634
4560
4920
1415
4165
254
2571
3929
1627
2012
3315
3391
1422
4499
2071
585
4074
2094
2322
97
179
2243
2485
498
2726
3239
1764
2834
682
2862
1919
1258
3931
2914
1184
4939
3977
3271
3726
3349
3865
3523
430
4363
2166
273
3959
3448
3584
3563
3511
677
1621
159
596
4650
4030
874
2384
3814
3747
3139
4839
2731
2645
3639
2934
3353
2720
3692
1456
367
140
3075
3889
2791
1833
2160
4209
3954
4349
1060
201
3326
1216
4594
2070
4850
1901
4309
131
1551
482
2849
1507
2181
3524
118
68
168
805
3201
666
2432
3679
1941
200
3796
1342
4538
1450
1205
3594
3149
3076
804
4031
1743
4023
4502
1823
2098
148
681
522
1093
4088
1180
881
3968
235
3272
2647
1121
2538
4390
3227
4345
4056
4078
462
1918
1988
778
1301
4662
1570
4840
3316
584
1080
1984
152
1262
3742
3532
3468
3126
2798
1237
4042
577
4111
2028
3655
1599
4310
3479
620
777
4882
665
4160
3670
1767
3003
4962
2884
4846
2296
4210
2252
3169
3564
3821
2153
3442
2015
1506
1653
61
72
3783
3906
743
2707
1322
4035
3675
4054
3081
1539
3512
2372
641
2040
2054
1227
2921
2876
352
2595
2172
2139
3775
4335
2998
2957
234
1436
640
310
1280
3480
3488
1778
2778
3731
2852
3215
3955
439
1187
340
443
2928
4703
144
2972
403
3150
661
614
3866
2946
4131
1069
3607
108
4813
803
178
852
113
2863
888
4161
4001
4864
3042
54
3739
3753
1372
13
2459
3973
1257
1731
1861
225
4032
147
318
4181
3727
4237
4573
2189
2317
4807
922
1039
1674
3835
2472
3839
3121
514
43
1652
4963
1505
4997
4656
2973
978
4013
1593
4868
58
504
2484
2544
4250
1086
3289
3499
4704
3436
4406
4921
1279
3650
1175
2115
1701
1804
797
2125
3688
2533
199
2864
4225
4624
3082
4814
4197
4104
2648
4243
2775
4998
2256
448
3461
2939
34
3013
1068
2334
3671
3570
1688
2712
576
2684
1109
3264
510
1074
3895
565
3535
4238
136
3770
2638
1530
288
3720
4804
1585
1534
139
1312
4325
4728
4586
1714
3057
112
1169
914
1881
699
2442
3228
4739
1933
1361
4978
3767
3021
4355
2517
2982
880
1067
2958
3159
3728
1713
639
187
2011
4832
2808
1348
3418
2605
283
401
2496
646
2869
1786
3815
3536
3437
1773
2525
3780
2618
4198
3790
213
4373
2006
4125
158
846
2576
3457
995
1626
575
177
4194
491
3879
960
1681
2835
3537
3526
941
67
2222
519
4595
1608
4531
3960
3453
4083
4524
2564
4057
4909
3875
1620
4663
765
2197
1256
1853
3246
2082
2908
1555
3408
3631
3052
1742
2527
381
1680
2722
42
1048
2379
1592
994
3009
4075
3732
4639
1398
400
1192
2491
2478
4974
4596
4132
1154
1243
3907
4385
1352
2614
4166
3656
2896
4892
3600
3160
3797
988
833
2383
490
475
4904
3247
1305
1269
2035
613
434
125
2205
1341
4989
3192
3240
2639
1236
38
3858
909
4327
2665
3978
2050
3764
4049
754
2963
1679
718
2977
1545
3424
1226
2666
2221
809
2768
2483
4964
3039
959
845
429
1168
954
1026
2342
1840
2619
4915
1407
4002
3317
832
1712
3663
3576
698
3322
4771
4753
3386
330
4167
3553
1100
1668
3381
4330
4270
2897
3542
3392
3885
1199
1777
2845
465
1047
1130
4979
162
873
2267
1268
2827
3170
2397
2247
962
2699
4331
4449
3281
4532
2667
3622
3161
3580
3709
4940
717
4484
1444
1092
3614
2333
2490
3166
57
4664
4724
2130
1611
1667
4187
842
967
4105
2246
363
4039
3886
3554
2809
4282
1865
2959
3680
3022
1880
3559
1055
2138
3867
4545
1285
1003
2416
1468
4391
3859
4536
3180
4413
660
2409
4602
53
1812
4856
4118
1616
3781
4313
4825
3748
2332
2528
4244
3527
2283
3462
831
1499
406
1319
4062
574
2776
4296
1700
547
2846
461
1924
2763
921
1425
456
3651
1108
2755
3710
1335
872
509
4780
4539
3585
2915
96
3449
1037
1893
2196
1073
1145
2124
879
1191
3443
4985
2165
2413
4729
4647
3233
2137
4869
830
851
871
3912
1463
2870
4740
3140
1666
948
1474
1971
1404
2022
4833
1741
4366
3176
4226
3830
1992
1327
4808
1079
2681
3644
850
4587
2152
3067
3343
1625
764
1104
1651
4153
2935
2
827
2584
2325
1367
2900
3913
1360
1300
774
2585
894
1255
455
253
193
4826
4340
3848
2316
3058
2360
29
3043
307
4569
4089
2464
257
4435
1293
564
2231
2942
1149
2922
4216
1195
3318
3860
2331
2049
1897
218
4705
81
2596
2792
2313
3961
2781
1673
525
1148
4990
975
650
3357
4101
1527
433
242
1481
3802
2628
4182
4975
3721
1997
3463
3880
4008
1017
1538
4827
2865
569
693
23
2949
599
4953
117
3222
4682
3768
1829
2534
4750
1427
2477
893
1852
4927
2978
186
2929
1932
3257
796
3908
4154
826
1725
4423
2764
2048
885
60
4478
630
2885
1072
52
4576
3979
3354
2064
958
4876
4211
1174
2572
3571
2771
391
3241
3506
4518
4546
1839
1869
4781
1514
4207
176
4450
4410
3458
2355
4870
714
1273
4451
4692
4511
3297
1215
870
908
1099
3023
2871
3604
4277
3940
3202
1295
2204
3111
2769
66
4306
4809
1615
3811
2164
4805
1633
2301
3740
4503
4283
362
4782
634
2423
802
546
2620
1917
1550
2275
3645
933
1909
198
1730
554
655
1772
818
4751
1554
4588
625
1225
4991
4063
256
1518
2495
1729
2351
3676
3053
4445
432
172
1120
4841
3323
1235
2027
2188
1879
1292
4155
3494
1603
3711
645
4634
4725
1692
736
1517
3282
1234
4857
2940
4119
2034
4144
217
2143
1198
233
223
2447
2114
2886
3283
1119
1403
823
4318
497
2668
2597
2810
3722
2836
2425
416
1490
3784
2909
788
4322
1737
474
3010
2782
2936
822
3162
1822
2214
2220
2452
1359
4668
2365
1776
2649
1821
1510
4319
3229
1424
3962
1414
1889
2093
4911
278
759
1054
1563
1661
252
161
4162
4172
4706
4561
2069
447
3198
3258
900
4401
88
3044
4865
3059
1648
1533
4265
306
4468
3122
2471
3791
1347
1721
4455
4260
4828
3087
727
2371
3861
4776
3444
2261
2545
773
124
3601
2694
3944
2816
3803
675
1591
4192
858
3729
4579
3816
343
1828
1559
2640
3909
3300
1789
4479
2312
2171
3319
12
907
2203
2669
3733
4608
3608
1931
1002
1340
4376
550
394
2330
2103
4834
3259
4686
216
503
2059
1640
2219
2002
4547
282
107
1066
2993
1647
2598
1766
2282
841
829
335
4580
1577
1948
742
4797
4141
3265
3546
1025
1923
3896
2245
863
1183
3216
470
1720
2195
4133
3924
4407
1639
2708
2113
3112
3533
2546
1204
4424
4485
2547
3045
1532
1059
2092
4741
297
3123
2943
2653
4106
4112
2242
4562
4419
1706
4494
2375
4889
3734
375
2047
3759
2177
817
3344
2281
1311
987
3735
2346
4420
624
3438
1385
856
787
3899
28
3355
2877
1267
1820
106
4303
2518
2077
4980
1382
4017
671
784
3949
4126
2266
2519
2713
3171
4877
4858
3217
982
713
2887
3157
1462
4883
2163
953
1332
76
2230
4452
268
2213
1179
4138
1584
442
3547
4472
2091
3301
4064
2893
1473
2888
2431
374
2345
212
2742
2123
1614
1331
1728
3115
192
1542
1757
3771
71
1284
1118
2979
1947
1908
191
1549
3900
3681
4897
4772
1163
4495
4794
4440
305
4965
918
3364
2964
4815
3586
2508
1581
2582
772
849
4374
1548
3403
3703
438
2539
4341
3760
1573
3587
2308
1756
2364
2482
228
1553
1860
3409
2837
3387
3040
3459
3145
1930
143
3749
3588
2354
2889
1687
423
545
3609
2910
1392
322
2311
3495
659
4043
1467
1397
151
4675
4635
4220
2401
940
415
1310
4392
2872
4742
446
3682
130
373
2441
705
2930
2058
4346
4473
4168
222
532
704
692
1696
11
1695
563
3127
2274
3445
4636
3518
3969
1878
2803
1711
3331
2463
287
3919
2625
4563
3068
4981
3128
3538
2292
277
2965
4970
3439
730
3589
3627
2076
2743
3640
4314
1896
4821
2392
1443
4564
1489
3358
2960
3273
2548
3345
3901
3565
2983
3203
1705
361
2804
3223
540
3881
2388
539
4173
1212
598
993
2251
531
680
2654
1224
4428
1524
2655
2090
2732
265
3290
2824
4928
697
3932
75
559
4351
1970
2081
947
4581
2577
1660
4113
4767
372
1607
1686
4708
746
211
2670
3371
3481
251
4982
4835
4947
4948
1117
1646
2307
4227
782
1754
10
1798
157
2046
3063
2039
4798
2944
1659
712
264
2953
1411
840
1365
2494
1983
4377
4799
595
146
3925
1304
2565
4582
2727
3393
1864
1410
2509
2408
3124
321
1946
3146
80
654
4378
2748
3804
2573
1638
1957
892
3469
1704
2026
3096
3528
129
4822
3365
27
1012
111
735
250
2437
1339
296
1402
553
2063
3064
1129
722
4367
2280
2793
3429
4065
2229
3519
1859
4941
4500
249
4486
619
2430
629
3242
2671
1982
2540
2250
3302
33
3990
2102
3475
3807
1736
4589
1242
1808
489
825
2255
1162
4256
4456
816
926
1727
4336
3652
4297
594
3610
1793
86
3210
4912
3033
3628
1916
4414
2359
3024
3046
2903
2187
2057
4441
549
2451
9
771
4044
1435
422
3933
329
1746
4676
4174
1888
502
4630
4307
887
421
2470
356
3635
1358
2005
2606
1598
3704
2677
3500
4398
2520
4665
1071
2396
703
4411
3507
1606
2521
3683
3754
1745
1233
1838
3243
1472
371
2678
2890
4730
399
4525
51
2599
3822
4590
4084
741
2159
4871
428
496
3623
175
2170
1537
913
4872
753
1699
3172
2923
1785
3827
2014
1137
4024
3539
4709
3397
573
3016
1278
1085
3109
4570
530
1784
2853
4922
272
2306
974
2156
4932
2847
1001
2142
3482
4710
3776
4818
3211
3091
932
2089
241
4352
1029
4257
420
3840
3083
4315
1803
1396
481
2382
2353
3595
2088
3430
2817
304
815
591
4188
495
1526
1421
3303
1309
2446
4992
4014
3034
2291
1116
981
4669
4079
2290
3084
4810
3543
4609
4199
2021
670
156
3941
2911
3291
2931
2560
2682
4519
4221
1488
3712
2714
2493
4583
351
339
925
946
4066
1691
2033
1797
1562
4697
3713
2799
2749
2857
4625
2589
4800
1544
4620
4212
3540
2155
1232
2338
2422
869
1827
1771
623
3876
4677
884
2986
2990
2458
4851
18
3715
2641
398
986
1965
2462
2854
3410
2429
3852
197
185
3831
3508
770
2733
801
4603
2578
2702
1440
4092
3817
4323
2289
2866
1811
1046
1632
4097
454
2122
1802
4986
4025
3252
4356
3224
3425
1091
2228
3292
32
4698
3116
2734
1090
4718
4929
906
135
2300
702
2279
3853
1981
2549
590
4878
4437
862
3372
2932
3483
2395
1954
3561
2566
1249
2370
3267
4526
4245
4713
4790
2407
4359
814
4885
1248
2489
3772
4768
281
3695
2109
245
2579
3394
4949
4429
2341
1461
1907
3293
2436
786
4145
2800
2440
4040
2412
1036
134
633
3199
2873
4631
2590
414
3404
966
4983
1753
3284
4018
1945
1350
1580
3332
3333
1064
1063
1266
3723
1203
3151
3520
1801
4719
1589
839
2567
2904
3914
3902
4457
2787
763
2750
469
4175
50
3646
4156
4357
2421
3950
366
3716
2374
3693
2068
1318
1167
4233
632
2555
4169
1637
4613
1128
1136
4852
3903
2600
184
2591
3183
3304
3422
1291
1775
4371
3077
123
2874
936
427
3100
4653
3017
2329
3910
426
1504
4621
2759
1098
3305
2273
813
3659
2703
3069
1308
2850
85
1583
664
4170
2202
4288
380
1685
1053
1619
3974
2858
4584
3602
210
303
1885
3419
4898
3117
2310
792
3577
4512
521
529
3792
945
3028
3431
2315
3870
2950
3496
460
411
4551
2260
2272
3484
4743
1792
2340
37
628
4597
488
1144
1272
1161
379
1097
2878
3405
4731
22
3793
3572
711
3432
2350
1788
3411
2236
4720
2529
2121
2984
3970
4958
4640
17
3312
232
155
1710
3489
4239
4386
758
2994
3092
1078
4228
1265
2129
1466
734
3666
4430
2108
4614
4487
2661
4552
338
4999
2278
291
2227
1011
604
2715
2226
4873
3078
4699
769
459
1703
3750
3705
3548
334
2709
4229
821
2901
1186
1434
397
2235
190
1684
4093
3998
3615
1642
3373
70
1460
122
917
3004
2162
3616
1636
762
1987
1975
4732
1045
2305
952
1915
1044
2510
3555
2951
1817
4769
4271
4453
1160
2038
2107
1613
1172
3672
686
3566
4615
3632
3152
437
464
4899
2271
691
2924
3382
4005
1547
1271
4491
1277
280
1453
3799
812
4783
4134
1028
2020
4687
4784
3887
558
2337
4744
4553
2369
1283
2321
3366
1605
3193
2053
1906
419
3184
4733
2151
883
1816
1247
4987
4504
2735
951
538
3204
4598
41
4474
263
2087
878
2025
441
669
2234
1610
4890
3736
4950
3306
3761
1783
4693
2925
1480
2838
2695
468
327
2136
1529
776
410
45
4442
1290
1395
1357
1084
518
791
3982
4853
3689
2818
4045
3194
1346
2106
1858
2574
2688
4893
4648
1665
2145
4415
4036
3808
4823
2001
761
1371
2461
562
1479
4289
4009
1363
2855
4146
2336
4425
2212
4464
390
3785
589
1980
4443
4966
1062
3285
3129
2995
2141
1430
1401
2101
16
8
2550
2349
4189
1719
1944
2225
231
2265
3248
3205
1261
2304
174
3717
1694
4266
757
1752
348
3047
733
2075
1220
4688
2295
1452
4599
4847
74
1953
4933
1961
4678
4859
333
2633
1356
3664
1952
1077
3823
4540
4548
1940
1588
4923
2415
3163
3085
3130
4641
4458
4734
1455
557
4842
1718
4541
3018
2254
1
944
1929
4290
1678
4785
4127
4773
544
1190
1877
2916
1846
3836
295
4298
2019
572
2481
3877
2814
2819
3173
1058
2522
2966
4934
2751
2233
1159
3398
1939
2010
4387
2728
4402
2842
2828
4916
4514
3377
2128
2772
4554
1338
2391
3277
2530
2062
4959
4267
2500
3346
142
3777
2736
1420
183
1960
4735
1928
649
868
2194
1624
3070
4070
3153
4786
2974
326
561
3014
1956
1498
2120
3513
1863
2406
3413
267
2752
1815
4364
603
957
1406
3313
167
1873
4460
644
1558
638
4026
3633
4670
3983
3936
2621
3755
877
4777
1024
2457
3097
325
1439
4408
3706
2264
607
2788
196
2535
1658
4183
977
2193
360
2288
1672
4861
3249
2642
2967
1264
3395
1579
95
286
317
1391
4604
2607
2263
2867
4657
3071
1023
2348
1153
1158
2467
1345
2820
1832
1465
1851
2259
359
1770
1996
4886
4571
1761
3212
3984
4935
2608
3778
2689
820
3490
4098
3177
1979
3556
4368
4488
2825
1231
2690
513
3307
1831
4894
1819
49
2894
3048
4272
3786
3818
1569
2390
3420
2045
1178
1211
752
4465
302
4393
3218
2135
3464
3617
4284
1390
1497
973
237
795
2511
4905
4071
992
1289
756
2249
3274
2324
1143
3915
4900
2794
2218
3994
2580
4632
1324
3029
4565
4843
2905
3773
861
1076
3945
3581
2067
1043
4942
2192
1735
166
1644
4993
21
4605
4128
4399
487
2672
1355
3882
4616
4666
4285
1241
3544
1239
4967
2609
3854
537
358
2420
1751
1107
230
473
2586
3549
4157
3134
1995
972
3476
4520
276
4795
94
588
1214
271
1734
1671
3641
1471
453
4671
2004
2556
1868
3485
3707
316
1389
2363
4714
3104
2737
4654
1657
3320
3897
3101
2168
1083
517
1796
1177
4971
1112
4683
4917
4651
3946
2428
1807
3578
685
3334
3147
3573
4879
4240
3999
1022
2024
3605
2119
20
2650
844
4114
4906
950
745
2387
324
3868
2801
15
3828
